--------- beginning of system
02-15 16:35:03.481  1347  1347 I vold    : Vold 3.0 (the awakening) firing up
02-15 16:35:03.481  1347  1347 V vold    : Detected support for: ext4 vfat
02-15 16:35:03.492  1347  1351 D vold    : Recognized experimental block major ID 253 as virtio-blk (emulator's virtual SD card device)
02-15 16:35:03.492  1347  1351 V vold    : /system/bin/sgdisk
02-15 16:35:03.492  1347  1351 V vold    :     --android-dump
02-15 16:35:03.492  1347  1351 V vold    :     /dev/block/vold/disk:253,80
02-15 16:35:03.496  1347  1353 D vold    : e4crypt_init_user0
02-15 16:35:03.496  1347  1353 D vold    : e4crypt_prepare_user_storage for volume null, user 0, serial 0, flags 1
02-15 16:35:03.496  1347  1353 D vold    : Preparing: /data/system/users/0
02-15 16:35:03.496  1347  1353 D vold    : Preparing: /data/misc/profiles/cur/0
02-15 16:35:03.496  1347  1353 D vold    : Preparing: /data/system_de/0
02-15 16:35:03.496  1347  1353 D vold    : Preparing: /data/misc_de/0
02-15 16:35:03.497  1347  1353 D vold    : Preparing: /data/user_de/0
02-15 16:35:03.497  1347  1353 D vold    : e4crypt_unlock_user_key 0 serial=0 token_present=0
02-15 16:35:03.497  1347  1353 E vold    : Failed to chmod /data/system_ce/0: No such file or directory
02-15 16:35:03.497  1347  1353 E vold    : Failed to chmod /data/misc_ce/0: No such file or directory
02-15 16:35:03.497  1347  1353 E vold    : Failed to chmod /data/media/0: No such file or directory
02-15 16:35:03.550  1347  1351 V vold    : DISK mbr
02-15 16:35:03.550  1347  1351 V vold    : 
02-15 16:35:03.551  1347  1351 W vold    : disk:253,80 has unknown partition table; trying entire device
02-15 16:35:03.551  1347  1351 V vold    : /system/bin/blkid
02-15 16:35:03.551  1347  1351 V vold    :     -c
02-15 16:35:03.551  1347  1351 V vold    :     /dev/null
02-15 16:35:03.551  1347  1351 V vold    :     -s
02-15 16:35:03.551  1347  1351 V vold    :     TYPE
02-15 16:35:03.551  1347  1351 V vold    :     -s
02-15 16:35:03.551  1347  1351 V vold    :     UUID
02-15 16:35:03.551  1347  1351 V vold    :     -s
02-15 16:35:03.551  1347  1351 V vold    :     LABEL
02-15 16:35:03.551  1347  1351 V vold    :     /dev/block/vold/disk:253,80
02-15 16:35:03.571  1347  1351 V vold    : /dev/block/vold/disk:253,80: LABEL="SDCARD" UUID="1F15-091F" TYPE="vfat" 
02-15 16:35:03.571  1347  1351 V vold    : 
02-15 16:35:04.018  1403  1403 I android.hardware.wifi@1.0-service: Wifi Hal is booting up...
02-15 16:35:04.057  1347  1353 D VoldCryptCmdListener: cryptfs mountdefaultencrypted
02-15 16:35:04.071  1347  1420 I Cryptfs : cryptfs_check_passwd
02-15 16:35:04.072  1347  1420 D Cryptfs : crypt_ftr->fs_size = 1638400
02-15 16:35:04.072  1347  1420 I Cryptfs : Using scrypt for cryptfs KDF
02-15 16:35:04.382  1347  1420 I Cryptfs : Enabling support for allow_discards in dmcrypt.
02-15 16:35:04.442  1347  1351 D vold    : Disk at 252:0 changed
02-15 16:35:04.704  1347  1420 I Cryptfs : Password matches
02-15 16:35:04.706  1347  1420 D Cryptfs : test_mount_encrypted_fs(): Master key saved
02-15 16:35:04.707  1347  1420 D Cryptfs : Password is default - restarting filesystem
02-15 16:35:04.752  1347  1420 D Cryptfs : unmounting /data succeeded
02-15 16:35:04.754  1347  1420 I vold    : [libfs_mgr]superblock s_max_mnt_count:65535,/dev/block/dm-0
02-15 16:35:04.754  1347  1420 I vold    : [libfs_mgr]Filesystem on /dev/block/dm-0 was not cleanly shutdown; state flags: 0x1, incompat feature flags: 0x46
02-15 16:35:04.930  1347  1420 I vold    : [libfs_mgr]check_fs(): mount(/dev/block/dm-0,/data,ext4)=0: Success
02-15 16:35:04.984  1347  1420 I vold    : [libfs_mgr]check_fs(): unmount(/data) succeeded
02-15 16:35:04.984  1347  1420 I vold    : [libfs_mgr]Running /system/bin/e2fsck on /dev/block/dm-0
02-15 16:35:05.438  1347  1420 I vold    : [libfs_mgr]__mount(source=/dev/block/dm-0,target=/data,type=ext4)=0: Success
02-15 16:35:05.441  1347  1420 D Cryptfs : Just triggered post_fs_data
02-15 16:35:05.508  1347  1353 D vold    : e4crypt_init_user0
02-15 16:35:05.508  1347  1353 D vold    : e4crypt_prepare_user_storage for volume null, user 0, serial 0, flags 1
02-15 16:35:05.508  1347  1353 D vold    : Preparing: /data/system/users/0
02-15 16:35:05.509  1347  1353 D vold    : Preparing: /data/misc/profiles/cur/0
02-15 16:35:05.511  1347  1353 D vold    : Preparing: /data/system_de/0
02-15 16:35:05.516  1347  1353 D vold    : Preparing: /data/misc_de/0
02-15 16:35:05.517  1347  1353 D vold    : Preparing: /data/user_de/0
02-15 16:35:05.518  1347  1353 D vold    : e4crypt_unlock_user_key 0 serial=0 token_present=0
02-15 16:35:05.565  1347  1420 D Cryptfs : post_fs_data done
02-15 16:35:05.571  1347  1420 D Cryptfs : Just triggered restart_framework
02-15 16:35:06.132  1485  1485 I installd: installd firing up
02-15 16:35:06.156  1493  1493 I wificond: wificond is starting up...
02-15 16:35:08.104  1481  1481 D Zygote32Timing: BeginIcuCachePinning took to complete: 234ms
02-15 16:35:10.213  1481  1481 D Zygote32Timing: PreloadClasses took to complete: 2109ms
02-15 16:35:10.644  1481  1481 D Zygote32Timing: PreloadResources took to complete: 431ms
02-15 16:35:10.785  1481  1481 D Zygote32Timing: ZygotePreload took to complete: 2917ms
02-15 16:35:10.807  1492  1526 E /system/bin/storaged: getService package_native failed
02-15 16:35:10.821  1492  1526 I /system/bin/storaged: storaged: Start
02-15 16:35:10.830  1481  1481 D Zygote32Timing: PostZygoteInitGC took to complete: 45ms
02-15 16:35:10.830  1481  1481 D Zygote32Timing: ZygoteInit took to complete: 2965ms
02-15 16:35:11.307  1610  1610 I chatty  : uid=1000 system_server expire 172 lines
02-15 16:35:11.852  1610  1623 I chatty  : uid=1000 system_server expire 11 lines
02-15 16:35:11.966  1610  1625 I chatty  : uid=1000(system) ActivityManager expire 1 line
02-15 16:35:11.976  1610  1626 I chatty  : uid=1000(system) android.ui expire 2 lines
02-15 16:35:12.125  1610  1628 I chatty  : uid=1000(system) batterystats-wo expire 4 lines
02-15 16:35:12.300  1610  1632 I chatty  : uid=1000(system) android.display expire 5 lines
02-15 16:35:12.346  1610  1634 I chatty  : uid=1000(system) PowerManagerSer expire 1 line
02-15 16:35:14.077  1610  1652 I chatty  : uid=1000 system_server expire 1 line
02-15 16:35:14.716  1610  1655 I chatty  : uid=1000 system_server expire 5 lines
02-15 16:35:15.237  1610  1657 I chatty  : uid=1000(system) android.anim expire 2 lines
02-15 16:35:15.257  1610  1658 I chatty  : uid=1000 system_server expire 2 lines
02-15 16:35:15.268  1610  1659 I chatty  : uid=1000 system_server expire 6 lines
02-15 16:35:17.036  1610  1675 I chatty  : uid=1000(system) InputDispatcher expire 3 lines
02-15 16:35:17.056  1610  1624 I chatty  : uid=1000(system) android.bg expire 1 line
02-15 16:35:17.085  1610  1677 I chatty  : uid=1000(system) StorageManagerS expire 7 lines
02-15 16:35:17.125  1610  1679 I chatty  : uid=1000(system) CryptdConnector expire 1 line
02-15 16:35:17.135  1610  1678 I chatty  : uid=1000(system) VoldConnector expire 1 line
02-15 16:35:17.173  1610  1610 I SystemServer: StartDeviceIdleController
02-15 16:35:17.180  1610  1610 I SystemServiceManager: Starting com.android.server.DeviceIdleController
02-15 16:35:17.312  1610  1610 W SystemServiceManager: Service com.android.server.DeviceIdleController took 128 ms in onStart
02-15 16:35:17.313  1610  1610 D SystemServerTiming: StartDeviceIdleController took to complete: 139ms
02-15 16:35:17.313  1610  1610 I SystemServer: StartDevicePolicyManager
02-15 16:35:17.313  1610  1677 W StorageManagerService: No primary storage mounted!
02-15 16:35:17.314  1610  1610 I SystemServiceManager: Starting com.android.server.devicepolicy.DevicePolicyManagerService$Lifecycle
02-15 16:35:17.314  1610  1677 D VoldConnector: SND -> {2 asec list}
02-15 16:35:17.319  1610  1678 D VoldConnector: RCV <- {200 2 asec operation succeeded}
02-15 16:35:17.357  1610  1610 D SystemServerTiming: StartDevicePolicyManager took to complete: 44ms
02-15 16:35:17.358  1610  1610 I SystemServer: StartStatusBarManagerService
02-15 16:35:17.369  1610  1610 D SystemServerTiming: StartStatusBarManagerService took to complete: 11ms
02-15 16:35:17.372  1610  1610 I SystemServer: StartClipboardService
02-15 16:35:17.372  1610  1610 I SystemServiceManager: Starting com.android.server.clipboard.ClipboardService
02-15 16:35:17.375  1610  1610 D SystemServerTiming: StartClipboardService took to complete: 3ms
02-15 16:35:17.375  1610  1610 I SystemServer: StartNetworkManagementService
02-15 16:35:17.392  1610  1681 I NetworkManagement: onDaemonConnected()
02-15 16:35:17.401  1610  1610 D SystemServerTiming: StartNetworkManagementService took to complete: 25ms
02-15 16:35:17.402  1610  1610 I SystemServer: StartTextServicesManager
02-15 16:35:17.402  1610  1610 I SystemServiceManager: Starting com.android.server.TextServicesManagerService$Lifecycle
02-15 16:35:17.415  1610  1610 W TextServicesManagerService: no available spell checker services found
02-15 16:35:17.417  1610  1610 D SystemServerTiming: StartTextServicesManager took to complete: 15ms
02-15 16:35:17.418  1610  1610 I SystemServer: StartNetworkScoreService
02-15 16:35:17.424  1610  1610 D SystemServerTiming: StartNetworkScoreService took to complete: 6ms
02-15 16:35:17.424  1610  1610 I SystemServer: StartNetworkStatsService
02-15 16:35:17.446  1610  1610 D SystemServerTiming: StartNetworkStatsService took to complete: 21ms
02-15 16:35:17.446  1610  1610 I SystemServer: StartNetworkPolicyManagerService
02-15 16:35:17.470  1610  1684 I ServiceThread: Enabled StrictMode logging for NetworkPolicy.uid looper.
02-15 16:35:17.475  1610  1610 D SystemServerTiming: StartNetworkPolicyManagerService took to complete: 29ms
02-15 16:35:17.475  1610  1610 I SystemServer: StartWifi
02-15 16:35:17.540  1610  1610 I SystemServiceManager: Starting com.android.server.wifi.WifiService
02-15 16:35:17.925  1610  1610 D SystemServerTiming: StartWifi took to complete: 450ms
02-15 16:35:17.925  1610  1610 I SystemServer: StartWifiScanning
02-15 16:35:17.939  1610  1610 I SystemServiceManager: Starting com.android.server.wifi.scanner.WifiScanningService
02-15 16:35:17.961  1610  1610 D SystemServerTiming: StartWifiScanning took to complete: 34ms
02-15 16:35:17.961  1610  1610 I SystemServer: StartWifiRtt
02-15 16:35:17.962  1610  1610 I SystemServiceManager: Starting com.android.server.wifi.RttService
02-15 16:35:17.971  1610  1610 D SystemServerTiming: StartWifiRtt took to complete: 10ms
02-15 16:35:17.971  1610  1610 I SystemServer: No Wi-Fi Aware Service (Aware support Not Present)
02-15 16:35:17.971  1610  1610 I SystemServer: StartConnectivityService
02-15 16:35:17.990  1610  1610 D ConnectivityService: ConnectivityService starting up
02-15 16:35:18.003  1610  1610 D ConnectivityService: wifiOnly=false
02-15 16:35:18.041  1610  1610 D SystemServerTiming: StartConnectivityService took to complete: 69ms
02-15 16:35:18.041  1610  1610 I SystemServer: StartNsdService
02-15 16:35:18.044  1610  1610 D NsdService: Network service discovery is enabled
02-15 16:35:18.058  1610  1610 D SystemServerTiming: StartNsdService took to complete: 16ms
02-15 16:35:18.058  1610  1610 I SystemServer: StartUpdateLockService
02-15 16:35:18.065  1610  1610 D SystemServerTiming: StartUpdateLockService took to complete: 6ms
02-15 16:35:18.066  1610  1610 I SystemServer: WaitForAsecScan
02-15 16:35:18.069  1610  1610 D SystemServerTiming: WaitForAsecScan took to complete: 0ms
02-15 16:35:18.070  1610  1610 I SystemServer: StartNotificationManager
02-15 16:35:18.079  1610  1610 I SystemServiceManager: Starting com.android.server.notification.NotificationManagerService
02-15 16:35:18.141  1610  1610 D ConditionProviders.SCP: new ScheduleConditionProvider()
02-15 16:35:18.152  1610  1610 D ZenLog  : config: readXml,ZenModeConfig[user=0,allowCalls=true,allowRepeatCallers=false,allowMessages=false,allowCallsFrom=contacts,allowMessagesFrom=contacts,allowReminders=true,allowEvents=true,allowWhenScreenOff=true,allowWhenScreenOn=true,automaticRules={EVENTS_DEFAULT_RULE=ZenRule[enabled=false,snoozing=false,name=Event,zenMode=ZEN_MODE_ALARMS,conditionId=condition://android/event?userId=-10000&calendar=&reply=1,condition=Condition[id=condition://android/event?userId=-10000&calendar=&reply=1,summary=...,line1=...,line2=...,icon=0,state=STATE_FALSE,flags=2],component=ComponentInfo{android/com.android.server.notification.EventConditionProvider},id=EVENTS_DEFAULT_RULE,creationTime=1518634089611,enabler=null], SCHEDULED_DEFAULT_RULE_1=ZenRule[enabled=false,snoozing=false,name=Weeknight,zenMode=ZEN_MODE_ALARMS,conditionId=condition://android/schedule?days=1.2.3.4.5&start=22.0&end=7.0&exitAtAlarm=false,condition=Condition[id=condition://android/schedule?days=1.2.3.4.5&start=22.0&end=7.0&exitAtAlarm=false,summary=...,line1=...,line2=...,icon=0,state=STATE_FALSE,flags=2],component=ComponentInfo{android/com.android.server.notification.ScheduleConditionProvider},id=SCHEDULED_DEFAULT_RULE_1,creationTime=1518634089609,enabler=null], SCHEDULED_DEFAULT_RULE_2=ZenRule[enabled=false,snoozing=false,name=Weekend,zenMode=ZEN_MODE_ALARMS,conditionId=condition://android/schedule?days=6.7&start=23.30&end=10.0&exitAtAlarm=false,condition=Condition[id=condition://android/schedule?days=6.7&start=23.30&end=10.0&exitAtAlarm=false,summary=...,line1=...,line2=...,icon=0,state=STATE_FALSE,flags=2],component=ComponentInfo{android/com.android.server.notification.ScheduleConditionProvider},id=SCHEDULED_DEFAULT_RULE_2,creationTime=1518634089609,enabler=null]},manualRule=null],Diff[automaticRule[EVENTS_DEFAULT_RULE].condition:null->Condition[id=condition://android/event?userId=-10000&calendar=&reply=1,summary=...,line1=...,line2=...,icon=0,state=STATE_FALSE,flags=2],automaticRule[EVENTS_DEFAULT_RULE].creationTime:1518712518131->1518634089611,automaticRule[SCHEDULED_DEFAULT_RULE_1].condition:null->Condition[id=condition://android/schedule?days=1.2.3.4.5&start=22.0&end=7.0&exitAtAlarm=false,summary=...,line1=...,line2=...,icon=0,state=STATE_FALSE,flags=2],automaticRule[SCHEDULED_DEFAULT_RULE_1].creationTime:1518712518127->1518634089609,automaticRule[SCHEDULED_DEFAULT_RULE_2].condition:null->Condition[id=condition://android/schedule?days=6.7&start=23.30&end=10.0&exitAtAlarm=false,summary=...,line1=...,line2=...,icon=0,state=STATE_FALSE,flags=2],automaticRule[SCHEDULED_DEFAULT_RULE_2].creationTime:1518712518128->1518634089609]
02-15 16:35:18.157  1610  1610 I NotificationListeners: Read notification listener permissions from xml
02-15 16:35:18.158  1610  1610 I ConditionProviders: Read condition provider permissions from xml
02-15 16:35:18.159  1610  1610 I ConditionProviders: Read condition provider permissions from xml
02-15 16:35:18.160  1610  1610 D ZenLog  : set_zen_mode: off,init
02-15 16:35:18.173  1610  1610 W SystemServiceManager: Service com.android.server.notification.NotificationManagerService took 85 ms in onStart
02-15 16:35:18.190  1610  1610 D SystemServerTiming: StartNotificationManager took to complete: 119ms
02-15 16:35:18.190  1610  1610 I SystemServer: StartDeviceMonitor
02-15 16:35:18.190  1610  1610 I SystemServiceManager: Starting com.android.server.storage.DeviceStorageMonitorService
02-15 16:35:18.199  1610  1610 D SystemServerTiming: StartDeviceMonitor took to complete: 9ms
02-15 16:35:18.199  1610  1610 I SystemServer: StartLocationManagerService
02-15 16:35:18.212  1610  1610 D SystemServerTiming: StartLocationManagerService took to complete: 12ms
02-15 16:35:18.214  1610  1610 I SystemServer: StartCountryDetectorService
02-15 16:35:18.216  1610  1610 D SystemServerTiming: StartCountryDetectorService took to complete: 2ms
02-15 16:35:18.218  1610  1610 I SystemServer: StartSearchManagerService
02-15 16:35:18.219  1610  1610 I SystemServiceManager: Starting com.android.server.search.SearchManagerService$Lifecycle
02-15 16:35:18.221  1610  1610 D SystemServerTiming: StartSearchManagerService took to complete: 3ms
02-15 16:35:18.222  1610  1610 I SystemServer: StartWallpaperManagerService
02-15 16:35:18.222  1610  1610 I SystemServiceManager: Starting com.android.server.wallpaper.WallpaperManagerService$Lifecycle
02-15 16:35:18.232  1610  1610 I WallpaperManagerService: No static wallpaper imagery; defaults will be shown
02-15 16:35:18.241  1610  1610 D SystemServerTiming: StartWallpaperManagerService took to complete: 19ms
02-15 16:35:18.241  1610  1610 I SystemServer: StartAudioService
02-15 16:35:18.242  1610  1610 I SystemServiceManager: Starting com.android.server.audio.AudioService$Lifecycle
02-15 16:35:18.345  1610  1610 D SystemServerTiming: StartAudioService took to complete: 104ms
02-15 16:35:18.345  1610  1610 I SystemServer: StartDockObserver
02-15 16:35:18.345  1610  1610 I SystemServiceManager: Starting com.android.server.DockObserver
02-15 16:35:18.349  1610  1610 W DockObserver: This kernel does not have dock station support
02-15 16:35:18.353  1610  1610 D SystemServerTiming: StartDockObserver took to complete: 8ms
02-15 16:35:18.353  1610  1610 I SystemServer: StartWiredAccessoryManager
02-15 16:35:18.354  1610  1610 W WiredAccessoryManager: This kernel does not have usb audio support
02-15 16:35:18.356  1610  1610 W WiredAccessoryManager: This kernel does not have HDMI audio support
02-15 16:35:18.356  1610  1610 D SystemServerTiming: StartWiredAccessoryManager took to complete: 3ms
02-15 16:35:18.356  1610  1610 I SystemServer: StartMidiManager
02-15 16:35:18.357  1610  1610 I SystemServiceManager: Starting com.android.server.midi.MidiService$Lifecycle
02-15 16:35:18.364  1610  1610 D SystemServerTiming: StartMidiManager took to complete: 8ms
02-15 16:35:18.364  1610  1610 I SystemServer: StartUsbService
02-15 16:35:18.364  1610  1610 I SystemServiceManager: Starting com.android.server.usb.UsbService$Lifecycle
02-15 16:35:18.377  1610  1610 E UsbDeviceManager: failed to write to /sys/class/android_usb/android0/f_rndis/ethaddr
02-15 16:35:18.403  1610  1610 E UsbPortManager: connectToProxy: usb hal service not found. Did the service fail to start?
02-15 16:35:18.403  1610  1610 E UsbPortManager: java.util.NoSuchElementException
02-15 16:35:18.403  1610  1610 E UsbPortManager: 	at android.os.HwBinder.getService(Native Method)
02-15 16:35:18.403  1610  1610 E UsbPortManager: 	at android.hardware.usb.V1_0.IUsb.getService(IUsb.java:44)
02-15 16:35:18.403  1610  1610 E UsbPortManager: 	at com.android.server.usb.UsbPortManager.connectToProxy(UsbPortManager.java:524)
02-15 16:35:18.403  1610  1610 E UsbPortManager: 	at com.android.server.usb.UsbPortManager.<init>(UsbPortManager.java:130)
02-15 16:35:18.403  1610  1610 E UsbPortManager: 	at com.android.server.usb.UsbService.<init>(UsbService.java:134)
02-15 16:35:18.403  1610  1610 E UsbPortManager: 	at com.android.server.usb.UsbService$Lifecycle.onStart(UsbService.java:69)
02-15 16:35:18.403  1610  1610 E UsbPortManager: 	at com.android.server.SystemServiceManager.startService(SystemServiceManager.java:124)
02-15 16:35:18.403  1610  1610 E UsbPortManager: 	at com.android.server.SystemServiceManager.startService(SystemServiceManager.java:111)
02-15 16:35:18.403  1610  1610 E UsbPortManager: 	at com.android.server.SystemServiceManager.startService(SystemServiceManager.java:70)
02-15 16:35:18.403  1610  1610 E UsbPortManager: 	at com.android.server.SystemServer.startOtherServices(SystemServer.java:1258)
02-15 16:35:18.403  1610  1610 E UsbPortManager: 	at com.android.server.SystemServer.run(SystemServer.java:391)
02-15 16:35:18.403  1610  1610 E UsbPortManager: 	at com.android.server.SystemServer.main(SystemServer.java:267)
02-15 16:35:18.403  1610  1610 E UsbPortManager: 	at java.lang.reflect.Method.invoke(Native Method)
02-15 16:35:18.403  1610  1610 E UsbPortManager: 	at com.android.internal.os.RuntimeInit$MethodAndArgsCaller.run(RuntimeInit.java:438)
02-15 16:35:18.403  1610  1610 E UsbPortManager: 	at com.android.internal.os.ZygoteInit.main(ZygoteInit.java:787)
02-15 16:35:18.408  1610  1610 D SystemServerTiming: StartUsbService took to complete: 44ms
02-15 16:35:18.408  1610  1610 I SystemServer: StartSerialService
02-15 16:35:18.411  1610  1610 D SystemServerTiming: StartSerialService took to complete: 2ms
02-15 16:35:18.411  1610  1610 I SystemServer: StartHardwarePropertiesManagerService
02-15 16:35:18.416  1610  1610 D SystemServerTiming: StartHardwarePropertiesManagerService took to complete: 4ms
02-15 16:35:18.418  1610  1610 I SystemServer: StartTwilightService
02-15 16:35:18.418  1610  1610 I SystemServiceManager: Starting com.android.server.twilight.TwilightService
02-15 16:35:18.419  1610  1610 D SystemServerTiming: StartTwilightService took to complete: 1ms
02-15 16:35:18.421  1610  1610 I SystemServer: StartJobScheduler
02-15 16:35:18.422  1610  1610 I SystemServiceManager: Starting com.android.server.job.JobSchedulerService
02-15 16:35:18.432  1610  1610 D JobStore: Start tag: job-info
02-15 16:35:18.446  1610  1610 I JobStore: Read 37 jobs
02-15 16:35:18.455  1610  1610 D ConnectivityService: requestNetwork for uid/pid:1000/1610 NetworkRequest [ TRACK_DEFAULT id=3, [ Capabilities: INTERNET&NOT_RESTRICTED&TRUSTED&NOT_VPN] ]
02-15 16:35:18.474  1610  1610 D SystemServerTiming: StartJobScheduler took to complete: 53ms
02-15 16:35:18.475  1610  1610 I SystemServer: StartSoundTrigger
02-15 16:35:18.475  1610  1610 I SystemServiceManager: Starting com.android.server.soundtrigger.SoundTriggerService
02-15 16:35:18.478  1610  1610 D SystemServerTiming: StartSoundTrigger took to complete: 3ms
02-15 16:35:18.478  1610  1610 I SystemServer: StartTrustManager
02-15 16:35:18.479  1610  1610 I SystemServiceManager: Starting com.android.server.trust.TrustManagerService
02-15 16:35:18.486  1610  1610 D SystemServerTiming: StartTrustManager took to complete: 8ms
02-15 16:35:18.486  1610  1610 I SystemServer: StartBackupManager
02-15 16:35:18.487  1610  1610 I SystemServiceManager: Starting com.android.server.backup.BackupManagerService$Lifecycle
02-15 16:35:18.493  1610  1610 D SystemServerTiming: StartBackupManager took to complete: 7ms
02-15 16:35:18.493  1610  1610 I SystemServer: StartAppWidgerService
02-15 16:35:18.494  1610  1610 I SystemServiceManager: Starting com.android.server.appwidget.AppWidgetService
02-15 16:35:18.523  1610  1610 D SystemServerTiming: StartAppWidgerService took to complete: 30ms
02-15 16:35:18.525  1610  1610 I SystemServer: StartVoiceRecognitionManager
02-15 16:35:18.528  1610  1610 I SystemServiceManager: Starting com.android.server.voiceinteraction.VoiceInteractionManagerService
02-15 16:35:18.534  1610  1610 D SystemServerTiming: StartVoiceRecognitionManager took to complete: 9ms
02-15 16:35:18.535  1610  1610 I SystemServer: StartGestureLauncher
02-15 16:35:18.535  1610  1610 I SystemServiceManager: Starting com.android.server.GestureLauncherService
02-15 16:35:18.535  1610  1610 D SystemServerTiming: StartGestureLauncher took to complete: 0ms
02-15 16:35:18.536  1610  1610 I SystemServer: StartSensorNotification
02-15 16:35:18.536  1610  1610 I SystemServiceManager: Starting com.android.server.SensorNotificationService
02-15 16:35:18.536  1610  1610 D SystemServerTiming: StartSensorNotification took to complete: 0ms
02-15 16:35:18.536  1610  1610 I SystemServer: StartContextHubSystemService
02-15 16:35:18.537  1610  1610 I SystemServiceManager: Starting com.android.server.ContextHubSystemService
02-15 16:35:18.537  1610  1658 D SystemServerInitThreadPool: Started executing Init ContextHubSystemService
02-15 16:35:18.543  1610  1658 D SystemServerInitThreadPool: Finished executing Init ContextHubSystemService
02-15 16:35:18.544  1610  1610 D SystemServerTiming: StartContextHubSystemService took to complete: 7ms
02-15 16:35:18.544  1610  1610 I SystemServer: StartDiskStatsService
02-15 16:35:18.553  1610  1610 D SystemServerTiming: StartDiskStatsService took to complete: 8ms
02-15 16:35:18.553  1610  1610 I SystemServer: StartNetworkTimeUpdateService
02-15 16:35:18.557  1610  1610 D SystemServerTiming: StartNetworkTimeUpdateService took to complete: 3ms
02-15 16:35:18.557  1610  1610 I SystemServer: StartCommonTimeManagementService
02-15 16:35:18.564  1610  1610 D SystemServerTiming: StartCommonTimeManagementService took to complete: 7ms
02-15 16:35:18.564  1610  1610 I SystemServer: CertBlacklister
02-15 16:35:18.568  1610  1610 D SystemServerTiming: CertBlacklister took to complete: 2ms
02-15 16:35:18.568  1610  1610 I SystemServer: StartEmergencyAffordanceService
02-15 16:35:18.568  1610  1610 I SystemServiceManager: Starting com.android.server.emergency.EmergencyAffordanceService
02-15 16:35:18.573  1610  1610 D SystemServerTiming: StartEmergencyAffordanceService took to complete: 5ms
02-15 16:35:18.573  1610  1610 I SystemServer: StartDreamManager
02-15 16:35:18.573  1610  1610 I SystemServiceManager: Starting com.android.server.dreams.DreamManagerService
02-15 16:35:18.580  1610  1610 D SystemServerTiming: StartDreamManager took to complete: 7ms
02-15 16:35:18.580  1610  1610 I SystemServer: AddGraphicsStatsService
02-15 16:35:18.582  1610  1610 D SystemServerTiming: AddGraphicsStatsService took to complete: 2ms
02-15 16:35:18.583  1610  1610 I SystemServer: StartPrintManager
02-15 16:35:18.583  1610  1610 I SystemServiceManager: Starting com.android.server.print.PrintManagerService
02-15 16:35:18.586  1610  1610 D SystemServerTiming: StartPrintManager took to complete: 3ms
02-15 16:35:18.586  1610  1610 I SystemServer: StartRestrictionManager
02-15 16:35:18.586  1610  1610 I SystemServiceManager: Starting com.android.server.restrictions.RestrictionsManagerService
02-15 16:35:18.587  1610  1610 D SystemServerTiming: StartRestrictionManager took to complete: 1ms
02-15 16:35:18.587  1610  1610 I SystemServer: StartMediaSessionService
02-15 16:35:18.588  1610  1610 I SystemServiceManager: Starting com.android.server.media.MediaSessionService
02-15 16:35:18.608  1610  1610 D SystemServerTiming: StartMediaSessionService took to complete: 21ms
02-15 16:35:18.610  1610  1610 I SystemServer: StartMediaResourceMonitor
02-15 16:35:18.611  1610  1610 I SystemServiceManager: Starting com.android.server.media.MediaResourceMonitorService
02-15 16:35:18.613  1610  1610 D SystemServerTiming: StartMediaResourceMonitor took to complete: 2ms
02-15 16:35:18.613  1610  1610 I SystemServer: StartMediaRouterService
02-15 16:35:18.614  1610  1610 D SystemServerTiming: StartMediaRouterService took to complete: 1ms
02-15 16:35:18.614  1610  1610 I SystemServer: StartFingerprintSensor
02-15 16:35:18.615  1610  1610 I SystemServiceManager: Starting com.android.server.fingerprint.FingerprintService
02-15 16:35:18.619  1610  1610 D SystemServerTiming: StartFingerprintSensor took to complete: 5ms
02-15 16:35:18.619  1610  1610 I SystemServer: StartBackgroundDexOptService
02-15 16:35:18.620  1610  1610 D SystemServerTiming: StartBackgroundDexOptService took to complete: 1ms
02-15 16:35:18.620  1610  1610 I SystemServer: StartPruneInstantAppsJobService
02-15 16:35:18.620  1610  1610 D SystemServerTiming: StartPruneInstantAppsJobService took to complete: 0ms
02-15 16:35:18.620  1610  1610 I SystemServer: StartShortcutServiceLifecycle
02-15 16:35:18.621  1610  1659 D SystemServerInitThreadPool: Started executing FingerprintService.onStart
02-15 16:35:18.621  1610  1659 V FingerprintService: mDeamon was null, reconnect to fingerprint
02-15 16:35:18.622  1610  1610 I SystemServiceManager: Starting com.android.server.pm.ShortcutService$Lifecycle
02-15 16:35:18.635  1610  1659 V FingerprintService: Fingerprint HAL id: 3067777024
02-15 16:35:18.644  1610  1610 D SystemServerTiming: StartShortcutServiceLifecycle took to complete: 22ms
02-15 16:35:18.644  1610  1610 I SystemServer: StartLauncherAppsService
02-15 16:35:18.644  1610  1610 I SystemServiceManager: Starting com.android.server.pm.LauncherAppsService
02-15 16:35:18.645  1610  1610 D SystemServerTiming: StartLauncherAppsService took to complete: 1ms
02-15 16:35:18.645  1610  1610 I SystemServer: StartMediaProjectionManager
02-15 16:35:18.646  1610  1610 I SystemServiceManager: Starting com.android.server.media.projection.MediaProjectionManagerService
02-15 16:35:18.679  1610  1659 D SystemServerInitThreadPool: Finished executing FingerprintService.onStart
02-15 16:35:18.692  1610  1610 D SystemServerTiming: StartMediaProjectionManager took to complete: 47ms
02-15 16:35:18.692  1610  1610 I SystemServer: StartCameraServiceProxy
02-15 16:35:18.698  1610  1610 I SystemServiceManager: Starting com.android.server.camera.CameraServiceProxy
02-15 16:35:18.706  1610  1703 I ServiceThread: Enabled StrictMode logging for CameraService_proxy looper.
02-15 16:35:18.711  1610  1610 D SystemServerTiming: StartCameraServiceProxy took to complete: 19ms
02-15 16:35:18.711  1610  1610 I SystemServer: StartJitCompilation
02-15 16:35:18.711  1610  1610 D SystemServerTiming: StartJitCompilation took to complete: 0ms
02-15 16:35:18.711  1610  1610 I SystemServer: StartMmsService
02-15 16:35:18.712  1610  1610 I SystemServiceManager: Starting com.android.server.MmsServiceBroker
02-15 16:35:18.720  1610  1610 D SystemServerTiming: StartMmsService took to complete: 8ms
02-15 16:35:18.720  1610  1610 I SystemServer: StartAutoFillService
02-15 16:35:18.721  1610  1610 I SystemServiceManager: Starting com.android.server.autofill.AutofillManagerService
02-15 16:35:18.723  1610  1610 I AutofillManagerService: Setting debug to true
02-15 16:35:18.731  1610  1610 D SystemServerTiming: StartAutoFillService took to complete: 10ms
02-15 16:35:18.731  1610  1610 I SystemServer: MakeVibratorServiceReady
02-15 16:35:18.738  1610  1610 D SystemServerTiming: MakeVibratorServiceReady took to complete: 7ms
02-15 16:35:18.740  1610  1610 I SystemServer: MakeLockSettingsServiceReady
02-15 16:35:18.823  1610  1610 I SyntheticPasswordManager: Device does not support weaver
02-15 16:35:18.827  1610  1610 E LockSettingsStorage: Cannot read file java.io.FileNotFoundException: /data/system/gatekeeper.password.key: open failed: ENOENT (No such file or directory)
02-15 16:35:18.827  1610  1610 E LockSettingsStorage: Cannot read file java.io.FileNotFoundException: /data/system/password.key: open failed: ENOENT (No such file or directory)
02-15 16:35:18.828  1610  1610 E LockSettingsStorage: Cannot read file java.io.FileNotFoundException: /data/system/gatekeeper.pattern.key: open failed: ENOENT (No such file or directory)
02-15 16:35:18.831  1610  1610 E LockSettingsStorage: Cannot read file java.io.FileNotFoundException: /data/system/gatekeeper.gesture.key: open failed: ENOENT (No such file or directory)
02-15 16:35:18.832  1610  1610 E LockSettingsStorage: Cannot read file java.io.FileNotFoundException: /data/system/gesture.key: open failed: ENOENT (No such file or directory)
02-15 16:35:18.835  1610  1610 D SystemServerTiming: MakeLockSettingsServiceReady took to complete: 95ms
02-15 16:35:18.835  1610  1610 I SystemServer: StartBootPhaseLockSettingsReady
02-15 16:35:18.835  1610  1610 I SystemServiceManager: Starting phase 480
02-15 16:35:18.918  1610  1610 I DevicePolicyManager: Set ro.device_owner property to false
02-15 16:35:18.920  1610  1610 W SystemServiceManager: Service com.android.server.devicepolicy.DevicePolicyManagerService$Lifecycle took 79 ms in onBootPhase
02-15 16:35:18.929  1610  1610 D SystemServerTiming: StartBootPhaseLockSettingsReady took to complete: 94ms
02-15 16:35:18.930  1610  1610 I SystemServer: StartBootPhaseSystemServicesReady
02-15 16:35:18.930  1610  1610 I SystemServiceManager: Starting phase 500
02-15 16:35:18.954  1610  1610 I VrManagerService: No default vr listener service found.
02-15 16:35:18.960  1610  1610 I WifiService: WifiService starting up with Wi-Fi enabled
02-15 16:35:18.998  1610  1610 D WifiService: setWifiEnabled: true pid=1610, uid=1000, package=android
02-15 16:35:19.029  1610  1610 D ZenLog  : config: cleanUpZenRules,ZenModeConfig[user=0,allowCalls=true,allowRepeatCallers=false,allowMessages=false,allowCallsFrom=contacts,allowMessagesFrom=contacts,allowReminders=true,allowEvents=true,allowWhenScreenOff=true,allowWhenScreenOn=true,automaticRules={EVENTS_DEFAULT_RULE=ZenRule[enabled=false,snoozing=false,name=Event,zenMode=ZEN_MODE_ALARMS,conditionId=condition://android/event?userId=-10000&calendar=&reply=1,condition=Condition[id=condition://android/event?userId=-10000&calendar=&reply=1,summary=...,line1=...,line2=...,icon=0,state=STATE_FALSE,flags=2],component=ComponentInfo{android/com.android.server.notification.EventConditionProvider},id=EVENTS_DEFAULT_RULE,creationTime=1518634089611,enabler=null], SCHEDULED_DEFAULT_RULE_1=ZenRule[enabled=false,snoozing=false,name=Weeknight,zenMode=ZEN_MODE_ALARMS,conditionId=condition://android/schedule?days=1.2.3.4.5&start=22.0&end=7.0&exitAtAlarm=false,condition=Condition[id=condition://android/schedule?days=1.2.3.4.5&start=22.0&end=7.0&exitAtAlarm=false,summary=...,line1=...,line2=...,icon=0,state=STATE_FALSE,flags=2],component=ComponentInfo{android/com.android.server.notification.ScheduleConditionProvider},id=SCHEDULED_DEFAULT_RULE_1,creationTime=1518634089609,enabler=null], SCHEDULED_DEFAULT_RULE_2=ZenRule[enabled=false,snoozing=false,name=Weekend,zenMode=ZEN_MODE_ALARMS,conditionId=condition://android/schedule?days=6.7&start=23.30&end=10.0&exitAtAlarm=false,condition=Condition[id=condition://android/schedule?days=6.7&start=23.30&end=10.0&exitAtAlarm=false,summary=...,line1=...,line2=...,icon=0,state=STATE_FALSE,flags=2],component=ComponentInfo{android/com.android.server.notification.ScheduleConditionProvider},id=SCHEDULED_DEFAULT_RULE_2,creationTime=1518634089609,enabler=null]},manualRule=null],Diff[]
02-15 16:35:19.029  1610  1610 D ZenLog  : set_zen_mode: off,onSystemReady
02-15 16:35:19.050  1610  1610 W SoundTriggerHelper: listModules status=0, # of modules=0
02-15 16:35:19.055  1610  1610 D SystemServerTiming: StartBootPhaseSystemServicesReady took to complete: 125ms
02-15 16:35:19.055  1610  1610 I SystemServer: MakeWindowManagerServiceReady
02-15 16:35:19.094  1610  1610 D SystemServerTiming: MakeWindowManagerServiceReady took to complete: 39ms
02-15 16:35:19.096  1610  1610 I SystemServer: MakePowerManagerServiceReady
02-15 16:35:19.117  1610  1610 D SystemServerTiming: MakePowerManagerServiceReady took to complete: 17ms
02-15 16:35:19.118  1610  1610 I SystemServer: MakePackageManagerServiceReady
02-15 16:35:19.122  1610  1634 W KeyguardServiceDelegate: onScreenTurningOn(): no keyguard service!
02-15 16:35:19.129  1610  1610 V UserDataPreparer: Found /data/user_de/0 with serial number 0
02-15 16:35:19.129  1610  1610 V UserDataPreparer: Found /data/user/0 with serial number 0
02-15 16:35:19.129  1610  1610 V UserDataPreparer: Found /data/system_de/0 with serial number 0
02-15 16:35:19.131  1610  1610 V UserDataPreparer: Found /data/system_ce/0 with serial number 0
02-15 16:35:19.133  1610  1610 V UserDataPreparer: Found /data/misc_ce/0 with serial number -1
02-15 16:35:19.133  1610  1610 D UserDataPreparer: Serial number missing on /data/misc_ce/0; assuming current is valid
02-15 16:35:19.134  1610  1610 D SystemServerTiming: MakePackageManagerServiceReady took to complete: 16ms
02-15 16:35:19.135  1610  1610 I SystemServer: MakeDisplayManagerServiceReady
02-15 16:35:19.135  1610  1610 D SystemServerTiming: MakeDisplayManagerServiceReady took to complete: 0ms
02-15 16:35:19.139  1610  1610 I ActivityManager: System now ready
02-15 16:35:19.151  1610  1610 I SystemServer: Making services ready
02-15 16:35:19.151  1610  1610 I SystemServer: StartActivityManagerReadyPhase
02-15 16:35:19.151  1610  1610 I SystemServiceManager: Starting phase 550
02-15 16:35:19.267  1610  1610 W SyncManager: Failure adding authority: account=@@ContextManagerNullAccount@@ auth=com.google.android.location.reporting enabled=false syncable=-1
02-15 16:35:19.343  1610  1610 W SystemServiceManager: Service com.android.server.content.ContentService$Lifecycle took 176 ms in onBootPhase
02-15 16:35:19.516  1403  1403 I android.hardware.wifi@1.0-service: Wifi HAL started
02-15 16:35:19.556  1403  1403 E android.hardware.wifi@1.0-service: Failed to set DFS flag; DFS channels may be unavailable.
02-15 16:35:19.588  1493  1493 I wificond: create scanner for interface with index: 3
02-15 16:35:19.588  1493  1493 I wificond: subscribe scan result for interface with index: 3
02-15 16:35:19.590  1493  1493 E wificond: No Offload Service available
02-15 16:35:19.590  1493  1493 I wificond: Offload HAL not supported 
02-15 16:35:19.846  1610  1610 I ActivityManager: Start proc 1710:com.google.android.inputmethod.latin/u0a57 for service com.google.android.inputmethod.latin/com.android.inputmethod.latin.LatinIME
02-15 16:35:19.847  1610  1610 W SystemServiceManager: Service com.android.server.InputMethodManagerService$Lifecycle took 503 ms in onBootPhase
02-15 16:35:19.848  1610  1677 D StorageManagerService: Thinking about init, mSystemReady=true, mDaemonConnected=true
02-15 16:35:19.848  1610  1677 D StorageManagerService: Setting up emulation state, initlocked=false
02-15 16:35:19.848  1610  1677 D CryptdConnector: SND -> {2 cryptfs unlock_user_key 0 0 ! !}
02-15 16:35:19.850  1347  1353 D vold    : e4crypt_unlock_user_key 0 serial=0 token_present=0
02-15 16:35:19.854  1610  1679 D CryptdConnector: RCV <- {200 2 Command succeeded}
02-15 16:35:19.856  1610  1677 D StorageManagerService: Thinking about reset, mSystemReady=true, mDaemonConnected=true
02-15 16:35:19.857  1610  1677 D VoldConnector: SND -> {3 volume reset}
02-15 16:35:19.857  1610  1625 I ActivityManager: Force stopping com.android.providers.media appid=10009 user=-1: vold reset
02-15 16:35:19.859  1347  1352 D vold    : Recognized experimental block major ID 253 as virtio-blk (emulator's virtual SD card device)
02-15 16:35:19.860  1347  1352 V vold    : /system/bin/sgdisk
02-15 16:35:19.860  1347  1352 V vold    :     --android-dump
02-15 16:35:19.860  1347  1352 V vold    :     /dev/block/vold/disk:253,80
02-15 16:35:19.866  1610  1678 D VoldConnector: RCV <- {651 emulated 7}
02-15 16:35:19.866  1610  1678 D VoldConnector: RCV <- {659 emulated}
02-15 16:35:19.867  1610  1678 D VoldConnector: RCV <- {650 emulated 2 "" ""}
02-15 16:35:19.874  1610  1678 D VoldConnector: RCV <- {651 emulated 0}
02-15 16:35:19.882  1610  1678 D VoldConnector: RCV <- {651 public:253,80 7}
02-15 16:35:19.884  1610  1610 W TextServicesManagerService: no available spell checker services found
02-15 16:35:19.886  1610  1678 D VoldConnector: RCV <- {659 public:253,80}
02-15 16:35:19.896  1610  1630 V StorageManagerService: Found primary storage at VolumeInfo{emulated}:
02-15 16:35:19.896  1610  1630 V StorageManagerService:     type=EMULATED diskId=null partGuid=null mountFlags=0 mountUserId=-1 
02-15 16:35:19.896  1610  1630 V StorageManagerService:     state=UNMOUNTED 
02-15 16:35:19.896  1610  1630 V StorageManagerService:     fsType=null fsUuid=null fsLabel=null 
02-15 16:35:19.896  1610  1630 V StorageManagerService:     path=null internalPath=null 
02-15 16:35:19.896  1610  1678 D VoldConnector: RCV <- {649 disk:253,80}
02-15 16:35:19.897  1610  1678 D VoldConnector: RCV <- {640 disk:253,80 4}
02-15 16:35:19.905  1610  1610 W WallpaperManagerService: Invalid wallpaper data
02-15 16:35:19.905  1610  1610 E WallpaperManagerService: Unable to apply new wallpaper
02-15 16:35:19.905  1610  1610 V WallpaperManagerService: bindWallpaperComponentLocked: componentName=null
02-15 16:35:19.905  1610  1610 V WallpaperManagerService: No default component; using image wallpaper
02-15 16:35:19.906  1610  1678 D VoldConnector: RCV <- {641 disk:253,80 104857600}
02-15 16:35:19.907  1610  1678 D VoldConnector: RCV <- {642 disk:253,80 Virtual}
02-15 16:35:19.916  1610  1678 D VoldConnector: RCV <- {644 disk:253,80 /sys//devices/pci0000:00/0000:00:08.0/virtio5/block/vdf}
02-15 16:35:19.934  1610  1610 I ActivityManager: Start proc 1727:com.android.systemui/u0a29 for service com.android.systemui/.ImageWallpaper
02-15 16:35:19.946  1610  1610 W SystemServiceManager: Service com.android.server.wallpaper.WallpaperManagerService$Lifecycle took 60 ms in onBootPhase
02-15 16:35:19.967  1610  1610 D UsbAlsaManager: Adding ALSA device AlsaDevice: [card: 0, device: 0, type: 1]
02-15 16:35:19.968  1610  1610 D UsbAlsaManager: Adding ALSA device AlsaDevice: [card: 0, device: 0, type: 2]
02-15 16:35:19.975  1610  1610 D SystemServerTiming: StartActivityManagerReadyPhase took to complete: 824ms
02-15 16:35:19.975  1610  1610 I SystemServer: StartObservingNativeCrashes
02-15 16:35:19.976  1610  1610 D SystemServerTiming: StartObservingNativeCrashes took to complete: 0ms
02-15 16:35:20.014  1347  1352 V vold    : DISK mbr
02-15 16:35:20.014  1347  1352 V vold    : 
02-15 16:35:20.014  1347  1352 W vold    : disk:253,80 has unknown partition table; trying entire device
02-15 16:35:20.015  1347  1352 V vold    : /system/bin/blkid
02-15 16:35:20.015  1347  1352 V vold    :     -c
02-15 16:35:20.015  1347  1352 V vold    :     /dev/null
02-15 16:35:20.015  1347  1352 V vold    :     -s
02-15 16:35:20.015  1347  1352 V vold    :     TYPE
02-15 16:35:20.016  1347  1352 V vold    :     -s
02-15 16:35:20.016  1347  1352 V vold    :     UUID
02-15 16:35:20.016  1347  1352 V vold    :     -s
02-15 16:35:20.016  1347  1352 V vold    :     LABEL
02-15 16:35:20.016  1347  1352 V vold    :     /dev/block/vold/disk:253,80
02-15 16:35:20.022  1610  1610 I SystemServer: StartSystemUI
02-15 16:35:20.022  1610  1655 D SystemServerInitThreadPool: Started executing WebViewFactoryPreparation
02-15 16:35:20.022  1610  1655 I SystemServer: WebViewFactoryPreparation
02-15 16:35:20.034  1610  1630 D UsbDeviceManager: push notification:USB charging this device
02-15 16:35:20.075  1610  1610 D SystemServerTiming: StartSystemUI took to complete: 52ms
02-15 16:35:20.075  1610  1610 I SystemServer: MakeNetworkScoreReady
02-15 16:35:20.075  1610  1610 D SystemServerTiming: MakeNetworkScoreReady took to complete: 0ms
02-15 16:35:20.076  1610  1610 I SystemServer: MakeNetworkManagementServiceReady
02-15 16:35:20.076  1610  1610 D NetworkManagement: enabling bandwidth control
02-15 16:35:20.130  1347  1352 V vold    : /dev/block/vold/disk:253,80: LABEL="SDCARD" UUID="1F15-091F" TYPE="vfat" 
02-15 16:35:20.131  1347  1352 V vold    : 
02-15 16:35:20.135  1610  1678 D VoldConnector: RCV <- {650 public:253,80 0 "disk:253,80" ""}
02-15 16:35:20.135  1610  1678 D VoldConnector: RCV <- {651 public:253,80 0}
02-15 16:35:20.136  1610  1678 D VoldConnector: RCV <- {643 disk:253,80}
02-15 16:35:20.137  1610  1678 D VoldConnector: RCV <- {200 3 Command succeeded}
02-15 16:35:20.138  1610  1677 D VoldConnector: SND -> {4 volume user_added 0 0}
02-15 16:35:20.139  1610  1678 D VoldConnector: RCV <- {200 4 Command succeeded}
02-15 16:35:20.157  1610  1610 D SystemServerTiming: MakeNetworkManagementServiceReady took to complete: 81ms
02-15 16:35:20.157  1610  1610 I SystemServer: MakeNetworkStatsServiceReady
02-15 16:35:20.187  1610  1655 W ActivityManager: Slow operation: 81ms so far, now at startProcess: returned from zygote!
02-15 16:35:20.187  1610  1655 W ActivityManager: Slow operation: 82ms so far, now at startProcess: done updating battery stats
02-15 16:35:20.188  1610  1655 W ActivityManager: Slow operation: 83ms so far, now at startProcess: building log message
02-15 16:35:20.188  1610  1655 I ActivityManager: Start proc 1750:WebViewLoader-x86/1037 [android.webkit.WebViewLibraryLoader$RelroFileCreator] for 
02-15 16:35:20.188  1610  1655 W ActivityManager: Slow operation: 83ms so far, now at startProcess: starting to update pids map
02-15 16:35:20.189  1610  1655 W ActivityManager: Slow operation: 84ms so far, now at startProcess: done updating pids map
02-15 16:35:20.189  1610  1655 W ActivityManager: Slow operation: 84ms so far, now at startProcess: done starting proc!
02-15 16:35:20.194  1610  1677 D VoldConnector: SND -> {5 volume mount emulated 3 -1}
02-15 16:35:20.199  1610  1678 D VoldConnector: RCV <- {651 emulated 1}
02-15 16:35:20.203  1610  1678 D VoldConnector: RCV <- {656 emulated /data/media}
02-15 16:35:20.213  1610  1678 D VoldConnector: RCV <- {655 emulated /storage/emulated}
02-15 16:35:20.214  1347  1352 V vold    : Waiting for FUSE to spin up...
02-15 16:35:20.267  1347  1352 V vold    : Waiting for FUSE to spin up...
02-15 16:35:20.301  1610  1655 D SystemServerTimingAsync: WebViewFactoryPreparation took to complete: 279ms
02-15 16:35:20.301  1610  1655 D SystemServerInitThreadPool: Finished executing WebViewFactoryPreparation
02-15 16:35:20.320  1347  1352 V vold    : Waiting for FUSE to spin up...
02-15 16:35:20.322  1610  1683 D NetworkPolicy: setRestrictBackgroundUL(): false
02-15 16:35:20.367  1610  1610 D SystemServerTiming: MakeNetworkStatsServiceReady took to complete: 202ms
02-15 16:35:20.367  1610  1610 I SystemServer: MakeConnectivityServiceReady
02-15 16:35:20.372  1347  1352 V vold    : Waiting for FUSE to spin up...
02-15 16:35:20.428  1610  1678 D VoldConnector: RCV <- {651 emulated 2}
02-15 16:35:20.429  1610  1678 D VoldConnector: RCV <- {200 5 Command succeeded}
02-15 16:35:20.431  1610  1677 D VoldConnector: SND -> {6 volume mount public:253,80 0 0}
02-15 16:35:20.431  1347  1352 V vold    : /system/bin/blkid
02-15 16:35:20.431  1347  1352 V vold    :     -c
02-15 16:35:20.431  1347  1352 V vold    :     /dev/null
02-15 16:35:20.431  1347  1352 V vold    :     -s
02-15 16:35:20.431  1347  1352 V vold    :     TYPE
02-15 16:35:20.431  1347  1352 V vold    :     -s
02-15 16:35:20.431  1347  1352 V vold    :     UUID
02-15 16:35:20.431  1347  1352 V vold    :     -s
02-15 16:35:20.431  1347  1352 V vold    :     LABEL
02-15 16:35:20.431  1347  1352 V vold    :     /dev/block/vold/public:253,80
02-15 16:35:20.433  1610  1678 D VoldConnector: RCV <- {651 public:253,80 1}
02-15 16:35:20.493  1610  1610 D SystemServerTiming: MakeConnectivityServiceReady took to complete: 126ms
02-15 16:35:20.493  1610  1610 I SystemServer: MakeNetworkPolicyServiceReady
02-15 16:35:20.696  1610  1610 D SystemServerTiming: MakeNetworkPolicyServiceReady took to complete: 191ms
02-15 16:35:20.696  1610  1610 I SystemServer: StartWatchdog
02-15 16:35:20.722  1347  1352 V vold    : /dev/block/vold/public:253,80: LABEL="SDCARD" UUID="1F15-091F" TYPE="vfat" 
02-15 16:35:20.722  1347  1352 V vold    : 
02-15 16:35:20.723  1610  1678 D VoldConnector: RCV <- {652 public:253,80 vfat}
02-15 16:35:20.732  1347  1352 V vold    : /system/bin/fsck_msdos
02-15 16:35:20.733  1347  1352 V vold    :     -p
02-15 16:35:20.734  1347  1352 V vold    :     -f
02-15 16:35:20.734  1347  1352 V vold    :     /dev/block/vold/public:253,80
02-15 16:35:20.737  1610  1678 D VoldConnector: RCV <- {653 public:253,80 1F15-091F}
02-15 16:35:20.738  1610  1678 D VoldConnector: RCV <- {654 public:253,80 SDCARD}
02-15 16:35:20.755  1610  1610 D SystemServerTiming: StartWatchdog took to complete: 58ms
02-15 16:35:20.756  1610  1610 I SystemServer: PhaseThirdPartyAppsCanStart
02-15 16:35:20.756  1610  1610 I SystemServiceManager: Starting phase 600
02-15 16:35:20.818  1610  1610 V WallpaperManagerService: bindWallpaperComponentLocked: componentName=ComponentInfo{com.android.systemui/com.android.systemui.ImageWallpaper}
02-15 16:35:20.888  1610  1610 W SystemServiceManager: Service com.android.server.wallpaper.WallpaperManagerService$Lifecycle took 105 ms in onBootPhase
02-15 16:35:21.010  1610  1610 W SystemServiceManager: Service com.android.server.job.JobSchedulerService took 121 ms in onBootPhase
02-15 16:35:21.011  1727  1727 D SystemUIBootTiming: StartServicesDependency took to complete: 16ms
02-15 16:35:21.013  1347  1352 I Vold    : Filesystem check completed OK
02-15 16:35:21.029  1610  1678 D VoldConnector: RCV <- {656 public:253,80 /mnt/media_rw/1F15-091F}
02-15 16:35:21.032  1610  1626 W Looper  : Dispatch took 152ms on android.ui, h=Handler (com.android.server.am.ActivityManagerService$UiHandler) {c002aee} cb=null msg=53
02-15 16:35:21.033  1610  1678 D VoldConnector: RCV <- {655 public:253,80 /mnt/media_rw/1F15-091F}
02-15 16:35:21.083  1610  1678 D VoldConnector: RCV <- {651 public:253,80 2}
02-15 16:35:21.100  1610  1610 W SystemServiceManager: Service com.android.server.trust.TrustManagerService took 89 ms in onBootPhase
02-15 16:35:21.114  1610  1678 D VoldConnector: RCV <- {200 6 Command succeeded}
02-15 16:35:21.118  1610  1677 E VoldConnector: NDC Command {6 volume mount public:253,80 0 0} took too long (688ms)
02-15 16:35:21.130  1610  1628 E BatteryExternalStatsWorker: no controller energy info supplied for telephony
02-15 16:35:21.155  1610  1610 D SystemServerTiming: PhaseThirdPartyAppsCanStart took to complete: 398ms
02-15 16:35:21.155  1727  1727 D SystemUIBootTiming: StartServicesNotificationChannels took to complete: 144ms
02-15 16:35:21.155  1610  1610 I SystemServer: MakeLocationServiceReady
02-15 16:35:21.162  1727  1727 D SystemUIBootTiming: StartServicesCommandQueueStart took to complete: 6ms
02-15 16:35:21.245  1610  1610 W LocationProviderProxy-network: Odd, no component found for service com.android.location.service.v3.NetworkLocationProvider
02-15 16:35:21.248  1610  1610 W GeocoderProxy: Odd, no component found for service com.android.location.service.GeocodeProvider
02-15 16:35:21.280  1610  1610 D LocationManagerService: FLP HAL not supported
02-15 16:35:21.305  1610  1610 W GeofenceProxy: Odd, no component found for service com.android.location.service.GeofenceProvider
02-15 16:35:21.316  1610  1610 D LocationManagerService: Hardware Activity-Recognition not supported.
02-15 16:35:21.317  1610  1610 W ActivityRecognitionProxy: Odd, no component found for service com.android.location.service.ActivityRecognitionProvider
02-15 16:35:21.359  1610  1610 D SystemServerTiming: MakeLocationServiceReady took to complete: 204ms
02-15 16:35:21.359  1610  1610 I SystemServer: MakeCountryDetectionServiceReady
