02-15 16:35:21.359  1610  1610 D SystemServerTiming: MakeCountryDetectionServiceReady took to complete: 0ms
02-15 16:35:21.359  1610  1610 I SystemServer: MakeNetworkTimeUpdateReady
02-15 16:35:21.375  1610  1610 D ConnectivityService: requestNetwork for uid/pid:1000/1610 NetworkRequest [ TRACK_DEFAULT id=5, [ Capabilities: INTERNET&NOT_RESTRICTED&TRUSTED&NOT_VPN] ]
02-15 16:35:21.391  1610  1610 D SystemServerTiming: MakeNetworkTimeUpdateReady took to complete: 31ms
02-15 16:35:21.391  1610  1610 I SystemServer: MakeCommonTimeManagementServiceReady
02-15 16:35:21.393  1610  1610 D SystemServerTiming: MakeCommonTimeManagementServiceReady took to complete: 1ms
02-15 16:35:21.393  1610  1610 I SystemServer: MakeInputManagerServiceReady
02-15 16:35:21.395  1610  1610 D SystemServerTiming: MakeInputManagerServiceReady took to complete: 2ms
02-15 16:35:21.395  1610  1610 I SystemServer: MakeTelephonyRegistryReady
02-15 16:35:21.396  1610  1610 D SystemServerTiming: MakeTelephonyRegistryReady took to complete: 0ms
02-15 16:35:21.396  1610  1610 I SystemServer: MakeMediaRouterServiceReady
02-15 16:35:21.404  1610  1610 D SystemServerTiming: MakeMediaRouterServiceReady took to complete: 8ms
02-15 16:35:21.405  1610  1610 I SystemServer: MakeMmsServiceReady
02-15 16:35:21.405  1610  1610 I MmsServiceBroker: Delay connecting to MmsService until an API is called
02-15 16:35:21.406  1610  1610 D SystemServerTiming: MakeMmsServiceReady took to complete: 1ms
02-15 16:35:21.406  1610  1610 I SystemServer: MakeNetworkScoreServiceReady
02-15 16:35:21.410  1610  1610 D SystemServerTiming: MakeNetworkScoreServiceReady took to complete: 0ms
02-15 16:35:21.410  1610  1610 I SystemServer: IncidentDaemonReady
02-15 16:35:21.414  1610  1610 D SystemServerTiming: IncidentDaemonReady took to complete: 4ms
02-15 16:35:21.415  1610  1610 I SystemServiceManager: Calling onStartUser u0
02-15 16:35:21.573  1610  1610 I ActivityManager: Start proc 1836:com.android.phone/1001 for added application com.android.phone
02-15 16:35:21.575  1610  1610 I ActivityManager: START u0 {act=android.intent.action.MAIN cat=[android.intent.category.HOME] flg=0x10000100 cmp=com.android.settings/.FallbackHome} from uid 0
02-15 16:35:21.824  1610  1610 I ActivityManager: Loaded persisted task ids for user 0
02-15 16:35:21.873  1610  1610 I ActivityManager: Start proc 1854:com.android.settings/1000 for activity com.android.settings/.FallbackHome
02-15 16:35:21.937  1610  1610 D SystemServerTiming: ActivityManagerStartApps took to complete: 523ms
02-15 16:35:21.937  1610  1610 D SystemServerTiming: PhaseActivityManagerReady took to complete: 2801ms
02-15 16:35:21.942  1610  1610 D SystemServerInitThreadPool: Shutdown successful
02-15 16:35:21.942  1610  1610 D SystemServerTiming: StartServices took to complete: 10095ms
02-15 16:35:21.950  1610  1610 I SystemServer: Enabled StrictMode for system server main thread.
02-15 16:35:22.012  1610  1622 W ActivityManager: Slow operation: 53ms so far, now at attachApplicationLocked: after updateOomAdjLocked
02-15 16:35:22.086  1610  1621 W ActivityManager: Slow operation: 63ms so far, now at attachApplicationLocked: immediately after bindApplication
02-15 16:35:22.086  1610  1621 W ActivityManager: Slow operation: 63ms so far, now at attachApplicationLocked: after updateLruProcessLocked
02-15 16:35:22.091  1610  1621 W ActivityManager: Slow operation: 68ms so far, now at attachApplicationLocked: after mServices.attachApplicationLocked
02-15 16:35:22.091  1610  1621 W ActivityManager: Slow operation: 68ms so far, now at attachApplicationLocked: after updateOomAdjLocked
02-15 16:35:22.103  1610  1626 W Looper  : Dispatch took 564ms on android.ui, h=Handler (com.android.server.am.ActivityManagerService$UiHandler) {c002aee} cb=null msg=53
02-15 16:35:22.104  1610  1610 D ConditionProviders.SCP: onConnected
02-15 16:35:22.104  1610  1610 D ZenLog  : set_zen_mode: off,readXml
02-15 16:35:22.105  1610  1610 D ConditionProviders: Subscribing to condition://android/event?userId=-10000&calendar=&reply=1 with ComponentInfo{android/com.android.server.notification.EventConditionProvider}
02-15 16:35:22.106  1610  1610 D ZenLog  : subscribe: condition://android/event?userId=-10000&calendar=&reply=1,ok
02-15 16:35:22.106  1610  1610 D ConditionProviders: Subscribing to condition://android/schedule?days=1.2.3.4.5&start=22.0&end=7.0&exitAtAlarm=false with ComponentInfo{android/com.android.server.notification.ScheduleConditionProvider}
02-15 16:35:22.106  1610  1610 D ZenLog  : subscribe: condition://android/schedule?days=1.2.3.4.5&start=22.0&end=7.0&exitAtAlarm=false,ok
02-15 16:35:22.106  1610  1610 D ConditionProviders: Subscribing to condition://android/schedule?days=6.7&start=23.30&end=10.0&exitAtAlarm=false with ComponentInfo{android/com.android.server.notification.ScheduleConditionProvider}
02-15 16:35:22.107  1610  1610 D ZenLog  : subscribe: condition://android/schedule?days=6.7&start=23.30&end=10.0&exitAtAlarm=false,ok
02-15 16:35:22.136  1610  1610 D ZenLog  : set_zen_mode: off,cleanUpZenRules
02-15 16:35:22.359  1727  1727 D SystemUIBootTiming: StartServicesKeyguardViewMediator took to complete: 1197ms
02-15 16:35:22.879  1610  1657 W LocalDisplayAdapter: Unable to find color mode 0, ignoring request.
02-15 16:35:22.916  1610  1625 W KeyguardServiceDelegate: onScreenTurningOn(): no keyguard service!
02-15 16:35:23.062  1610  1900 I Telecom : BluetoothRouteManager: getBluetoothAudioConnectedDevice: no headset service available.
02-15 16:35:23.063  1610  1610 I Telecom : SystemStateProvider: Registering car mode receiver: android.content.IntentFilter@618d9b7: TS.init@AAA
02-15 16:35:23.113  1610  1901 I Telecom : Logging.Events: Non-call EVENT: AUDIO_ROUTE, Entering state QuiescentEarpieceRoute
02-15 16:35:23.118  1727  1727 D SystemUIBootTiming: StartServicesRecents took to complete: 759ms
02-15 16:35:23.141  1610  1903 I Telecom : CallAudioModeStateMachine: Message received: null.: TS.init->CAMSM.pM_1@AAA
02-15 16:35:23.154  1610  1610 I Telecom : MissedCallNotifierImpl: Boot not yet complete -- call log db may not be available. Deferring loading until boot complete.: TS.init@AAA
02-15 16:35:23.217  1610  1610 I Telecom : Class: TelecomSystem.INSTANCE being set
02-15 16:35:23.235  1610  1610 W ContextImpl: Calling a method in the system process without a qualified user: android.app.ContextImpl.startService:1476 com.android.server.content.SyncManager$13.run:722 android.os.Handler.handleCallback:790 android.os.Handler.dispatchMessage:99 android.os.Looper.loop:164 
02-15 16:35:23.683  1610  1610 V WiredAccessoryManager: notifyWiredAccessoryChanged: when=0 bits= mask=54
02-15 16:35:23.694  1610  1610 V WiredAccessoryManager: newName=h2w newState=0 headsetState=0 prev headsetState=0
02-15 16:35:23.695  1610  1610 V WiredAccessoryManager: init()
02-15 16:35:23.810  1610  1610 V NotificationListeners: enabling notification listener for 0: ComponentInfo{com.google.android.apps.nexuslauncher/com.android.launcher3.notification.NotificationListener}
02-15 16:35:23.813  1610  1610 V NotificationListeners: binding: Intent { act=android.service.notification.NotificationListenerService cmp=com.google.android.apps.nexuslauncher/com.android.launcher3.notification.NotificationListener (has extras) }
02-15 16:35:23.834  1610  1610 W ActivityManager: Unable to start service Intent { act=android.service.notification.NotificationListenerService cmp=com.google.android.apps.nexuslauncher/com.android.launcher3.notification.NotificationListener } U=0: not found
02-15 16:35:23.859  1610  1610 W NotificationListeners: Unable to bind notification listener service: Intent { act=android.service.notification.NotificationListenerService cmp=com.google.android.apps.nexuslauncher/com.android.launcher3.notification.NotificationListener (has extras) }
02-15 16:35:23.935  1610  1610 D ConditionProviders.SCP: onSubscribe condition://android/schedule?days=1.2.3.4.5&start=22.0&end=7.0&exitAtAlarm=false
02-15 16:35:23.936  1610  1610 D ConditionProviders.SCP: setRegistered true
02-15 16:35:23.936  1610  1610 D ConditionProviders.SCP: notifyCondition condition://android/schedule?days=1.2.3.4.5&start=22.0&end=7.0&exitAtAlarm=false STATE_FALSE reason=!meetsSchedule
02-15 16:35:23.973  1610  1632 W WindowManager: App freeze timeout expired.
02-15 16:35:24.025  1610  1610 D ConditionProviders.SCP: Scheduling evaluate for Thu Feb 15 22:00:00 GMT+00:00 2018 (1518732000000), in +5h24m36s64ms, now=Thu Feb 15 16:35:23 GMT+00:00 2018 (1518712523936)
02-15 16:35:24.032  1610  1610 D ConditionProviders.SCP: onSubscribe condition://android/schedule?days=6.7&start=23.30&end=10.0&exitAtAlarm=false
02-15 16:35:24.091  1610  1610 D ConditionProviders.SCP: notifyCondition condition://android/schedule?days=6.7&start=23.30&end=10.0&exitAtAlarm=false STATE_FALSE reason=!meetsSchedule
02-15 16:35:24.094  1610  1610 D ConditionProviders.SCP: notifyCondition condition://android/schedule?days=1.2.3.4.5&start=22.0&end=7.0&exitAtAlarm=false STATE_FALSE reason=!meetsSchedule
02-15 16:35:24.101  1610  1610 D ConditionProviders.SCP: Scheduling evaluate for Thu Feb 15 22:00:00 GMT+00:00 2018 (1518732000000), in +5h24m35s965ms, now=Thu Feb 15 16:35:24 GMT+00:00 2018 (1518712524035)
02-15 16:35:24.209  1610  1610 I Telecom : WiredHeadsetManager: ACTION_HEADSET_PLUG event, plugged in: false, : WHC.oADA@AAE
02-15 16:35:24.259  1610  1696 E ActivityThread: Failed to find provider info for com.android.calendar
02-15 16:35:24.269  1610  1696 E ActivityThread: Failed to find provider info for com.android.calendar
02-15 16:35:24.286  1610  1610 D AutofillManagerService: Autofill restriction did not change for user 0: null
02-15 16:35:25.053  1727  1727 D SystemUIBootTiming: StartServicesVolumeUI took to complete: 1935ms
02-15 16:35:25.198  1610  1624 W LocationProviderProxy-network: Odd, no component found for service com.android.location.service.v3.NetworkLocationProvider
02-15 16:35:25.199  1610  1624 W GeocoderProxy: Odd, no component found for service com.android.location.service.GeocodeProvider
02-15 16:35:25.200  1610  1624 W GeofenceProxy: Odd, no component found for service com.android.location.service.GeofenceProvider
02-15 16:35:25.202  1610  1624 W ActivityRecognitionProxy: Odd, no component found for service com.android.location.service.ActivityRecognitionProvider
02-15 16:35:25.239  1727  1727 D SystemUIBootTiming: StartServicesDivider took to complete: 185ms
02-15 16:35:25.246  1610  1624 I SyncManager: Got SyncJobService instance.
02-15 16:35:25.701  1610  1690 D ConnectivityService: Got NetworkFactory Messenger for PhoneSwitcherNetworkRequstListener
02-15 16:35:25.748  1610  1690 D ConnectivityService: Got NetworkFactory Messenger for TelephonyNetworkFactory[0]
02-15 16:35:25.790  1836  1976 E ActivityThread: Failed to find provider info for com.android.contacts
02-15 16:35:25.979  1610  1621 W WallpaperManagerService: Cannot extract colors because wallpaper could not be read.
02-15 16:35:25.979  1610  1621 W WallpaperManagerService: Cannot extract colors because wallpaper could not be read.
02-15 16:35:26.084  1610  1869 I StatusBarManagerService: registerStatusBar bar=com.android.internal.statusbar.IStatusBar$Stub$Proxy@e78b402
02-15 16:35:26.093  1836  1836 I TelecomFramework: TtyManager: updateUiTtyMode -1 -> 0
02-15 16:35:10.798  1610  1610 D ConditionProviders.SCP: onReceive android.intent.action.TIME_SET
02-15 16:35:10.799  1610  1610 D ConditionProviders.SCP: notifyCondition condition://android/schedule?days=6.7&start=23.30&end=10.0&exitAtAlarm=false STATE_FALSE reason=!meetsSchedule
02-15 16:35:10.799  1610  1610 D ConditionProviders.SCP: notifyCondition condition://android/schedule?days=1.2.3.4.5&start=22.0&end=7.0&exitAtAlarm=false STATE_FALSE reason=!meetsSchedule
02-15 16:35:10.843  1610  1625 W ActivityManager: Slow operation: 60ms so far, now at startProcess: returned from zygote!
02-15 16:35:10.847  1610  1625 W ActivityManager: Slow operation: 64ms so far, now at startProcess: done updating battery stats
02-15 16:35:10.849  1610  1625 W ActivityManager: Slow operation: 66ms so far, now at startProcess: building log message
02-15 16:35:10.849  1610  1625 I ActivityManager: Start proc 1985:com.google.android.deskclock/u0a69 for broadcast com.google.android.deskclock/com.android.deskclock.AlarmInitReceiver
02-15 16:35:10.849  1610  1625 W ActivityManager: Slow operation: 66ms so far, now at startProcess: starting to update pids map
02-15 16:35:10.849  1610  1625 W ActivityManager: Slow operation: 66ms so far, now at startProcess: done updating pids map
02-15 16:35:10.850  1610  1625 W ActivityManager: Slow operation: 66ms so far, now at startProcess: done starting proc!
02-15 16:35:10.854  1610  1610 D ConditionProviders.SCP: Scheduling evaluate for Thu Feb 15 22:00:00 GMT+00:00 2018 (1518732000000), in +5h24m49s202ms, now=Thu Feb 15 16:35:10 GMT+00:00 2018 (1518712510798)
02-15 16:35:10.889  1610  1696 E ActivityThread: Failed to find provider info for com.android.calendar
02-15 16:35:10.890  1610  1696 E ActivityThread: Failed to find provider info for com.android.calendar
02-15 16:35:11.614  1985  2003 E ActivityThread: Failed to find provider info for media
02-15 16:35:11.810  1727  1727 I StatusBar: isKeyguardShowing() called before startKeyguard(), returning true
02-15 16:35:11.835  1727  1727 W StatusBar: isKeyguardSecure() called before startKeyguard(), returning false
02-15 16:35:11.835  1727  1727 W StatusBar: java.lang.Throwable
02-15 16:35:11.835  1727  1727 W StatusBar: 	at com.android.systemui.statusbar.phone.StatusBar.isKeyguardSecure(StatusBar.java:7551)
02-15 16:35:11.835  1727  1727 W StatusBar: 	at com.android.systemui.statusbar.phone.StatusBar.isCameraAllowedByAdmin(StatusBar.java:5436)
02-15 16:35:11.835  1727  1727 W StatusBar: 	at com.android.systemui.statusbar.phone.KeyguardBottomAreaView$DefaultRightButton.getIcon(KeyguardBottomAreaView.java:856)
02-15 16:35:11.835  1727  1727 W StatusBar: 	at com.android.systemui.statusbar.phone.KeyguardBottomAreaView.updateCameraVisibility(KeyguardBottomAreaView.java:382)
02-15 16:35:11.835  1727  1727 W StatusBar: 	at com.android.systemui.statusbar.phone.KeyguardBottomAreaView.setStatusBar(KeyguardBottomAreaView.java:351)
02-15 16:35:11.835  1727  1727 W StatusBar: 	at com.android.systemui.statusbar.phone.NotificationPanelView.setStatusBar(NotificationPanelView.java:252)
02-15 16:35:11.835  1727  1727 W StatusBar: 	at com.android.systemui.statusbar.phone.StatusBar.makeStatusBarView(StatusBar.java:1019)
02-15 16:35:11.835  1727  1727 W StatusBar: 	at com.android.systemui.statusbar.phone.StatusBar.addStatusBarWindow(StatusBar.java:3664)
02-15 16:35:11.835  1727  1727 W StatusBar: 	at com.android.systemui.statusbar.phone.StatusBar.createAndAddWindows(StatusBar.java:3660)
02-15 16:35:11.835  1727  1727 W StatusBar: 	at com.android.systemui.statusbar.phone.StatusBar.start(StatusBar.java:889)
02-15 16:35:11.835  1727  1727 W StatusBar: 	at com.google.android.systemui.statusbar.phone.StatusBarGoogle.start(StatusBarGoogle.java:56)
02-15 16:35:11.835  1727  1727 W StatusBar: 	at com.android.systemui.SystemBars.createStatusBarFromConfig(SystemBars.java:71)
02-15 16:35:11.835  1727  1727 W StatusBar: 	at com.android.systemui.SystemBars.start(SystemBars.java:42)
02-15 16:35:11.835  1727  1727 W StatusBar: 	at com.android.systemui.SystemUIApplication.startServicesIfNeeded(SystemUIApplication.java:215)
02-15 16:35:11.835  1727  1727 W StatusBar: 	at com.android.systemui.SystemUIApplication.startServicesIfNeeded(SystemUIApplication.java:164)
02-15 16:35:11.835  1727  1727 W StatusBar: 	at com.android.systemui.SystemUIService.onCreate(SystemUIService.java:33)
02-15 16:35:11.835  1727  1727 W StatusBar: 	at android.app.ActivityThread.handleCreateService(ActivityThread.java:3339)
02-15 16:35:11.835  1727  1727 W StatusBar: 	at android.app.ActivityThread.-wrap4(Unknown Source:0)
02-15 16:35:11.835  1727  1727 W StatusBar: 	at android.app.ActivityThread$H.handleMessage(ActivityThread.java:1677)
02-15 16:35:11.835  1727  1727 W StatusBar: 	at android.os.Handler.dispatchMessage(Handler.java:106)
02-15 16:35:11.835  1727  1727 W StatusBar: 	at android.os.Looper.loop(Looper.java:164)
02-15 16:35:11.835  1727  1727 W StatusBar: 	at android.app.ActivityThread.main(ActivityThread.java:6494)
02-15 16:35:11.835  1727  1727 W StatusBar: 	at java.lang.reflect.Method.invoke(Native Method)
02-15 16:35:11.835  1727  1727 W StatusBar: 	at com.android.internal.os.RuntimeInit$MethodAndArgsCaller.run(RuntimeInit.java:438)
02-15 16:35:11.835  1727  1727 W StatusBar: 	at com.android.internal.os.ZygoteInit.main(ZygoteInit.java:807)
02-15 16:35:11.908  1985  2003 E ActivityThread: Failed to find provider info for media
02-15 16:35:12.090  1727  1727 I StatusBar: isKeyguardShowing() called before startKeyguard(), returning true
02-15 16:35:12.092  1727  1727 W StatusBar: isKeyguardSecure() called before startKeyguard(), returning false
02-15 16:35:12.092  1727  1727 W StatusBar: java.lang.Throwable
02-15 16:35:12.092  1727  1727 W StatusBar: 	at com.android.systemui.statusbar.phone.StatusBar.isKeyguardSecure(StatusBar.java:7551)
02-15 16:35:12.092  1727  1727 W StatusBar: 	at com.android.systemui.statusbar.phone.StatusBar.isCameraAllowedByAdmin(StatusBar.java:5436)
02-15 16:35:12.092  1727  1727 W StatusBar: 	at com.android.systemui.statusbar.phone.KeyguardBottomAreaView$DefaultRightButton.getIcon(KeyguardBottomAreaView.java:856)
02-15 16:35:12.092  1727  1727 W StatusBar: 	at com.android.systemui.statusbar.phone.KeyguardBottomAreaView.updateCameraVisibility(KeyguardBottomAreaView.java:382)
02-15 16:35:12.092  1727  1727 W StatusBar: 	at com.android.systemui.statusbar.phone.KeyguardBottomAreaView.setUserSetupComplete(KeyguardBottomAreaView.java:360)
02-15 16:35:12.092  1727  1727 W StatusBar: 	at com.android.systemui.statusbar.phone.NotificationPanelView.setUserSetupComplete(NotificationPanelView.java:2655)
02-15 16:35:12.092  1727  1727 W StatusBar: 	at com.android.systemui.statusbar.phone.StatusBar.makeStatusBarView(StatusBar.java:1162)
02-15 16:35:12.092  1727  1727 W StatusBar: 	at com.android.systemui.statusbar.phone.StatusBar.addStatusBarWindow(StatusBar.java:3664)
02-15 16:35:12.092  1727  1727 W StatusBar: 	at com.android.systemui.statusbar.phone.StatusBar.createAndAddWindows(StatusBar.java:3660)
02-15 16:35:12.092  1727  1727 W StatusBar: 	at com.android.systemui.statusbar.phone.StatusBar.start(StatusBar.java:889)
02-15 16:35:12.092  1727  1727 W StatusBar: 	at com.google.android.systemui.statusbar.phone.StatusBarGoogle.start(StatusBarGoogle.java:56)
02-15 16:35:12.092  1727  1727 W StatusBar: 	at com.android.systemui.SystemBars.createStatusBarFromConfig(SystemBars.java:71)
02-15 16:35:12.092  1727  1727 W StatusBar: 	at com.android.systemui.SystemBars.start(SystemBars.java:42)
02-15 16:35:12.092  1727  1727 W StatusBar: 	at com.android.systemui.SystemUIApplication.startServicesIfNeeded(SystemUIApplication.java:215)
02-15 16:35:12.092  1727  1727 W StatusBar: 	at com.android.systemui.SystemUIApplication.startServicesIfNeeded(SystemUIApplication.java:164)
02-15 16:35:12.092  1727  1727 W StatusBar: 	at com.android.systemui.SystemUIService.onCreate(SystemUIService.java:33)
02-15 16:35:12.092  1727  1727 W StatusBar: 	at android.app.ActivityThread.handleCreateService(ActivityThread.java:3339)
02-15 16:35:12.092  1727  1727 W StatusBar: 	at android.app.ActivityThread.-wrap4(Unknown Source:0)
02-15 16:35:12.092  1727  1727 W StatusBar: 	at android.app.ActivityThread$H.handleMessage(ActivityThread.java:1677)
02-15 16:35:12.092  1727  1727 W StatusBar: 	at android.os.Handler.dispatchMessage(Handler.java:106)
02-15 16:35:12.092  1727  1727 W StatusBar: 	at android.os.Looper.loop(Looper.java:164)
02-15 16:35:12.092  1727  1727 W StatusBar: 	at android.app.ActivityThread.main(ActivityThread.java:6494)
02-15 16:35:12.092  1727  1727 W StatusBar: 	at java.lang.reflect.Method.invoke(Native Method)
02-15 16:35:12.092  1727  1727 W StatusBar: 	at com.android.internal.os.RuntimeInit$MethodAndArgsCaller.run(RuntimeInit.java:438)
02-15 16:35:12.092  1727  1727 W StatusBar: 	at com.android.internal.os.ZygoteInit.main(ZygoteInit.java:807)
02-15 16:35:12.124  1836  1836 D MccTable: updateMccMncConfiguration mccmnc='310260' fromServiceState=true
02-15 16:35:12.145  1836  1836 D MccTable: updateMccMncConfiguration defaultMccMnc=
02-15 16:35:12.145  1836  1836 D MccTable: updateMccMncConfiguration: mcc=310, mnc=260
02-15 16:35:12.189  1610  1610 D ConditionProviders.SCP: onReceive android.intent.action.TIMEZONE_CHANGED
02-15 16:35:12.190  1610  1610 D ConditionProviders.SCP: notifyCondition condition://android/schedule?days=6.7&start=23.30&end=10.0&exitAtAlarm=false STATE_FALSE reason=!meetsSchedule
02-15 16:35:12.190  1610  1610 D ConditionProviders.SCP: notifyCondition condition://android/schedule?days=1.2.3.4.5&start=22.0&end=7.0&exitAtAlarm=false STATE_FALSE reason=!meetsSchedule
02-15 16:35:12.193  1836  1836 D MccTable: timezone set to America/New_York
02-15 16:35:12.194  1836  1836 D MccTable: WIFI_COUNTRY_CODE set to us
02-15 16:35:12.210  1610  1622 I WifiService: WifiService trying to set country code to us with persist set to false
02-15 16:35:12.242  1610  1610 D ConditionProviders.SCP: Scheduling evaluate for Thu Feb 15 22:00:00 EST 2018 (1518750000000), in +10h24m47s811ms, now=Thu Feb 15 11:35:12 EST 2018 (1518712512189)
02-15 16:35:12.257  1610  1869 W ActivityManager: Unable to start service Intent { act=com.google.android.gms.icing.LIGHTWEIGHT_INDEX_SERVICE pkg=com.google.android.gms } U=0: not found
02-15 16:35:12.258  1610  1869 W ActivityManager: Unbind failed: could not find connection for android.os.BinderProxy@c16cbae
02-15 16:35:12.270  1610  1696 E ActivityThread: Failed to find provider info for com.android.calendar
02-15 16:35:12.271  1610  1696 E ActivityThread: Failed to find provider info for com.android.calendar
02-15 16:35:12.365  1727  1727 I StatusBar: isKeyguardShowing() called before startKeyguard(), returning true
02-15 16:35:12.365  1727  1727 W StatusBar: isKeyguardSecure() called before startKeyguard(), returning false
02-15 16:35:12.365  1727  1727 W StatusBar: java.lang.Throwable
02-15 16:35:12.365  1727  1727 W StatusBar: 	at com.android.systemui.statusbar.phone.StatusBar.isKeyguardSecure(StatusBar.java:7551)
02-15 16:35:12.365  1727  1727 W StatusBar: 	at com.android.systemui.statusbar.phone.StatusBar.isCameraAllowedByAdmin(StatusBar.java:5436)
02-15 16:35:12.365  1727  1727 W StatusBar: 	at com.android.systemui.statusbar.phone.KeyguardBottomAreaView$DefaultRightButton.getIcon(KeyguardBottomAreaView.java:856)
02-15 16:35:12.365  1727  1727 W StatusBar: 	at com.android.systemui.statusbar.phone.KeyguardBottomAreaView.updateCameraVisibility(KeyguardBottomAreaView.java:382)
02-15 16:35:12.365  1727  1727 W StatusBar: 	at com.android.systemui.statusbar.phone.KeyguardBottomAreaView.setUserSetupComplete(KeyguardBottomAreaView.java:360)
02-15 16:35:12.365  1727  1727 W StatusBar: 	at com.android.systemui.statusbar.phone.NotificationPanelView.setUserSetupComplete(NotificationPanelView.java:2655)
02-15 16:35:12.365  1727  1727 W StatusBar: 	at com.android.systemui.statusbar.phone.StatusBar$1.onUserSetupChanged(StatusBar.java:524)
02-15 16:35:12.365  1727  1727 W StatusBar: 	at com.android.systemui.statusbar.policy.DeviceProvisionedControllerImpl.addCallback(DeviceProvisionedControllerImpl.java:69)
02-15 16:35:12.365  1727  1727 W StatusBar: 	at com.android.systemui.statusbar.policy.DeviceProvisionedControllerImpl.addCallback(DeviceProvisionedControllerImpl.java:63)
02-15 16:35:12.365  1727  1727 W StatusBar: 	at com.android.systemui.statusbar.phone.StatusBar.makeStatusBarView(StatusBar.java:1252)
02-15 16:35:12.365  1727  1727 W StatusBar: 	at com.android.systemui.statusbar.phone.StatusBar.addStatusBarWindow(StatusBar.java:3664)
02-15 16:35:12.365  1727  1727 W StatusBar: 	at com.android.systemui.statusbar.phone.StatusBar.createAndAddWindows(StatusBar.java:3660)
02-15 16:35:12.365  1727  1727 W StatusBar: 	at com.android.systemui.statusbar.phone.StatusBar.start(StatusBar.java:889)
02-15 16:35:12.365  1727  1727 W StatusBar: 	at com.google.android.systemui.statusbar.phone.StatusBarGoogle.start(StatusBarGoogle.java:56)
02-15 16:35:12.365  1727  1727 W StatusBar: 	at com.android.systemui.SystemBars.createStatusBarFromConfig(SystemBars.java:71)
02-15 16:35:12.365  1727  1727 W StatusBar: 	at com.android.systemui.SystemBars.start(SystemBars.java:42)
02-15 16:35:12.365  1727  1727 W StatusBar: 	at com.android.systemui.SystemUIApplication.startServicesIfNeeded(SystemUIApplication.java:215)
02-15 16:35:12.365  1727  1727 W StatusBar: 	at com.android.systemui.SystemUIApplication.startServicesIfNeeded(SystemUIApplication.java:164)
02-15 16:35:12.365  1727  1727 W StatusBar: 	at com.android.systemui.SystemUIService.onCreate(SystemUIService.java:33)
02-15 16:35:12.365  1727  1727 W StatusBar: 	at android.app.ActivityThread.handleCreateService(ActivityThread.java:3339)
02-15 16:35:12.365  1727  1727 W StatusBar: 	at android.app.ActivityThread.-wrap4(Unknown Source:0)
02-15 16:35:12.365  1727  1727 W StatusBar: 	at android.app.ActivityThread$H.handleMessage(ActivityThread.java:1677)
02-15 16:35:12.365  1727  1727 W StatusBar: 	at android.os.Handler.dispatchMessage(Handler.java:106)
02-15 16:35:12.365  1727  1727 W StatusBar: 	at android.os.Looper.loop(Looper.java:164)
02-15 16:35:12.365  1727  1727 W StatusBar: 	at android.app.ActivityThread.main(ActivityThread.java:6494)
02-15 16:35:12.365  1727  1727 W StatusBar: 	at java.lang.reflect.Method.invoke(Native Method)
02-15 16:35:12.365  1727  1727 W StatusBar: 	at com.android.internal.os.RuntimeInit$MethodAndArgsCaller.run(RuntimeInit.java:438)
02-15 16:35:12.365  1727  1727 W StatusBar: 	at com.android.internal.os.ZygoteInit.main(ZygoteInit.java:807)
02-15 16:35:12.371  1610  1626 W WindowManager: Keyguard drawn timeout. Setting mKeyguardDrawComplete
02-15 16:35:12.391  1610  1657 W LocalDisplayAdapter: Unable to find color mode 0, ignoring request.
02-15 16:35:12.481  1610  1657 W LocalDisplayAdapter: Unable to find color mode 0, ignoring request.
02-15 16:35:12.800  1727  1727 D SystemUIBootTiming: StartServicesSystemBars took to complete: 3108ms
02-15 16:35:12.827  1727  1970 E ActivityThread: Failed to find provider info for com.android.contacts
02-15 16:35:13.070  1727  1727 D SystemUIBootTiming: StartServicesStorageNotification took to complete: 266ms
02-15 16:35:13.127  1610  1869 E PowerManagerService: Failed to read last_reboot_reason file
02-15 16:35:13.127  1610  1869 E PowerManagerService: java.io.FileNotFoundException: /data/misc/reboot/last_reboot_reason (No such file or directory)
02-15 16:35:13.127  1610  1869 E PowerManagerService: 	at java.io.FileInputStream.open0(Native Method)
02-15 16:35:13.127  1610  1869 E PowerManagerService: 	at java.io.FileInputStream.open(FileInputStream.java:200)
02-15 16:35:13.127  1610  1869 E PowerManagerService: 	at java.io.FileInputStream.<init>(FileInputStream.java:150)
02-15 16:35:13.127  1610  1869 E PowerManagerService: 	at java.io.FileReader.<init>(FileReader.java:72)
02-15 16:35:13.127  1610  1869 E PowerManagerService: 	at com.android.server.power.PowerManagerService.getLastShutdownReasonInternal(PowerManagerService.java:4641)
02-15 16:35:13.127  1610  1869 E PowerManagerService: 	at com.android.server.power.PowerManagerService$BinderService.getLastShutdownReason(PowerManagerService.java:4405)
02-15 16:35:13.127  1610  1869 E PowerManagerService: 	at android.os.IPowerManager$Stub.onTransact(IPowerManager.java:302)
02-15 16:35:13.127  1610  1869 E PowerManagerService: 	at android.os.Binder.execTransact(Binder.java:697)
02-15 16:35:13.128  1727  1727 D SystemUIBootTiming: StartServicesPowerUI took to complete: 58ms
02-15 16:35:13.130  1727  1727 D SystemUIBootTiming: StartServicesRingtonePlayer took to complete: 2ms
02-15 16:35:13.143  1727  1727 D SystemUIBootTiming: StartServicesKeyboardUI took to complete: 13ms
02-15 16:35:13.262  1727  1727 D SystemUIBootTiming: StartServicesPipUI took to complete: 118ms
02-15 16:35:13.277  1727  1727 D SystemUIBootTiming: StartServicesShortcutKeyDispatcher took to complete: 15ms
02-15 16:35:13.287  1610  1622 I Telecom : PhoneAccountRegistrar: New phone account registered: [[ ] PhoneAccount: ComponentInfo{com.android.phone/com.android.services.telephony.TelephonyConnectionService}, [e0184adedf913b076626646d3f52c3b49c39ad6d], UserHandle{0} Capabilities: CallProvider MultiUser PlaceEmerg SimSub  Audio Routes: BESW Schemes: tel voicemail  Extras: Bundle[mParcelledData.dataSize=124] GroupId: [da39a3ee5e6b4b0d3255bfef95601890afd80709]]: TSI.rPA@AAg
02-15 16:35:13.296  1727  1727 D SystemUIBootTiming: StartServicesVendorServices took to complete: 19ms
02-15 16:35:13.308  1727  1727 D SystemUIBootTiming: StartServicesService took to complete: 6ms
02-15 16:35:13.314  1610  1622 I Telecom : CallsManager: Sending phone-account ComponentInfo{com.android.phone/com.android.services.telephony.TelephonyConnectionService}, [e0184adedf913b076626646d3f52c3b49c39ad6d], UserHandle{0} registered intent as user: TSI.rPA@AAg
02-15 16:35:13.320  1610  1622 I Telecom : CallsManager: Sending phone-account registered intent to default dialer: TSI.rPA@AAg
02-15 16:35:13.323  1727  1727 D SystemUIBootTiming: StartServicesLatencyTester took to complete: 13ms
02-15 16:35:13.334  1727  1727 D SystemUIBootTiming: StartServicesGlobalActionsComponent took to complete: 10ms
02-15 16:35:13.347  1727  1727 D SystemUIBootTiming: StartServicesRoundedCorners took to complete: 9ms
02-15 16:35:13.347  1727  1727 D SystemUIBootTiming: StartServices took to complete: 7909ms
02-15 16:35:13.350  1836  1836 I TelecomFramework: AccountEntry: Registered phoneAccount: [[ ] PhoneAccount: ComponentInfo{com.android.phone/com.android.services.telephony.TelephonyConnectionService}, [e0184adedf913b076626646d3f52c3b49c39ad6d], UserHandle{0} Capabilities: CallProvider MultiUser PlaceEmerg SimSub  Audio Routes: BESW Schemes: tel voicemail  Extras: Bundle[{android.telecom.extra.SUPPORTS_VIDEO_CALLING_FALLBACK=true}] GroupId: [da39a3ee5e6b4b0d3255bfef95601890afd80709]] with handle: ComponentInfo{com.android.phone/com.android.services.telephony.TelephonyConnectionService}, [e0184adedf913b076626646d3f52c3b49c39ad6d], UserHandle{0}
02-15 16:35:13.353  1836  1836 I TelecomFramework: PstnIncomingCallNotifier: Registering: Handler (com.android.internal.telephony.GsmCdmaPhone) {1995c97}
02-15 16:35:13.375  1836  1836 I TelecomFramework: TelecomAccountRegistry: Unregistering phone account ComponentInfo{com.android.phone/com.android.services.telephony.TelephonyConnectionService}, [e2f7d48dd2b5ca523e7313cf4ba0f6ea830b6281], UserHandle{0}.
02-15 16:35:13.381  1610  1651 I Telecom : CallsManager: Sending phone-account ComponentInfo{com.android.phone/com.android.services.telephony.TelephonyConnectionService}, [e2f7d48dd2b5ca523e7313cf4ba0f6ea830b6281], UserHandle{0} unregistered intent as user: TSI.uPA@AAo
02-15 16:35:13.384  1610  1651 I Telecom : CallsManager: Sending phone-account unregistered intent to default dialer: TSI.uPA@AAo
02-15 16:35:13.583  1610  1632 I WindowManager: ******* TELLING SURFACE FLINGER WE ARE BOOTED!
02-15 16:35:13.602  1610  1632 I SystemServiceManager: Starting phase 1000
02-15 16:35:13.630  1610  1630 I UsbDeviceManager: Setting USB config to adb
02-15 16:35:13.692  1610  1632 D ActivityManager: Finishing user boot 0
02-15 16:35:13.693  1610  1632 I ActivityManager: User 0 state changed from BOOTING to RUNNING_LOCKED
02-15 16:35:13.695  1610  1632 D StorageManagerService: Setting property: sys.user.0.ce_available=true
02-15 16:35:13.737  1610  1632 I ActivityManager: User 0 state changed from RUNNING_LOCKED to RUNNING_UNLOCKING
02-15 16:35:13.738  1610  1632 D CryptdConnector: SND -> {3 cryptfs prepare_user_storage ! 0 0 2}
02-15 16:35:13.738  1347  1353 D vold    : e4crypt_prepare_user_storage for volume null, user 0, serial 0, flags 2
02-15 16:35:13.738  1347  1353 D vold    : Preparing: /data/system_ce/0
02-15 16:35:13.830  1347  1353 D vold    : Preparing: /data/misc_ce/0
02-15 16:35:13.830  1347  1353 D vold    : Preparing: /data/media/0
02-15 16:35:13.841  1347  1353 D vold    : Preparing: /data/data
02-15 16:35:13.842  1610  1679 D CryptdConnector: RCV <- {200 3 Command succeeded}
02-15 16:35:13.846  1610  1632 V UserDataPreparer: Found /data/user/0 with serial number 0
02-15 16:35:13.847  1610  1632 V UserDataPreparer: Found /data/system_ce/0 with serial number 0
02-15 16:35:13.848  1610  1632 V PackageManager: reconcileAppsData for null u0 0x2 migrateAppData=false
02-15 16:35:14.173  1610  1632 V PackageManager: reconcileAppsData finished 99 packages
02-15 16:35:14.177  1610  1625 I SystemServiceManager: Calling onUnlockUser u0
02-15 16:35:14.181  1610  1690 D ConnectivityService: Got NetworkFactory Messenger for WIFI
02-15 16:35:14.182  1610  1690 D ConnectivityService: Got NetworkFactory Messenger for WIFI_UT
02-15 16:35:14.183  1610  1625 D StorageManagerService: onUnlockUser 0
02-15 16:35:14.184  1610  1625 D VoldConnector: SND -> {7 volume user_started 0}
02-15 16:35:14.184  1347  1352 D vold    : Linking /storage/emulated/0 to /mnt/user/0/primary
02-15 16:35:14.185  1610  1678 D VoldConnector: RCV <- {200 7 Command succeeded}
02-15 16:35:14.216  1610  1677 D StorageManagerService: Volume emulated broadcasting mounted to UserHandle{0}
02-15 16:35:14.337  1610  1625 W SystemServiceManager: Service com.android.server.TextServicesManagerService$Lifecycle took 103 ms in onUnlockUser 
02-15 16:35:14.370  1610  1625 I BackupManagerService: Instantiating BackupManagerService
02-15 16:35:14.445  1610  1625 V BackupManagerService: No ancestral data
02-15 16:35:14.554  1836  1836 I TelecomFramework: PstnPhoneCapabilitiesNotifier: handleVideoCapabilitesChanged. Video capability - false
02-15 16:35:14.560  1610  1625 V BackupManagerService: Starting with transport com.google.android.gms/.backup.BackupTransportService
02-15 16:35:14.562  1610  1625 D BackupTransportManager: Binding to transport: android/com.android.internal.backup.LocalTransportService
02-15 16:35:14.570  1610  1625 D BackupTransportManager: Binding to transport: com.google.android.gms/.backup.BackupTransportService
02-15 16:35:14.602  1610  1625 I ActivityManager: Start proc 2031:com.google.android.gms.persistent/u0a14 for service com.google.android.gms/.backup.BackupTransportService
02-15 16:35:14.602  1610  1625 D BackupTransportManager: Binding to transport: com.google.android.gms/.backup.component.D2dTransportService
02-15 16:35:14.604  1610  1625 I BackupManagerService: Backup enabled => false
02-15 16:35:14.628  1610  1804 I Telecom : PhoneAccountRegistrar: Modify account: [ComponentInfo{com.android.phone/com.android.services.telephony.TelephonyConnectionService}, [e0184adedf913b076626646d3f52c3b49c39ad6d], UserHandle{0}]: TSI.rPA@AAw
02-15 16:35:14.705  1610  1630 E UsbDeviceManager: waitForState(none) FAILED: got 
02-15 16:35:14.705  1610  1630 E UsbDeviceManager: Failed to kick USB config
02-15 16:35:14.705  1610  1630 E UsbDeviceManager: Failsafe 2: Restoring default USB functions.
02-15 16:35:14.705  1610  1630 I UsbDeviceManager: Setting USB config to adb
02-15 16:35:14.743  1610  1610 W ActivityManager: Slow operation: 60ms so far, now at startProcess: returned from zygote!
02-15 16:35:14.744  1610  1610 W ActivityManager: Slow operation: 60ms so far, now at startProcess: done updating battery stats
02-15 16:35:14.744  1610  1610 W ActivityManager: Slow operation: 61ms so far, now at startProcess: building log message
02-15 16:35:14.744  1610  1610 I ActivityManager: Start proc 2046:com.google.android.setupwizard/u0a26 for service com.google.android.setupwizard/.deferred.DeferredSetupScheduler
02-15 16:35:14.744  1610  1610 W ActivityManager: Slow operation: 61ms so far, now at startProcess: starting to update pids map
02-15 16:35:14.749  1610  1610 W ActivityManager: Slow operation: 66ms so far, now at startProcess: done updating pids map
02-15 16:35:14.749  1610  1610 W ActivityManager: Slow operation: 70ms so far, now at startProcess: done starting proc!
02-15 16:35:14.759  1610  1625 W SystemServiceManager: Service com.android.server.backup.BackupManagerService$Lifecycle took 391 ms in onUnlockUser 
02-15 16:35:14.761  1610  2030 V KeyValueBackupJob: Scheduling k/v pass in 244 minutes
02-15 16:35:14.847  1610  1804 W ActivityManager: Slow operation: 96ms so far, now at attachApplicationLocked: immediately after bindApplication
02-15 16:35:14.847  1610  1804 W ActivityManager: Slow operation: 97ms so far, now at attachApplicationLocked: after updateLruProcessLocked
02-15 16:35:14.898  1610  1804 W ActivityManager: Slow operation: 148ms so far, now at attachApplicationLocked: after mServices.attachApplicationLocked
02-15 16:35:14.959  1610  2026 W ActivityManager: Slow operation: 54ms so far, now at attachApplicationLocked: immediately after bindApplication
02-15 16:35:14.959  1610  2026 W ActivityManager: Slow operation: 54ms so far, now at attachApplicationLocked: after updateLruProcessLocked
02-15 16:35:14.971  1610  2026 W ActivityManager: Slow operation: 66ms so far, now at attachApplicationLocked: after mServices.attachApplicationLocked
02-15 16:35:15.064  1610  1651 W ActivityManager: Slow operation: 70ms so far, now at startProcess: returned from zygote!
02-15 16:35:15.064  1610  1651 W ActivityManager: Slow operation: 70ms so far, now at startProcess: done updating battery stats
02-15 16:35:15.064  1610  1651 W ActivityManager: Slow operation: 70ms so far, now at startProcess: building log message
02-15 16:35:15.064  1610  1651 I ActivityManager: Start proc 2063:android.process.acore/u0a1 for content provider com.android.providers.contacts/.ContactsProvider2
02-15 16:35:15.064  1610  1651 W ActivityManager: Slow operation: 70ms so far, now at startProcess: starting to update pids map
02-15 16:35:15.064  1610  1651 W ActivityManager: Slow operation: 70ms so far, now at startProcess: done updating pids map
02-15 16:35:15.064  1610  1651 W ActivityManager: Slow operation: 72ms so far, now at startProcess: done starting proc!
02-15 16:35:15.066  1610  1651 W ActivityManager: Slow operation: 77ms so far, now at getContentProviderImpl: after start process
02-15 16:35:15.070  1610  1651 W ActivityManager: Slow operation: 80ms so far, now at getContentProviderImpl: updating data structures
02-15 16:35:15.071  1610  1651 W ActivityManager: Slow operation: 82ms so far, now at getContentProviderImpl: done!
02-15 16:35:15.149  1610  1625 W ActivityManager: Slow operation: 64ms so far, now at startProcess: returned from zygote!
02-15 16:35:15.149  1610  1625 W ActivityManager: Slow operation: 65ms so far, now at startProcess: done updating battery stats
02-15 16:35:15.149  1610  1625 W ActivityManager: Slow operation: 65ms so far, now at startProcess: building log message
02-15 16:35:15.149  1610  1625 I ActivityManager: Start proc 2079:com.google.android.googlequicksearchbox:interactor/u0a32 for service com.google.android.googlequicksearchbox/com.google.android.voiceinteraction.GsaVoiceInteractionService
02-15 16:35:15.157  1610  1625 W ActivityManager: Slow operation: 73ms so far, now at startProcess: starting to update pids map
02-15 16:35:15.158  1610  1625 W ActivityManager: Slow operation: 74ms so far, now at startProcess: done updating pids map
02-15 16:35:15.158  1610  1625 W ActivityManager: Slow operation: 77ms so far, now at startProcess: done starting proc!
02-15 16:35:15.158  1610  1625 W SystemServiceManager: Service com.android.server.voiceinteraction.VoiceInteractionManagerService took 399 ms in onUnlockUser 
02-15 16:35:15.169  1610  1626 W Looper  : Dispatch took 319ms on android.ui, h=Handler (com.android.server.am.ActivityManagerService$UiHandler) {c002aee} cb=null msg=53
02-15 16:35:15.173  1610  1610 D BackupTransportManager: Bound to transport: android/com.android.internal.backup.LocalTransportService
02-15 16:35:15.236  1610  2062 W ActivityManager: Slow operation: 67ms so far, now at attachApplicationLocked: immediately after bindApplication
02-15 16:35:15.237  1610  2062 W ActivityManager: Slow operation: 68ms so far, now at attachApplicationLocked: after updateLruProcessLocked
02-15 16:35:15.243  1610  2062 W ActivityManager: Slow operation: 74ms so far, now at attachApplicationLocked: after mServices.attachApplicationLocked
02-15 16:35:15.247  1610  2062 W ActivityManager: Slow operation: 77ms so far, now at attachApplicationLocked: after updateOomAdjLocked
02-15 16:35:15.306  1610  1625 D AutofillManagerServiceImpl: Set component for user 0 as ServiceInfo{48b29d8 com.google.android.gms.autofill.service.AutofillService}
02-15 16:35:15.323  1610  1804 W ActivityManager: Slow operation: 70ms so far, now at attachApplicationLocked: after mServices.attachApplicationLocked
02-15 16:35:15.328  1610  1626 W Looper  : Dispatch took 158ms on android.ui, h=Handler (com.android.server.am.ActivityManagerService$UiHandler) {c002aee} cb=null msg=53
02-15 16:35:15.344  1610  1626 D AutofillUI: destroySaveUiUiThread(): already destroyed
02-15 16:35:15.344  1610  1625 D AutofillManagerServiceImpl: Set component for user 0 as ServiceInfo{b10d131 com.google.android.gms.autofill.service.AutofillService}
02-15 16:35:15.344  1610  1625 W SystemServiceManager: Service com.android.server.autofill.AutofillManagerService took 162 ms in onUnlockUser 
02-15 16:35:15.344  1610  1621 I ActivityManager: Start proc 2099:com.google.android.gms/u0a14 for broadcast com.google.android.gms/.checkin.CheckinServiceTriggerReceiver
02-15 16:35:15.375  1610  1625 I ActivityManager: Loading recents for user 0 into memory.
02-15 16:35:15.425  1836  1836 D MccTable: updateMccMncConfiguration mccmnc='310260' fromServiceState=false
02-15 16:35:15.453  1836  1836 D MccTable: updateMccMncConfiguration defaultMccMnc=
02-15 16:35:15.453  1836  1836 D MccTable: updateMccMncConfiguration: mcc=310, mnc=260
02-15 16:35:15.453  1836  1836 D MccTable: updateMccMncConfiguration updateConfig config={0.0 310mcc260mnc ?localeList ?layoutDir ?swdp ?wdp ?hdp ?density ?lsize ?long ?ldr ?wideColorGamut ?orien ?uimode ?night ?touch ?keyb/?/? ?nav/?}
02-15 16:35:15.510  1610  1625 I ActivityManager: User 0 state changed from RUNNING_UNLOCKING to RUNNING_UNLOCKED
02-15 16:35:15.524  1610  1625 I ActivityManager: Sending BOOT_COMPLETE user #0
02-15 16:35:15.558  1610  1621 I ActivityManager: Config changes=3 {1.0 310mcc260mnc [en_US] ldltr sw411dp w411dp h659dp 420dpi nrml port finger qwerty/v/v -nav/h appBounds=Rect(0, 0 - 1080, 1794) s.6}
02-15 16:35:15.653  1610  1621 I ActivityManager: Override config changes=3 {1.0 310mcc260mnc [en_US] ldltr sw411dp w411dp h659dp 420dpi nrml port finger qwerty/v/v -nav/h appBounds=Rect(0, 0 - 1080, 1794) s.6} for displayId=0
02-15 16:35:15.794  1610  1630 E UsbDeviceManager: waitForState(none) FAILED: got 
02-15 16:35:15.794  1610  1630 E UsbDeviceManager: Failed to kick USB config
02-15 16:35:15.794  1610  1630 E UsbDeviceManager: Failsafe 3: Restoring empty function list (with ADB if enabled).
02-15 16:35:15.794  1610  1630 I UsbDeviceManager: Setting USB config to adb
02-15 16:35:15.820  1610  2062 W ActivityManager: Slow operation: 127ms so far, now at attachApplicationLocked: immediately after bindApplication
02-15 16:35:15.820  1610  2062 W ActivityManager: Slow operation: 127ms so far, now at attachApplicationLocked: after updateLruProcessLocked
02-15 16:35:15.821  1610  2062 W ActivityManager: Slow operation: 128ms so far, now at attachApplicationLocked: after mServices.attachApplicationLocked
02-15 16:35:15.823  1610  2062 W ActivityManager: Slow operation: 130ms so far, now at attachApplicationLocked: after sendPendingBroadcastsLocked
02-15 16:35:16.198  1610  1610 V NotificationListeners: enabling notification listener for 0: ComponentInfo{com.google.android.apps.nexuslauncher/com.android.launcher3.notification.NotificationListener}
02-15 16:35:16.198  1610  1610 V NotificationListeners: binding: Intent { act=android.service.notification.NotificationListenerService cmp=com.google.android.apps.nexuslauncher/com.android.launcher3.notification.NotificationListener (has extras) }
02-15 16:35:16.332  1610  1867 I ActivityManager: START u0 {act=android.intent.action.MAIN cat=[android.intent.category.HOME] flg=0x10000100 cmp=com.google.android.apps.nexuslauncher/.NexusLauncherActivity} from uid 0
02-15 16:35:16.515  1610  1867 W ActivityManager: Slow operation: 52ms so far, now at startProcess: returned from zygote!
02-15 16:35:16.515  1610  1867 W ActivityManager: Slow operation: 52ms so far, now at startProcess: done updating battery stats
02-15 16:35:16.515  1610  1867 W ActivityManager: Slow operation: 52ms so far, now at startProcess: building log message
02-15 16:35:16.515  1610  1867 I ActivityManager: Start proc 2141:com.google.android.apps.nexuslauncher/u0a24 for activity com.google.android.apps.nexuslauncher/.NexusLauncherActivity
02-15 16:35:16.516  1610  1867 W ActivityManager: Slow operation: 52ms so far, now at startProcess: starting to update pids map
02-15 16:35:16.516  1610  1867 W ActivityManager: Slow operation: 53ms so far, now at startProcess: done updating pids map
02-15 16:35:16.516  1610  1867 W ActivityManager: Slow operation: 54ms so far, now at startProcess: done starting proc!
02-15 16:35:16.736  1610  2062 D CryptdConnector: SND -> {4 cryptfs getpwtype}
02-15 16:35:16.750  1610  1685 D WifiService: New client listening to asynchronous messages
02-15 16:35:16.758  1347  1353 D VoldCryptCmdListener: cryptfs getpwtype
02-15 16:35:16.760  1836  1836 I TelecomFramework: PstnIncomingCallNotifier: Unregistering: Handler (com.android.internal.telephony.GsmCdmaPhone) {1995c97}
02-15 16:35:16.762  1610  1679 D CryptdConnector: RCV <- {213 4 default}
02-15 16:35:16.952  1610  1804 W ActivityManager: Slow operation: 134ms so far, now at attachApplicationLocked: immediately after bindApplication
02-15 16:35:16.952  1610  1804 W ActivityManager: Slow operation: 134ms so far, now at attachApplicationLocked: after updateLruProcessLocked
02-15 16:35:17.006  1610  2030 I BackupManagerService: Found stale backup journal, scheduling
02-15 16:35:17.024  1610  1804 W ActivityManager: Slow operation: 206ms so far, now at attachApplicationLocked: after mServices.attachApplicationLocked
02-15 16:35:17.077  1610  1622 I Telecom : PhoneAccountRegistrar: Modify account: [ComponentInfo{com.android.phone/com.android.services.telephony.TelephonyConnectionService}, [e0184adedf913b076626646d3f52c3b49c39ad6d], UserHandle{0}(addr: tel:*********** -> tel:)(subAddr: tel:*********** -> tel:)]: TSI.rPA@AA0
02-15 16:35:17.080  1836  1836 I TelecomFramework: AccountEntry: Registered phoneAccount: [[ ] PhoneAccount: ComponentInfo{com.android.phone/com.android.services.telephony.TelephonyConnectionService}, [e0184adedf913b076626646d3f52c3b49c39ad6d], UserHandle{0} Capabilities: CallProvider MultiUser PlaceEmerg SimSub  Audio Routes: BESW Schemes: tel voicemail  Extras: Bundle[{android.telecom.extra.SUPPORTS_VIDEO_CALLING_FALLBACK=true}] GroupId: [da39a3ee5e6b4b0d3255bfef95601890afd80709]] with handle: ComponentInfo{com.android.phone/com.android.services.telephony.TelephonyConnectionService}, [e0184adedf913b076626646d3f52c3b49c39ad6d], UserHandle{0}
02-15 16:35:17.081  1836  1836 I TelecomFramework: PstnIncomingCallNotifier: Registering: Handler (com.android.internal.telephony.GsmCdmaPhone) {1995c97}
02-15 16:35:17.086  1610  2116 W ActivityManager: Slow operation: 54ms so far, now at startProcess: returned from zygote!
02-15 16:35:17.087  1610  2116 W ActivityManager: Slow operation: 54ms so far, now at startProcess: done updating battery stats
02-15 16:35:17.087  1610  2116 W ActivityManager: Slow operation: 55ms so far, now at startProcess: building log message
02-15 16:35:17.087  1610  2116 I ActivityManager: Start proc 2170:com.google.process.gservices/u0a14 for content provider com.google.android.gsf/.gservices.GservicesProvider
02-15 16:35:17.087  1610  2116 W ActivityManager: Slow operation: 55ms so far, now at startProcess: starting to update pids map
02-15 16:35:17.087  1610  2116 W ActivityManager: Slow operation: 55ms so far, now at startProcess: done updating pids map
02-15 16:35:17.107  1610  1630 E UsbDeviceManager: waitForState(none) FAILED: got 
02-15 16:35:17.107  1610  1630 E UsbDeviceManager: Failed to kick USB config
02-15 16:35:17.107  1610  1630 E UsbDeviceManager: Unable to set any USB functions!
02-15 16:35:17.142  1610  2116 W ActivityManager: Slow operation: 56ms so far, now at startProcess: done starting proc!
02-15 16:35:17.143  1610  2116 W ActivityManager: Slow operation: 113ms so far, now at getContentProviderImpl: after start process
02-15 16:35:17.144  1610  2116 W ActivityManager: Slow operation: 113ms so far, now at getContentProviderImpl: updating data structures
02-15 16:35:17.144  1610  2116 W ActivityManager: Slow operation: 114ms so far, now at getContentProviderImpl: done!
02-15 16:35:17.178  1610  1626 W Looper  : Dispatch took 152ms on android.ui, h=Handler (com.android.server.am.ActivityManagerService$UiHandler) {c002aee} cb=null msg=53
02-15 16:35:17.206  1836  1836 I TelecomFramework: PstnPhoneCapabilitiesNotifier: handleVideoCapabilitesChanged. Video capability - false
02-15 16:35:17.373  1610  1621 I Telecom : PhoneAccountRegistrar: Modify account: [ComponentInfo{com.android.phone/com.android.services.telephony.TelephonyConnectionService}, [e0184adedf913b076626646d3f52c3b49c39ad6d], UserHandle{0}]: TSI.rPA@ABA
02-15 16:35:17.493  1610  1622 W ActivityManager: Slow operation: 65ms so far, now at attachApplicationLocked: before bindApplication
