02-16 02:31:49.836  1610  1625 I ActivityManager: Force stopping newton.com.comprasdaroca appid=10080 user=-1: installPackageLI
02-16 02:31:49.873  1610  1638 I PackageManager: Package newton.com.comprasdaroca codePath changed from /data/app/newton.com.comprasdaroca-Nl6chrHe62jPZH1ek1enkw== to /data/app/newton.com.comprasdaroca-2OM0_lYHUDyyNuSZTDuthw==; Retaining data and using new
02-16 02:31:49.873  1610  1638 W PackageManager: Code path for newton.com.comprasdaroca changing from /data/app/newton.com.comprasdaroca-Nl6chrHe62jPZH1ek1enkw== to /data/app/newton.com.comprasdaroca-2OM0_lYHUDyyNuSZTDuthw==
02-16 02:31:49.873  1610  1638 W PackageManager: Resource path for newton.com.comprasdaroca changing from /data/app/newton.com.comprasdaroca-Nl6chrHe62jPZH1ek1enkw== to /data/app/newton.com.comprasdaroca-2OM0_lYHUDyyNuSZTDuthw==
02-16 02:31:49.933  1610  1638 D PackageManager: Ephemeral installer not found with new action; try old one
02-16 02:31:49.933  1610  1638 D PackageManager: Clear ephemeral installer activity
02-16 02:31:49.991  1610  1638 I zygote  : Explicit concurrent copying GC freed 72130(3MB) AllocSpace objects, 34(1448KB) LOS objects, 41% free, 8MB/14MB, paused 676us total 56.728ms
02-16 02:31:50.003  1485  1485 E         : Couldn't opendir /data/app/vmdl539634493.tmp: No such file or directory
02-16 02:31:50.003  1485  1485 E installd: Failed to delete /data/app/vmdl539634493.tmp: No such file or directory
02-16 02:31:50.004  1610  1638 I ActivityManager: Force stopping newton.com.comprasdaroca appid=10080 user=0: pkg removed
02-16 02:31:50.016  1610  1676 I InputReader: Reconfiguring input devices.  changes=0x00000010
02-16 02:31:50.048  1610  1676 I chatty  : uid=1000(system) InputReader identical 1 line
02-16 02:31:50.076  1610  1676 I InputReader: Reconfiguring input devices.  changes=0x00000010
02-16 02:31:50.080  2031 10691 E NetworkScheduler.SR: Unrecognised action provided: android.intent.action.PACKAGE_REMOVED
02-16 02:31:50.117  1610  4283 W BroadcastQueue: Background execution not allowed: receiving Intent { act=android.intent.action.PACKAGE_REMOVED dat=package:newton.com.comprasdaroca flg=0x4000010 (has extras) } to com.google.android.googlequicksearchbox/com.google.android.apps.gsa.googlequicksearchbox.GelStubAppWatcher
02-16 02:31:50.128  1610  1610 I Telecom : DefaultDialerCache: Refreshing default dialer for user 0: now com.google.android.dialer: DDC.oR@ALw
02-16 02:31:50.176  1610  1626 D AutofillUI: destroySaveUiUiThread(): already destroyed
02-16 02:31:50.176  1610  1624 D AutofillManagerServiceImpl: Set component for user 0 as ServiceInfo{575ffa8 com.google.android.gms.autofill.service.AutofillService}
02-16 02:31:50.179  2141  2156 I zygote  : Background concurrent copying GC freed 6065(404KB) AllocSpace objects, 4(208KB) LOS objects, 50% free, 3MB/6MB, paused 1.512ms total 171.871ms
02-16 02:31:50.189  1610  2190 W BroadcastQueue: Background execution not allowed: receiving Intent { act=android.intent.action.PACKAGE_ADDED dat=package:newton.com.comprasdaroca flg=0x4000010 (has extras) } to com.google.android.googlequicksearchbox/com.google.android.apps.gsa.googlequicksearchbox.GelStubAppWatcher
02-16 02:31:50.191  1610  1625 W BroadcastQueue: Background execution not allowed: receiving Intent { act=android.intent.action.PACKAGE_REPLACED dat=package:newton.com.comprasdaroca flg=0x4000010 (has extras) } to com.google.android.apps.photos/.account.full.FetchAccountPropertiesAppUpgradeBroadcastReceiver
02-16 02:31:50.192  1610  1625 W BroadcastQueue: Background execution not allowed: receiving Intent { act=android.intent.action.PACKAGE_REPLACED dat=package:newton.com.comprasdaroca flg=0x4000010 (has extras) } to com.google.android.apps.photos/.backgroundsignin.BackgroundSignInBroadcastReceiver
02-16 02:31:50.192  1610  1625 W BroadcastQueue: Background execution not allowed: receiving Intent { act=android.intent.action.PACKAGE_REPLACED dat=package:newton.com.comprasdaroca flg=0x4000010 (has extras) } to com.google.android.apps.photos/.experiments.phenotype.full.PhenotypeAppUpgradeBroadcastReceiver
02-16 02:31:50.192  1610  1625 W BroadcastQueue: Background execution not allowed: receiving Intent { act=android.intent.action.PACKAGE_REPLACED dat=package:newton.com.comprasdaroca flg=0x4000010 (has extras) } to com.google.android.apps.photos/.notificationchannels.AppUpdateBroadcastReceiver
02-16 02:31:50.225  2099  2131 I zygote  : Waiting for a blocking GC ProfileSaver
02-16 02:31:50.227  2099 13445 D Wear_Controller: Received broadcast action=android.intent.action.PACKAGE_REMOVED and uri=newton.com.comprasdaroca
02-16 02:31:50.246  1836  1836 D CarrierSvcBindHelper: No carrier app for: 0
02-16 02:31:50.274  2099 13445 D Wear_Controller: Received broadcast action=android.intent.action.PACKAGE_ADDED and uri=newton.com.comprasdaroca
02-16 02:31:50.288  1836  1836 D CarrierSvcBindHelper: No carrier app for: 0
02-16 02:31:50.308  1610  1867 I ActivityManager: START u0 {act=android.intent.action.MAIN cat=[android.intent.category.LAUNCHER] flg=0x10000000 cmp=newton.com.comprasdaroca/.activity.MainActivity} from uid 2000
02-16 02:31:50.315  1836  1836 D ImsResolver: maybeAddedImsService, packageName: newton.com.comprasdaroca
02-16 02:31:50.315  1836  1836 D CarrierConfigLoader: mHandler: 9 phoneId: 0
02-16 02:31:50.355  1610  3618 I ActivityManager: Start proc 13462:newton.com.comprasdaroca/u0a80 for activity newton.com.comprasdaroca/.activity.MainActivity
02-16 02:31:50.362  1610  4283 W BroadcastQueue: Background execution not allowed: receiving Intent { act=android.intent.action.PACKAGE_REPLACED dat=package:newton.com.comprasdaroca flg=0x4000010 (has extras) } to com.google.android.googlequicksearchbox/com.google.android.apps.gsa.googlequicksearchbox.GelStubAppWatcher
02-16 02:31:50.371  1399  1399 D gralloc_ranchu: gralloc_alloc: Creating ashmem region of size 8298496
02-16 02:31:50.391 12470 13434 I ProvidersCache: Provider returned no roots. Possibly naughty: com.google.android.apps.docs.storage
02-16 02:31:50.436 13462 13462 I zygote  : Not late-enabling -Xcheck:jni (already on)
02-16 02:31:50.498 12470 13431 I ProvidersCache: Provider returned no roots. Possibly naughty: com.google.android.apps.docs.storage
02-16 02:31:50.500  2099 13461 I ChromeSync: [Persistence,AffiliationManager] Fetching affiliations from the server.
02-16 02:31:50.521  2099  2131 I zygote  : WaitForGcToComplete blocked ProfileSaver on HeapTrim for 299.658ms
02-16 02:31:50.564  2099  2879 I Icing   : IndexChimeraService.getServiceInterface callingPackage=com.google.android.gms componentName=AppsCorpus serviceId=32
02-16 02:31:50.568 13462 13462 W zygote  : Unexpected CPU variant for X86 using defaults: x86
02-16 02:31:50.598  2099  3014 I Icing   : IndexChimeraService.getServiceInterface callingPackage=com.google.android.gms componentName=AppsCorpus serviceId=36
02-16 02:31:50.732  2099  2875 I Icing   : Usage reports 0 indexed 0 rejected 0 imm upload false
02-16 02:31:50.751  2141  2225 D EGL_emulation: eglMakeCurrent: 0x9fa86c80: ver 2 0 (tinfo 0x9fa83ea0)
02-16 02:31:50.782  2487  2561 I chatty  : uid=10032(com.google.android.googlequicksearchbox) RenderThread expire 2 lines
02-16 02:31:50.985  2099  2875 I Icing   : Usage reports 0 indexed 0 rejected 0 imm upload false
02-16 02:31:51.040  2099  3014 I Icing   : IndexChimeraService.getServiceInterface callingPackage=com.google.android.gms componentName=AppsCorpus serviceId=32
02-16 02:31:51.052  2099  2879 I Icing   : IndexChimeraService.getServiceInterface callingPackage=com.google.android.gms componentName=AppsCorpus serviceId=36
02-16 02:31:51.056 13462 13462 I InstantRun: starting instant run server: is main process
02-16 02:31:51.173  1727  1962 D EGL_emulation: eglMakeCurrent: 0x8ad50c20: ver 2 0 (tinfo 0x8ad5c810)
02-16 02:31:51.197  2099  2844 I Icing   : Usage reports 0 indexed 0 rejected 0 imm upload false
02-16 02:31:51.272  2099  2844 I Icing   : Usage reports 0 indexed 0 rejected 0 imm upload false
02-16 02:31:51.943 13462 13462 E SQLiteLog: (1) no such table: compras
02-16 02:31:51.944 13462 13462 D AndroidRuntime: Shutting down VM
02-16 02:31:51.948 13462 13462 E AndroidRuntime: FATAL EXCEPTION: main
02-16 02:31:51.948 13462 13462 E AndroidRuntime: Process: newton.com.comprasdaroca, PID: 13462
02-16 02:31:51.948 13462 13462 E AndroidRuntime: java.lang.RuntimeException: Unable to start activity ComponentInfo{newton.com.comprasdaroca/newton.com.comprasdaroca.activity.MainActivity}: android.database.sqlite.SQLiteException: no such table: compras (code 1): , while compiling: SELECT * FROM compras;
02-16 02:31:51.948 13462 13462 E AndroidRuntime: 	at android.app.ActivityThread.performLaunchActivity(ActivityThread.java:2778)
02-16 02:31:51.948 13462 13462 E AndroidRuntime: 	at android.app.ActivityThread.handleLaunchActivity(ActivityThread.java:2856)
02-16 02:31:51.948 13462 13462 E AndroidRuntime: 	at android.app.ActivityThread.-wrap11(Unknown Source:0)
02-16 02:31:51.948 13462 13462 E AndroidRuntime: 	at android.app.ActivityThread$H.handleMessage(ActivityThread.java:1589)
02-16 02:31:51.948 13462 13462 E AndroidRuntime: 	at android.os.Handler.dispatchMessage(Handler.java:106)
02-16 02:31:51.948 13462 13462 E AndroidRuntime: 	at android.os.Looper.loop(Looper.java:164)
02-16 02:31:51.948 13462 13462 E AndroidRuntime: 	at android.app.ActivityThread.main(ActivityThread.java:6494)
02-16 02:31:51.948 13462 13462 E AndroidRuntime: 	at java.lang.reflect.Method.invoke(Native Method)
02-16 02:31:51.948 13462 13462 E AndroidRuntime: 	at com.android.internal.os.RuntimeInit$MethodAndArgsCaller.run(RuntimeInit.java:438)
02-16 02:31:51.948 13462 13462 E AndroidRuntime: 	at com.android.internal.os.ZygoteInit.main(ZygoteInit.java:807)
02-16 02:31:51.948 13462 13462 E AndroidRuntime: Caused by: android.database.sqlite.SQLiteException: no such table: compras (code 1): , while compiling: SELECT * FROM compras;
02-16 02:31:51.948 13462 13462 E AndroidRuntime: 	at android.database.sqlite.SQLiteConnection.nativePrepareStatement(Native Method)
02-16 02:31:51.948 13462 13462 E AndroidRuntime: 	at android.database.sqlite.SQLiteConnection.acquirePreparedStatement(SQLiteConnection.java:890)
02-16 02:31:51.948 13462 13462 E AndroidRuntime: 	at android.database.sqlite.SQLiteConnection.prepare(SQLiteConnection.java:501)
02-16 02:31:51.948 13462 13462 E AndroidRuntime: 	at android.database.sqlite.SQLiteSession.prepare(SQLiteSession.java:588)
02-16 02:31:51.948 13462 13462 E AndroidRuntime: 	at android.database.sqlite.SQLiteProgram.<init>(SQLiteProgram.java:58)
02-16 02:31:51.948 13462 13462 E AndroidRuntime: 	at android.database.sqlite.SQLiteQuery.<init>(SQLiteQuery.java:37)
02-16 02:31:51.948 13462 13462 E AndroidRuntime: 	at android.database.sqlite.SQLiteDirectCursorDriver.query(SQLiteDirectCursorDriver.java:46)
02-16 02:31:51.948 13462 13462 E AndroidRuntime: 	at android.database.sqlite.SQLiteDatabase.rawQueryWithFactory(SQLiteDatabase.java:1392)
02-16 02:31:51.948 13462 13462 E AndroidRuntime: 	at android.database.sqlite.SQLiteDatabase.rawQuery(SQLiteDatabase.java:1331)
02-16 02:31:51.948 13462 13462 E AndroidRuntime: 	at newton.com.comprasdaroca.helper.ComprasDAO.listar(ComprasDAO.java:59)
02-16 02:31:51.948 13462 13462 E AndroidRuntime: 	at newton.com.comprasdaroca.activity.MainActivity.carregarListaDeCompras(MainActivity.java:76)
02-16 02:31:51.948 13462 13462 E AndroidRuntime: 	at newton.com.comprasdaroca.activity.MainActivity.onStart(MainActivity.java:91)
02-16 02:31:51.948 13462 13462 E AndroidRuntime: 	at android.app.Instrumentation.callActivityOnStart(Instrumentation.java:1334)
02-16 02:31:51.948 13462 13462 E AndroidRuntime: 	at android.app.Activity.performStart(Activity.java:7029)
02-16 02:31:51.948 13462 13462 E AndroidRuntime: 	at android.app.ActivityThread.performLaunchActivity(ActivityThread.java:2741)
02-16 02:31:51.948 13462 13462 E AndroidRuntime: 	... 9 more
02-16 02:31:51.961  1610  3618 W ActivityManager:   Force finishing activity newton.com.comprasdaroca/.activity.MainActivity
02-16 02:31:51.969  1610  1626 I ActivityManager: Showing crash dialog for package newton.com.comprasdaroca u0
02-16 02:31:51.994  2099  2579 I Icing   : Indexing 5240B9CDC92CF66ECFD0C396BADD4E7FEFBE23AF from com.google.android.gms
02-16 02:31:52.071  1727  2136 W asset   : Asset path /data/app/newton.com.comprasdaroca-FCCd9jmsWWbhGD9Bz6N1UQ==/base.apk is neither a directory nor file (type=1).
02-16 02:31:52.071  1727  2136 E ResourcesManager: failed to add asset path /data/app/newton.com.comprasdaroca-FCCd9jmsWWbhGD9Bz6N1UQ==/base.apk
02-16 02:31:52.071  1727  2136 W PackageManager: Failure retrieving resources for newton.com.comprasdaroca
02-16 02:31:52.071  1727  2136 W asset   : Asset path /data/app/newton.com.comprasdaroca-FCCd9jmsWWbhGD9Bz6N1UQ==/base.apk is neither a directory nor file (type=1).
02-16 02:31:52.071  1727  2136 E ResourcesManager: failed to add asset path /data/app/newton.com.comprasdaroca-FCCd9jmsWWbhGD9Bz6N1UQ==/base.apk
02-16 02:31:52.071  1727  2136 W PackageManager: Failure retrieving resources for newton.com.comprasdaroca
02-16 02:31:52.072  1727  2136 W asset   : Asset path /data/app/newton.com.comprasdaroca-FCCd9jmsWWbhGD9Bz6N1UQ==/base.apk is neither a directory nor file (type=1).
02-16 02:31:52.072  1727  2136 E ResourcesManager: failed to add asset path /data/app/newton.com.comprasdaroca-FCCd9jmsWWbhGD9Bz6N1UQ==/base.apk
02-16 02:31:52.072  1727  2136 W PackageManager: Failure retrieving resources for newton.com.comprasdaroca
02-16 02:31:52.072  1727  2136 W asset   : Asset path /data/app/newton.com.comprasdaroca-FCCd9jmsWWbhGD9Bz6N1UQ==/base.apk is neither a directory nor file (type=1).
02-16 02:31:52.072  1727  2136 E ResourcesManager: failed to add asset path /data/app/newton.com.comprasdaroca-FCCd9jmsWWbhGD9Bz6N1UQ==/base.apk
02-16 02:31:52.072  1727  2136 W PackageManager: Failure retrieving resources for newton.com.comprasdaroca
02-16 02:31:52.072  1727  2136 W asset   : Asset path /data/app/newton.com.comprasdaroca-FCCd9jmsWWbhGD9Bz6N1UQ==/base.apk is neither a directory nor file (type=1).
02-16 02:31:52.072  1727  2136 E ResourcesManager: failed to add asset path /data/app/newton.com.comprasdaroca-FCCd9jmsWWbhGD9Bz6N1UQ==/base.apk
02-16 02:31:52.072  1727  2136 W PackageManager: Failure retrieving resources for newton.com.comprasdaroca
02-16 02:31:52.088  1399  1399 D gralloc_ranchu: gralloc_alloc: Creating ashmem region of size 2613248
02-16 02:31:52.094  1399  1444 D gralloc_ranchu: gralloc_alloc: Creating ashmem region of size 2613248
02-16 02:31:52.100  1727  2136 W asset   : Asset path /data/app/newton.com.comprasdaroca-FCCd9jmsWWbhGD9Bz6N1UQ==/base.apk is neither a directory nor file (type=1).
02-16 02:31:52.100  1727  2136 E ResourcesManager: failed to add asset path /data/app/newton.com.comprasdaroca-FCCd9jmsWWbhGD9Bz6N1UQ==/base.apk
02-16 02:31:52.101  1727  2136 W PackageManager: Failure retrieving resources for newton.com.comprasdaroca
02-16 02:31:52.115  1399  1444 D gralloc_ranchu: gralloc_alloc: Creating ashmem region of size 2613248
02-16 02:31:52.149  1610  7291 I zygote  : android::hardware::configstore::V1_0::ISurfaceFlingerConfigs::hasWideColorDisplay retrieved: 0
02-16 02:31:52.149  1610  7291 I OpenGLRenderer: Initialized EGL, version 1.4
02-16 02:31:52.149  1610  7291 D OpenGLRenderer: Swap behavior 1
02-16 02:31:52.150  1610  7291 W OpenGLRenderer: Failed to choose config with EGL_SWAP_BEHAVIOR_PRESERVED, retrying without...
02-16 02:31:52.150  1610  7291 D OpenGLRenderer: Swap behavior 0
02-16 02:31:52.168  1610  7291 D EGL_emulation: eglCreateContext: 0x9f8a2160: maj 2 min 0 rcv 2
02-16 02:31:52.172  1610  7291 D EGL_emulation: eglMakeCurrent: 0x9f8a2160: ver 2 0 (tinfo 0x80b225d0)
02-16 02:31:52.193  1610  7291 D EGL_emulation: eglMakeCurrent: 0x9f8a2160: ver 2 0 (tinfo 0x80b225d0)
02-16 02:31:52.312  2099  2579 I Icing   : Indexing done 5240B9CDC92CF66ECFD0C396BADD4E7FEFBE23AF
02-16 02:31:52.373  1610  1626 W Looper  : Dispatch took 244ms on android.ui, h=Handler (android.view.Choreographer$FrameHandler) {f6f28e1} cb=android.view.Choreographer$FrameDisplayEventReceiver@fcf2606 msg=0
02-16 02:31:52.468  1610  1625 W ActivityManager: Activity pause timeout for ActivityRecord{f3ff83e u0 newton.com.comprasdaroca/.activity.MainActivity t22 f}
02-16 02:31:52.532  1727  1962 D EGL_emulation: eglMakeCurrent: 0x8ad50c20: ver 2 0 (tinfo 0x8ad5c810)
02-16 02:31:52.544  1399  1444 D gralloc_ranchu: gralloc_alloc: Creating ashmem region of size 8298496
02-16 02:31:52.560  1727  1962 D EGL_emulation: eglMakeCurrent: 0x8ad50c20: ver 2 0 (tinfo 0x8ad5c810)
02-16 02:31:52.562  1399  1399 D gralloc_ranchu: gralloc_alloc: Creating ashmem region of size 8298496
02-16 02:31:52.588  1399  1444 D gralloc_ranchu: gralloc_alloc: Creating ashmem region of size 8298496
02-16 02:31:52.592  1399  1399 D gralloc_ranchu: gralloc_alloc: Creating ashmem region of size 8298496
02-16 02:31:52.682  1399  1399 D gralloc_ranchu: gralloc_alloc: Creating ashmem region of size 8298496
02-16 02:31:52.717  1399  1444 D gralloc_ranchu: gralloc_alloc: Creating ashmem region of size 8298496
02-16 02:31:52.721  1610  2062 W zygote  : Long monitor contention with owner android.anim (1657) at void com.android.server.wm.WindowSurfacePlacer.lambda$-com_android_server_wm_WindowSurfacePlacer_5337()(WindowSurfacePlacer.java:107) waiters=1 in void com.android.server.wm.StackWindowController.getBounds(android.graphics.Rect) for 102ms
02-16 02:31:52.722  1610  1632 W zygote  : Long monitor contention with owner Binder:1610_8 (2062) at int com.android.server.wm.WindowManagerService.relayoutWindow(com.android.server.wm.Session, android.view.IWindow, int, android.view.WindowManager$LayoutParams, int, int, int, int, android.graphics.Rect, android.graphics.Rect, android.graphics.Rect, android.graphics.Rect, android.graphics.Rect, android.graphics.Rect, android.graphics.Rect, android.util.MergedConfiguration, android.view.Surface)(WindowManagerService.java:1930) waiters=1 in void com.android.server.wm.WindowManagerService$H.handleMessage(android.os.Message) for 143ms
02-16 02:31:52.730  1409  1668 E IPCThreadState: binder thread pool (4 threads) starved for 127 ms
02-16 02:31:52.731  1727 11015 W asset   : Asset path /data/app/newton.com.comprasdaroca-FCCd9jmsWWbhGD9Bz6N1UQ==/base.apk is neither a directory nor file (type=1).
02-16 02:31:52.734  1727 11015 E ResourcesManager: failed to add asset path /data/app/newton.com.comprasdaroca-FCCd9jmsWWbhGD9Bz6N1UQ==/base.apk
02-16 02:31:52.735  1727 11015 W PackageManager: Failure retrieving resources for newton.com.comprasdaroca
02-16 02:31:52.735  1727 11015 W asset   : Asset path /data/app/newton.com.comprasdaroca-FCCd9jmsWWbhGD9Bz6N1UQ==/base.apk is neither a directory nor file (type=1).
02-16 02:31:52.735  1727 11015 E ResourcesManager: failed to add asset path /data/app/newton.com.comprasdaroca-FCCd9jmsWWbhGD9Bz6N1UQ==/base.apk
02-16 02:31:52.736  1727 11015 W PackageManager: Failure retrieving resources for newton.com.comprasdaroca
02-16 02:31:52.736  1727 11015 W asset   : Asset path /data/app/newton.com.comprasdaroca-FCCd9jmsWWbhGD9Bz6N1UQ==/base.apk is neither a directory nor file (type=1).
02-16 02:31:52.742  1727 11015 E ResourcesManager: failed to add asset path /data/app/newton.com.comprasdaroca-FCCd9jmsWWbhGD9Bz6N1UQ==/base.apk
02-16 02:31:52.743  1727 11015 W PackageManager: Failure retrieving resources for newton.com.comprasdaroca
02-16 02:31:52.857  2031  2478 W GCoreFlp: No location to return for getLastLocation()
02-16 02:31:52.887  2141  2225 D EGL_emulation: eglMakeCurrent: 0x9fa86c80: ver 2 0 (tinfo 0x9fa83ea0)
02-16 02:31:52.916  2487 13468 I chatty  : uid=10032(com.google.android.googlequicksearchbox) UserFacing76 expire 19 lines
02-16 02:31:52.951  2031 13487 I NetRec  : [1730] yle.a: Refreshing scores for 1 networks.
02-16 02:31:52.957  1482 13491 I chatty  : uid=1041(audioserver) /system/bin/audioserver expire 1 line
02-16 02:31:52.957  1482 10505 I chatty  : uid=1041(audioserver) Binder:1482_A expire 6 lines
02-16 02:31:52.993  2487 13468 E ActivityThread: Failed to find provider info for com.google.android.apps.gsa.testing.ui.audio.recorded
02-16 02:31:53.032  2487 10352 I chatty  : uid=10032(com.google.android.googlequicksearchbox) NonUserFacing72 expire 12 lines
02-16 02:31:53.037  2031 13487 W NetRec  : [1730] yle.a: Could not send request to get scores.
02-16 02:31:53.038  2031 13487 I NetRec  : [1730] NetRecChimeraGcmTaskService.a: Still entries pending update, scheduling new refresh_scores_task refresh.
02-16 02:31:53.049  2487  2505 I chatty  : uid=10032(com.google.android.googlequicksearchbox) HeapTaskDaemon expire 1 line
02-16 02:31:53.302 13494 13494 W zygote  : Unexpected CPU variant for X86 using defaults: x86
02-16 02:31:53.307  1610  1867 I ActivityManager: Start proc 13494:com.google.android.gms.unstable/u0a14 for service com.google.android.gms/.droidguard.DroidGuardService
02-16 02:31:53.325 13494 13494 I zygote  : The ClassLoaderContext is a special shared library.
02-16 02:31:53.325 13494 13494 I chatty  : uid=10014 com.google.android.gms.unstable identical 1 line
02-16 02:31:53.329 13494 13494 I zygote  : The ClassLoaderContext is a special shared library.
02-16 02:31:53.343 13494 13494 I LoadedApk: No resource references to update in package FFFFFFFFFFFFFFFFFFFFFF
02-16 02:31:53.375  2099 13510 I EventLogChimeraService: Aggregate from 1518746800699 (log), 1518746800699 (data)
02-16 02:31:53.384 13494 13494 V NativeCrypto: Registering com/google/android/gms/org/conscrypt/NativeCrypto's 259 native methods...
02-16 02:31:53.392  2141  2225 W OpenGLRenderer: Incorrectly called buildLayer on View: ShortcutAndWidgetContainer, destroying layer...
02-16 02:31:53.404 13494 13494 D NetworkSecurityConfig: No Network Security Config specified, using platform default
02-16 02:31:53.406 13494 13494 I ProviderInstaller: Installed default security provider GmsCore_OpenSSL
02-16 02:31:53.646 13494 13505 I zygote  : Background concurrent copying GC freed 15851(2MB) AllocSpace objects, 2(40KB) LOS objects, 49% free, 4MB/8MB, paused 811us total 179.898ms
02-16 02:31:53.695  1487  3493 I DrmHal  : makeDrmFactories: factory instance default is Remote
02-16 02:31:53.703  1487  3493 I DrmHal  : makeDrmFactories: factory instance widevine is Remote
02-16 02:31:53.706  1396  3489 D WVCdm   : Instantiating CDM.
02-16 02:31:53.708  1396  3489 I WVCdm   : CdmEngine::QueryStatus
02-16 02:31:53.710  1396 13524 I WVCdm   : Level3 Library 4464 May 19 2017 16:59:48
02-16 02:31:53.713  1396  3489 I WVCdm   : L3 Initialized. Trying L1.
02-16 02:31:53.713  1396  3489 W WVCdm   : Could not load liboemcrypto.so. Falling back to L3.  dlopen failed: library "liboemcrypto.so" not found
02-16 02:31:53.714  1396  3489 I WVCdm   : CdmEngine::OpenSession
02-16 02:31:53.715  1396 13525 I WVCdm   : Level3 Library 4464 May 19 2017 16:59:48
02-16 02:31:53.717  1396  3489 I WVCdm   : L3 Initialized. Trying L1.
02-16 02:31:53.717  1396  3489 W WVCdm   : Could not load liboemcrypto.so. Falling back to L3.  dlopen failed: library "liboemcrypto.so" not found
02-16 02:31:53.717  1396  3489 D WVCdm   : CryptoSession::Open: Lock: requested_security_level: Default
02-16 02:31:53.723  1396  3489 I WVCdm   : CdmEngine::QueryOemCryptoSessionId
02-16 02:31:53.724  1396  3489 I WVCdm   : CdmEngine::GenerateKeyRequest
02-16 02:31:53.724  1396  3489 D WVCdm   : PrepareKeyRequest: nonce=2399290074
02-16 02:31:53.830  1489  1893 D MediaAnalyticsService: MediaAnalyticsService::newSummarizerSet
02-16 02:31:53.845  2031 13528 I NetRec  : [1732] yle.a: Refreshing scores for 1 networks.
02-16 02:31:53.850  2031 13528 W NetRec  : [1732] yle.a: Could not send request to get scores.
02-16 02:31:53.851  2031 13528 I NetRec  : [1732] NetRecChimeraGcmTaskService.a: Still entries pending update, scheduling new rapid_refresh_scores_task refresh.
02-16 02:31:53.913  1610  1707 E TaskPersister: File error accessing recents directory (directory doesn't exist?).
02-16 02:31:54.010 13494 13507 I DynamiteModule: Considering local module com.google.android.gms.googlecertificates:4 and remote module com.google.android.gms.googlecertificates:4
02-16 02:31:54.010 13494 13507 I DynamiteModule: Selected local version of com.google.android.gms.googlecertificates
02-16 02:31:54.060 13494 13507 I zygote  : The ClassLoaderContext is a special shared library.
02-16 02:31:54.111 13494 13507 W SystemServiceRegistry: No service published for: persistent_data_block
02-16 02:31:54.119 13494 13499 I zygote  : Do partial code cache collection, code=29KB, data=20KB
02-16 02:31:54.121 13494 13499 I zygote  : After code cache collection, code=29KB, data=20KB
02-16 02:31:54.121 13494 13499 I zygote  : Increasing code cache capacity to 128KB
02-16 02:31:54.137 13529 13529 W dex2oat : Unexpected CPU variant for X86 using defaults: x86
02-16 02:31:54.137 13529 13529 I dex2oat : The ClassLoaderContext is a special shared library.
02-16 02:31:54.137 13529 13529 W dex2oat : Mismatch between dex2oat instruction set features (ISA: X86 Feature string: -ssse3,-sse4.1,-sse4.2,-avx,-avx2,-popcnt) and those of dex2oat executable (ISA: X86 Feature string: ssse3,-sse4.1,-sse4.2,-avx,-avx2,-popcnt) for the command line:
02-16 02:31:54.137 13529 13529 W dex2oat : /system/bin/dex2oat --instruction-set=x86 --instruction-set-features=ssse3,-sse4.1,-sse4.2,-avx,-avx2,-popcnt --runtime-arg -Xrelocate --boot-image=/system/framework/boot.art --runtime-arg -Xms64m --runtime-arg -Xmx512m --instruction-set-variant=x86 --instruction-set-features=default --dex-file=/data/data/com.google.android.gms/app_fb/f.apk --output-vdex-fd=48 --oat-fd=49 --oat-location=/data/data/com.google.android.gms/app_fb/oat/x86/f.odex --compiler-filter=quicken --class-loader-context=&
02-16 02:31:54.138 13529 13529 I dex2oat : /system/bin/dex2oat --dex-file=/data/data/com.google.android.gms/app_fb/f.apk --output-vdex-fd=48 --oat-fd=49 --oat-location=/data/data/com.google.android.gms/app_fb/oat/x86/f.odex --compiler-filter=quicken --class-loader-context=&
02-16 02:31:54.139 13529 13529 W dex2oat : Could not reserve sentinel fault page
02-16 02:31:54.218 13529 13529 I dex2oat : dex2oat took 80.560ms (52.266ms cpu) (threads: 2) arena alloc=1952B (1952B) java alloc=32KB (32784B) native alloc=979KB (1003368B) free=1068KB (1093784B)
02-16 02:31:54.222 13494 13507 I zygote  : The ClassLoaderContext is a special shared library.
02-16 02:31:54.226 13494 13507 D         : HostConnection::get() New Host Connection established 0x9fad4e00, tid 13507
02-16 02:31:54.230 13494 13507 I zygote  : android::hardware::configstore::V1_0::ISurfaceFlingerConfigs::hasWideColorDisplay retrieved: 0
02-16 02:31:54.241 13494 13507 D EGL_emulation: eglCreateContext: 0x9fa867a0: maj 2 min 0 rcv 2
02-16 02:31:54.245 13494 13507 D EGL_emulation: eglMakeCurrent: 0x9fa867a0: ver 2 0 (tinfo 0x895d2e90)
02-16 02:31:54.292 13494 13507 I zygote  : android::hardware::configstore::V1_0::ISurfaceFlingerConfigs::hasWideColorDisplay retrieved: 0
02-16 02:31:54.297 13494 13507 D EGL_emulation: eglCreateContext: 0x9fa86c20: maj 2 min 0 rcv 2
02-16 02:31:54.301 13494 13507 D EGL_emulation: eglMakeCurrent: 0x9fa86c20: ver 2 0 (tinfo 0x895d2e90)
02-16 02:31:54.766  2031  2437 W Conscrypt: Could not set socket write timeout:
02-16 02:31:54.766  2031  2437 W Conscrypt:    java.lang.reflect.Method.invoke(Native Method)
02-16 02:31:54.766  2031  2437 W Conscrypt:    com.google.android.gms.org.conscrypt.Platform.setSocketWriteTimeout(:com.google.android.gms@11580470:13)
02-16 02:31:54.867  2031  2437 W Conscrypt: Could not set socket write timeout:
02-16 02:31:54.867  2031  2437 W Conscrypt:    java.lang.reflect.Method.invoke(Native Method)
02-16 02:31:54.868  2031  2437 W Conscrypt:    com.google.android.gms.org.conscrypt.Platform.setSocketWriteTimeout(:com.google.android.gms@11580470:13)
02-16 02:31:54.971  2031  2437 W GLSUser : [AppCertManager] IOException while requesting key: 
02-16 02:31:54.971  2031  2437 W GLSUser : java.io.IOException: Invalid device key response.
02-16 02:31:54.971  2031  2437 W GLSUser : 	at ewg.a(:com.google.android.gms@11580470:11)
02-16 02:31:54.971  2031  2437 W GLSUser : 	at ewg.a(:com.google.android.gms@11580470:63)
02-16 02:31:54.971  2031  2437 W GLSUser : 	at ewe.a(:com.google.android.gms@11580470:8)
02-16 02:31:54.971  2031  2437 W GLSUser : 	at ewa.a(:com.google.android.gms@11580470:1)
02-16 02:31:54.971  2031  2437 W GLSUser : 	at evz.a(:com.google.android.gms@11580470:10)
02-16 02:31:54.971  2031  2437 W GLSUser : 	at com.google.android.gms.auth.account.be.legacy.AuthCronChimeraService.b(:com.google.android.gms@11580470:7)
02-16 02:31:54.971  2031  2437 W GLSUser : 	at ecb.call(:com.google.android.gms@11580470:3)
02-16 02:31:54.971  2031  2437 W GLSUser : 	at java.util.concurrent.FutureTask.run(FutureTask.java:266)
02-16 02:31:54.971  2031  2437 W GLSUser : 	at mmq.run(:com.google.android.gms@11580470:25)
02-16 02:31:54.971  2031  2437 W GLSUser : 	at java.util.concurrent.ThreadPoolExecutor.runWorker(ThreadPoolExecutor.java:1162)
02-16 02:31:54.971  2031  2437 W GLSUser : 	at java.util.concurrent.ThreadPoolExecutor$Worker.run(ThreadPoolExecutor.java:636)
02-16 02:31:54.971  2031  2437 W GLSUser : 	at mrx.run(Unknown Source:7)
02-16 02:31:54.971  2031  2437 W GLSUser : 	at java.lang.Thread.run(Thread.java:764)
02-16 02:31:55.034  2031 13534 I NetRec  : [1734] yle.a: Refreshing scores for 1 networks.
02-16 02:31:55.042  2031 13534 W NetRec  : [1734] yle.a: Could not send request to get scores.
02-16 02:31:55.046  2031 13534 I NetRec  : [1734] NetRecChimeraGcmTaskService.a: Still entries pending update, scheduling new refresh_scores_task refresh.
02-16 02:31:55.168  2031 13535 I NetRec  : [1735] yle.a: Refreshing scores for 1 networks.
02-16 02:31:55.175  2031 13535 W NetRec  : [1735] yle.a: Could not send request to get scores.
02-16 02:31:55.176  2031 13535 I NetRec  : [1735] NetRecChimeraGcmTaskService.a: Still entries pending update, scheduling new rapid_refresh_scores_task refresh.
02-16 02:31:55.249  2031 13536 I NetRec  : [1736] yle.a: Refreshing scores for 1 networks.
02-16 02:31:55.254  2031 13536 W NetRec  : [1736] yle.a: Could not send request to get scores.
02-16 02:31:55.258  2031 13536 I NetRec  : [1736] NetRecChimeraGcmTaskService.a: Still entries pending update, scheduling new refresh_scores_task refresh.
02-16 02:31:58.044  1482 13539 I chatty  : uid=1041(audioserver) /system/bin/audioserver expire 1 line
02-16 02:31:58.045  2487 13468 E ActivityThread: Failed to find provider info for com.google.android.apps.gsa.testing.ui.audio.recorded
02-16 02:31:58.094  2487 12078 I chatty  : uid=10032(com.google.android.googlequicksearchbox) NonUserFacing74 expire 7 lines
02-16 02:32:00.019  1727  1962 D EGL_emulation: eglMakeCurrent: 0x8ad50c20: ver 2 0 (tinfo 0x8ad5c810)
02-16 02:32:02.902  1610  1625 W ActivityManager: Activity destroy timeout for ActivityRecord{f3ff83e u0 newton.com.comprasdaroca/.activity.MainActivity t22 f}
02-16 02:32:03.105  1482 13545 I chatty  : uid=1041(audioserver) /system/bin/audioserver expire 1 line
02-16 02:32:03.106  1482  7969 I chatty  : uid=1041(audioserver) Binder:1482_7 expire 5 lines
02-16 02:32:03.108  2487 13468 E ActivityThread: Failed to find provider info for com.google.android.apps.gsa.testing.ui.audio.recorded
02-16 02:32:03.110  2487  2487 I chatty  : uid=10032 com.google.android.googlequicksearchbox:search expire 14 lines
02-16 02:32:04.982  1610  1624 E memtrack: Couldn't load memtrack module
02-16 02:32:04.982  1610  1624 W android.os.Debug: failed to get memory consumption info: -1
02-16 02:32:04.984  1610  1628 E BatteryExternalStatsWorker: modem info is invalid: ModemActivityInfo{ mTimestamp=0 mSleepTimeMs=0 mIdleTimeMs=0 mTxTimeMs[]=[0, 0, 0, 0, 0] mRxTimeMs=0 mEnergyUsed=0}
02-16 02:32:05.909  1610  1707 E TaskPersister: File error accessing recents directory (directory doesn't exist?).
02-16 02:32:08.159  1482 13550 I chatty  : uid=1041(audioserver) /system/bin/audioserver expire 1 line
02-16 02:32:08.160  1482  7969 I chatty  : uid=1041(audioserver) Binder:1482_7 expire 1 line
02-16 02:32:08.160  2487 13468 I chatty  : uid=10032(com.google.android.googlequicksearchbox) UserFacing76 expire 17 lines
02-16 02:32:08.167  2487 13468 E ActivityThread: Failed to find provider info for com.google.android.apps.gsa.testing.ui.audio.recorded
02-16 02:32:08.207  2487 10338 I chatty  : uid=10032 com.google.android.googlequicksearchbox:search expire 6 lines
02-16 02:32:10.749  1610  4283 D WificondControl: Scan result ready event
02-16 02:32:10.752  1610  1686 W WifiConfigManager: Looking up network with invalid networkId -1
02-16 02:32:10.753  1610  1686 W WifiConfigManager: Looking up network with invalid networkId -1
02-16 02:32:13.217  2487 10352 I chatty  : uid=10032(com.google.android.googlequicksearchbox) NonUserFacing72 expire 5 lines
02-16 02:32:13.219  1482  7970 I chatty  : uid=1041(audioserver) Binder:1482_8 expire 4 lines
02-16 02:32:13.220  1482 13554 I chatty  : uid=1041(audioserver) /system/bin/audioserver expire 1 line
02-16 02:32:13.231  2487  2487 I chatty  : uid=10032 com.google.android.googlequicksearchbox:search expire 8 lines
02-16 02:32:18.281  1482 13557 I chatty  : uid=1041(audioserver) /system/bin/audioserver expire 1 line
02-16 02:32:18.283  1482  7970 I chatty  : uid=1041(audioserver) Binder:1482_8 expire 2 lines
02-16 02:32:18.314  2487  2609 I chatty  : uid=10032(com.google.android.googlequicksearchbox) HotwordDetector expire 2 lines
02-16 02:32:18.340  2487 10352 I chatty  : uid=10032(com.google.android.googlequicksearchbox) NonUserFacing72 expire 6 lines
02-16 02:32:18.339  2487  2487 I chatty  : uid=10032 com.google.android.googlequicksearchbox:search expire 13 lines
02-16 02:32:20.061  1610  1624 E memtrack: Couldn't load memtrack module
02-16 02:32:20.061  1610  1624 W android.os.Debug: failed to get memory consumption info: -1
02-16 02:32:23.355  2487 13468 I chatty  : uid=10032(com.google.android.googlequicksearchbox) UserFacing76 expire 12 lines
02-16 02:32:23.363  1482 13560 I chatty  : uid=1041(audioserver) /system/bin/audioserver expire 1 line
02-16 02:32:23.366  1482  7969 I chatty  : uid=1041(audioserver) Binder:1482_7 expire 6 lines
02-16 02:32:23.372  1610  1624 E memtrack: Couldn't load memtrack module
02-16 02:32:23.372  1610  1624 W android.os.Debug: failed to get memory consumption info: -1
02-16 02:32:23.389  1610  1624 E memtrack: Couldn't load memtrack module
02-16 02:32:23.389  1610  1624 W android.os.Debug: failed to get memory consumption info: -1
02-16 02:32:23.410  2487 12078 I chatty  : uid=10032(com.google.android.googlequicksearchbox) NonUserFacing74 expire 1 line
02-16 02:32:25.196  1610  1624 E memtrack: Couldn't load memtrack module
02-16 02:32:25.196  1610  1624 W android.os.Debug: failed to get memory consumption info: -1
02-16 02:32:25.273  2031 13561 I NetRec  : [1739] yle.a: Refreshing scores for 1 networks.
02-16 02:32:25.280  2031 13561 W NetRec  : [1739] yle.a: Could not send request to get scores.
02-16 02:32:25.282  2031 13561 I NetRec  : [1739] NetRecChimeraGcmTaskService.a: Still entries pending update, scheduling new rapid_refresh_scores_task refresh.
02-16 02:32:28.419  2487 10338 I chatty  : uid=10032 com.google.android.googlequicksearchbox:search expire 3 lines
02-16 02:32:28.423  1482 13564 I chatty  : uid=1041(audioserver) /system/bin/audioserver expire 1 line
02-16 02:32:28.434  2487  2609 I chatty  : uid=10032(com.google.android.googlequicksearchbox) HotwordDetector expire 5 lines
02-16 02:32:28.435  2487 10338 I chatty  : uid=10032 com.google.android.googlequicksearchbox:search expire 12 lines
02-16 02:32:28.473  2487  2487 I chatty  : uid=10032 com.google.android.googlequicksearchbox:search expire 14 lines
02-16 02:32:28.477  2487 12078 I chatty  : uid=10032(com.google.android.googlequicksearchbox) NonUserFacing74 expire 3 lines
02-16 02:32:33.487  2487 13468 I chatty  : uid=10032(com.google.android.googlequicksearchbox) UserFacing76 expire 13 lines
02-16 02:32:33.493  1482 13567 I chatty  : uid=1041(audioserver) /system/bin/audioserver expire 1 line
02-16 02:32:33.493  1400  1416 D hwcomposer: hw_composer sent 84 syncs in 64s
02-16 02:32:33.494  1482  7969 I chatty  : uid=1041(audioserver) Binder:1482_7 expire 3 lines
02-16 02:32:33.535  2487 10352 I chatty  : uid=10032(com.google.android.googlequicksearchbox) NonUserFacing72 expire 7 lines
02-16 02:32:36.455  1407  1407 I boot-pipe: done populating /dev/random
02-16 02:32:38.553  1482 13570 I chatty  : uid=1041(audioserver) /system/bin/audioserver expire 1 line
02-16 02:32:38.556  1482  7970 I chatty  : uid=1041(audioserver) Binder:1482_8 expire 6 lines
02-16 02:32:38.565  2487  2487 I chatty  : uid=10032 com.google.android.googlequicksearchbox:search expire 14 lines
02-16 02:32:40.339  1610  1624 E memtrack: Couldn't load memtrack module
02-16 02:32:40.339  1610  1624 W android.os.Debug: failed to get memory consumption info: -1
02-16 02:32:40.350  1610  1624 E memtrack: Couldn't load memtrack module
02-16 02:32:40.350  1610  1624 W android.os.Debug: failed to get memory consumption info: -1
02-16 02:32:40.365  1610  1624 E memtrack: Couldn't load memtrack module
02-16 02:32:40.365  1610  1624 W android.os.Debug: failed to get memory consumption info: -1
02-16 02:32:43.618  1482 13574 I chatty  : uid=1041(audioserver) /system/bin/audioserver expire 1 line
02-16 02:32:43.621  2487 13468 I chatty  : uid=10032(com.google.android.googlequicksearchbox) UserFacing76 expire 11 lines
02-16 02:32:48.666  2487 10338 I chatty  : uid=10032 com.google.android.googlequicksearchbox:search expire 5 lines
02-16 02:32:48.668  1482 13577 I chatty  : uid=1041(audioserver) /system/bin/audioserver expire 1 line
02-16 02:32:48.669  1482 10505 I chatty  : uid=1041(audioserver) Binder:1482_A expire 3 lines
02-16 02:32:48.678  2487  2487 I chatty  : uid=10032 com.google.android.googlequicksearchbox:search expire 7 lines
02-16 02:32:53.725  2487 10352 I chatty  : uid=10032(com.google.android.googlequicksearchbox) NonUserFacing72 expire 1 line
02-16 02:32:53.727  2487 13468 I chatty  : uid=10032(com.google.android.googlequicksearchbox) UserFacing76 expire 6 lines
02-16 02:32:53.731  1482 13580 I chatty  : uid=1041(audioserver) /system/bin/audioserver expire 1 line
02-16 02:32:53.733  1482  7970 I chatty  : uid=1041(audioserver) Binder:1482_8 expire 6 lines
02-16 02:32:53.765  2487  2487 I chatty  : uid=10032 com.google.android.googlequicksearchbox:search expire 7 lines
02-16 02:32:53.766  2487 10352 I chatty  : uid=10032(com.google.android.googlequicksearchbox) NonUserFacing72 expire 9 lines
02-16 02:32:53.769  2487  2609 I chatty  : uid=10032(com.google.android.googlequicksearchbox) HotwordDetector expire 1 line
02-16 02:32:53.781  2487 12078 I chatty  : uid=10032(com.google.android.googlequicksearchbox) NonUserFacing74 expire 1 line
02-16 02:32:58.790  2487 13468 I chatty  : uid=10032(com.google.android.googlequicksearchbox) UserFacing76 expire 6 lines
02-16 02:32:58.796  1482 13583 I chatty  : uid=1041(audioserver) /system/bin/audioserver expire 1 line
02-16 02:32:58.808  2487  2609 I chatty  : uid=10032(com.google.android.googlequicksearchbox) HotwordDetector expire 2 lines
02-16 02:32:58.829  2487  2487 I chatty  : uid=10032 com.google.android.googlequicksearchbox:search expire 7 lines
02-16 02:32:58.830  2487 12078 I chatty  : uid=10032(com.google.android.googlequicksearchbox) NonUserFacing74 expire 1 line
02-16 02:33:03.842  2487 10352 I chatty  : uid=10032(com.google.android.googlequicksearchbox) NonUserFacing72 expire 3 lines
02-16 02:33:03.842  2487 13468 I chatty  : uid=10032(com.google.android.googlequicksearchbox) UserFacing76 expire 6 lines
02-16 02:33:03.844  1482 13586 I chatty  : uid=1041(audioserver) /system/bin/audioserver expire 1 line
02-16 02:33:03.849  1482 10505 I chatty  : uid=1041(audioserver) Binder:1482_A expire 6 lines
02-16 02:33:03.862  2487 10352 I chatty  : uid=10032(com.google.android.googlequicksearchbox) NonUserFacing72 expire 12 lines
02-16 02:33:03.890  2487  2487 I chatty  : uid=10032 com.google.android.googlequicksearchbox:search expire 14 lines
02-16 02:33:03.892  2487 10338 I chatty  : uid=10032 com.google.android.googlequicksearchbox:search expire 8 lines
02-16 02:33:07.868  2031 13587 I NetRec  : [1740] yle.a: Refreshing scores for 1 networks.
02-16 02:33:07.874  2031 13587 W NetRec  : [1740] yle.a: Could not send request to get scores.
02-16 02:33:07.875  2031 13587 I NetRec  : [1740] NetRecChimeraGcmTaskService.a: Still entries pending update, scheduling new rapid_refresh_scores_task refresh.
02-16 02:33:08.903  2487 13468 I chatty  : uid=10032(com.google.android.googlequicksearchbox) UserFacing76 expire 13 lines
02-16 02:33:08.906  1482 13590 I chatty  : uid=1041(audioserver) /system/bin/audioserver expire 1 line
02-16 02:33:08.922  2487  2609 I chatty  : uid=10032(com.google.android.googlequicksearchbox) HotwordDetector expire 4 lines
02-16 02:33:08.955  2487 12078 I chatty  : uid=10032(com.google.android.googlequicksearchbox) NonUserFacing74 expire 7 lines
02-16 02:33:13.967  1482 10505 I chatty  : uid=1041(audioserver) Binder:1482_A expire 3 lines
02-16 02:33:13.968  1482 13593 I chatty  : uid=1041(audioserver) /system/bin/audioserver expire 1 line
02-16 02:33:13.983  2487  2487 I chatty  : uid=10032 com.google.android.googlequicksearchbox:search expire 14 lines
02-16 02:33:18.996  1482  7969 I chatty  : uid=1041(audioserver) Binder:1482_7 expire 4 lines
02-16 02:33:18.997  2487 13468 I chatty  : uid=10032(com.google.android.googlequicksearchbox) UserFacing76 expire 11 lines
02-16 02:33:18.998  1482 13596 I chatty  : uid=1041(audioserver) /system/bin/audioserver expire 1 line
02-16 02:33:24.048  1482 13599 I chatty  : uid=1041(audioserver) /system/bin/audioserver expire 1 line
02-16 02:33:24.052  1482  7969 I chatty  : uid=1041(audioserver) Binder:1482_7 expire 2 lines
02-16 02:33:24.094  2487  2487 I chatty  : uid=10032 com.google.android.googlequicksearchbox:search expire 7 lines
02-16 02:33:29.104  2487 10338 I chatty  : uid=10032 com.google.android.googlequicksearchbox:search expire 5 lines
02-16 02:33:29.104  2487 13468 I chatty  : uid=10032(com.google.android.googlequicksearchbox) UserFacing76 expire 6 lines
02-16 02:33:29.106  1482 13602 I chatty  : uid=1041(audioserver) /system/bin/audioserver expire 1 line
02-16 02:33:29.110  1482 10505 I chatty  : uid=1041(audioserver) Binder:1482_A expire 3 lines
02-16 02:33:29.126  2487  2609 I chatty  : uid=10032(com.google.android.googlequicksearchbox) HotwordDetector expire 1 line
02-16 02:33:29.152  2487  2487 I chatty  : uid=10032 com.google.android.googlequicksearchbox:search expire 8 lines
02-16 02:33:29.155  2487 10352 I chatty  : uid=10032(com.google.android.googlequicksearchbox) NonUserFacing72 expire 6 lines
02-16 02:33:34.166  2487 13468 I chatty  : uid=10032(com.google.android.googlequicksearchbox) UserFacing76 expire 6 lines
02-16 02:33:34.171  1482 13605 I chatty  : uid=1041(audioserver) /system/bin/audioserver expire 1 line
02-16 02:33:34.172  1482  7970 I chatty  : uid=1041(audioserver) Binder:1482_8 expire 3 lines
02-16 02:33:34.180  1400  1416 D hwcomposer: hw_composer sent 78 syncs in 61s
02-16 02:33:34.190  2487  2609 I chatty  : uid=10032(com.google.android.googlequicksearchbox) HotwordDetector expire 2 lines
02-16 02:33:34.229  2487  2487 I chatty  : uid=10032 com.google.android.googlequicksearchbox:search expire 20 lines
02-16 02:33:34.229  2487 12078 I chatty  : uid=10032(com.google.android.googlequicksearchbox) NonUserFacing74 expire 11 lines
02-16 02:33:36.457  1407  1407 I boot-pipe: done populating /dev/random
02-16 02:33:37.953  2031 13606 I NetRec  : [1741] yle.a: Refreshing scores for 1 networks.
02-16 02:33:37.958  2031 13606 W NetRec  : [1741] yle.a: Could not send request to get scores.
02-16 02:33:37.960  2031 13606 I NetRec  : [1741] NetRecChimeraGcmTaskService.a: Still entries pending update, scheduling new rapid_refresh_scores_task refresh.
02-16 02:33:39.237  2487 10338 I chatty  : uid=10032 com.google.android.googlequicksearchbox:search expire 10 lines
02-16 02:33:39.237  2487 13468 I chatty  : uid=10032(com.google.android.googlequicksearchbox) UserFacing76 expire 19 lines
02-16 02:33:39.241  1482  7969 I chatty  : uid=1041(audioserver) Binder:1482_7 expire 6 lines
02-16 02:33:39.243  1482 13609 I chatty  : uid=1041(audioserver) /system/bin/audioserver expire 1 line
02-16 02:33:39.280  2487 10352 I chatty  : uid=10032(com.google.android.googlequicksearchbox) NonUserFacing72 expire 8 lines
02-16 02:33:44.294  1482 13613 I chatty  : uid=1041(audioserver) /system/bin/audioserver expire 1 line
02-16 02:33:44.316  2487  2609 I chatty  : uid=10032(com.google.android.googlequicksearchbox) HotwordDetector expire 4 lines
02-16 02:33:49.351  1482  7969 I chatty  : uid=1041(audioserver) Binder:1482_7 expire 3 lines
02-16 02:33:49.351  1482 13616 I chatty  : uid=1041(audioserver) /system/bin/audioserver expire 1 line
02-16 02:33:49.365  2487  2487 I chatty  : uid=10032 com.google.android.googlequicksearchbox:search expire 14 lines
02-16 02:33:54.388  1482 13619 I chatty  : uid=1041(audioserver) /system/bin/audioserver expire 1 line
02-16 02:33:54.389  1482  7969 I chatty  : uid=1041(audioserver) Binder:1482_7 expire 6 lines
02-16 02:33:54.389  2487 13468 I chatty  : uid=10032(com.google.android.googlequicksearchbox) UserFacing76 expire 11 lines
02-16 02:33:54.428  2487 12078 I chatty  : uid=10032(com.google.android.googlequicksearchbox) NonUserFacing74 expire 1 line
02-16 02:33:59.438  1482 13622 I chatty  : uid=1041(audioserver) /system/bin/audioserver expire 1 line
02-16 02:33:59.450  2487  2487 I chatty  : uid=10032 com.google.android.googlequicksearchbox:search expire 8 lines
02-16 02:33:59.493  2487 12078 I chatty  : uid=10032(com.google.android.googlequicksearchbox) NonUserFacing74 expire 1 line
02-16 02:34:04.502  2487 10352 I chatty  : uid=10032(com.google.android.googlequicksearchbox) NonUserFacing72 expire 4 lines
02-16 02:34:04.502  2487 13468 I chatty  : uid=10032(com.google.android.googlequicksearchbox) UserFacing76 expire 12 lines
02-16 02:34:04.505  1482 13625 I chatty  : uid=1041(audioserver) /system/bin/audioserver expire 1 line
02-16 02:34:04.508  1482  7969 I chatty  : uid=1041(audioserver) Binder:1482_7 expire 6 lines
02-16 02:34:04.519  2487  2609 I chatty  : uid=10032(com.google.android.googlequicksearchbox) HotwordDetector expire 2 lines
02-16 02:34:04.519  2487 10352 I chatty  : uid=10032(com.google.android.googlequicksearchbox) NonUserFacing72 expire 2 lines
02-16 02:34:04.550  2487  2487 I chatty  : uid=10032 com.google.android.googlequicksearchbox:search expire 13 lines
02-16 02:34:04.550  2487 10338 I chatty  : uid=10032 com.google.android.googlequicksearchbox:search expire 2 lines
02-16 02:34:07.970  1610  1624 E memtrack: Couldn't load memtrack module
02-16 02:34:07.970  1610  1624 W android.os.Debug: failed to get memory consumption info: -1
02-16 02:34:08.059  2031 13626 I NetRec  : [1742] yle.a: Refreshing scores for 1 networks.
02-16 02:34:08.063  2031 13626 W NetRec  : [1742] yle.a: Could not send request to get scores.
02-16 02:34:08.064  2031 13626 I NetRec  : [1742] NetRecChimeraGcmTaskService.a: Still entries pending update, scheduling new rapid_refresh_scores_task refresh.
02-16 02:34:09.561  2487 12078 I chatty  : uid=10032(com.google.android.googlequicksearchbox) NonUserFacing74 expire 5 lines
02-16 02:34:09.564  1482 13629 I chatty  : uid=1041(audioserver) /system/bin/audioserver expire 1 line
02-16 02:34:14.605  2487 13468 I chatty  : uid=10032(com.google.android.googlequicksearchbox) UserFacing76 expire 13 lines
02-16 02:34:14.608  1482 13632 I chatty  : uid=1041(audioserver) /system/bin/audioserver expire 1 line
02-16 02:34:14.611  1482 10505 I chatty  : uid=1041(audioserver) Binder:1482_A expire 7 lines
02-16 02:34:14.624  2487 10352 I chatty  : uid=10032(com.google.android.googlequicksearchbox) NonUserFacing72 expire 10 lines
02-16 02:34:14.624  2487  2609 I chatty  : uid=10032(com.google.android.googlequicksearchbox) HotwordDetector expire 5 lines
02-16 02:34:14.653  2487  2487 I chatty  : uid=10032 com.google.android.googlequicksearchbox:search expire 14 lines
02-16 02:34:14.656  2487 12078 I chatty  : uid=10032(com.google.android.googlequicksearchbox) NonUserFacing74 expire 12 lines
02-16 02:34:19.668  1482 13635 I chatty  : uid=1041(audioserver) /system/bin/audioserver expire 1 line
02-16 02:34:19.717  2487 10338 I chatty  : uid=10032 com.google.android.googlequicksearchbox:search expire 2 lines
02-16 02:34:23.110  1610  1624 E memtrack: Couldn't load memtrack module
02-16 02:34:23.110  1610  1624 W android.os.Debug: failed to get memory consumption info: -1
02-16 02:34:24.729  1482 13638 I chatty  : uid=1041(audioserver) /system/bin/audioserver expire 1 line
02-16 02:34:24.730  1482 10505 I chatty  : uid=1041(audioserver) Binder:1482_A expire 5 lines
02-16 02:34:24.730  2487 13468 I chatty  : uid=10032(com.google.android.googlequicksearchbox) UserFacing76 expire 12 lines
02-16 02:34:24.748  2487 10352 I chatty  : uid=10032(com.google.android.googlequicksearchbox) NonUserFacing72 expire 4 lines
02-16 02:34:24.764  2487  2487 I chatty  : uid=10032 com.google.android.googlequicksearchbox:search expire 14 lines
02-16 02:34:29.786  1482 13641 I chatty  : uid=1041(audioserver) /system/bin/audioserver expire 1 line
02-16 02:34:34.841  1400  1416 D hwcomposer: hw_composer sent 72 syncs in 61s
02-16 02:34:34.845  1482 13644 I chatty  : uid=1041(audioserver) /system/bin/audioserver expire 1 line
02-16 02:34:34.846  1482 10505 I chatty  : uid=1041(audioserver) Binder:1482_A expire 6 lines
02-16 02:34:34.847  2487 13468 I chatty  : uid=10032(com.google.android.googlequicksearchbox) UserFacing76 expire 7 lines
