02-16 02:15:21.537  1610  1610 W WindowManager: removeWindowToken: Attempted to remove non-existing token: android.os.Binder@1ccb13b
02-16 02:15:21.538  1610  1610 I ActivityManager: Killing 9832:com.google.android.gms.unstable/u0a14 (adj 906): empty for 2101s
02-16 02:15:23.266  2487 12443 E ActivityThread: Failed to find provider info for com.google.android.apps.gsa.testing.ui.audio.recorded
02-16 02:15:26.173  1610  4283 I ActivityManager: Killing 10654:com.google.process.gapps/u0a14 (adj 906): empty for 2105s
02-16 02:15:28.545  2487 12443 E ActivityThread: Failed to find provider info for com.google.android.apps.gsa.testing.ui.audio.recorded
02-16 02:15:33.608  2487 12443 I chatty  : uid=10032 com.google.android.googlequicksearchbox:search identical 1 line
02-16 02:15:38.784  2487 12443 E ActivityThread: Failed to find provider info for com.google.android.apps.gsa.testing.ui.audio.recorded
02-16 02:15:41.360  1610  1625 I ActivityManager: Killing 10704:com.google.android.configupdater/u0a5 (adj 906): empty for 2114s
02-16 02:15:43.839  2487 12443 E ActivityThread: Failed to find provider info for com.google.android.apps.gsa.testing.ui.audio.recorded
02-16 02:15:59.079  2487 12443 I chatty  : uid=10032 com.google.android.googlequicksearchbox:search identical 3 lines
02-16 02:16:04.127  2487 12443 E ActivityThread: Failed to find provider info for com.google.android.apps.gsa.testing.ui.audio.recorded
02-16 02:16:08.607  1610  2062 W WindowManager: Permission Denial: dismissKeyguard from pid=12610, uid=2000 requires android.permission.CONTROL_KEYGUARD
02-16 02:16:09.202  2487 12443 E ActivityThread: Failed to find provider info for com.google.android.apps.gsa.testing.ui.audio.recorded
02-16 02:16:09.687  1610  1638 D PackageManager: Ephemeral installer not found with new action; try old one
02-16 02:16:09.687  1610  1638 D PackageManager: Clear ephemeral installer activity
02-16 02:16:09.689  1610  1638 V BackupManagerService: restoreAtInstall pkg=newton.com.comprasdaroca token=5 restoreSet=0
02-16 02:16:09.689  1610  1638 V BackupManagerService: Finishing install immediately
02-16 02:16:09.816  1610  2062 W BroadcastQueue: Background execution not allowed: receiving Intent { act=android.intent.action.PACKAGE_ADDED dat=package:newton.com.comprasdaroca flg=0x4000010 (has extras) } to com.google.android.googlequicksearchbox/com.google.android.apps.gsa.googlequicksearchbox.GelStubAppWatcher
02-16 02:16:09.874  1610  1610 I Telecom : DefaultDialerCache: Refreshing default dialer for user 0: now com.google.android.dialer: DDC.oR@ALk
02-16 02:16:09.920  1610  4785 I ActivityManager: START u0 {act=android.intent.action.MAIN cat=[android.intent.category.LAUNCHER] flg=0x10000000 cmp=newton.com.comprasdaroca/.activity.MainActivity} from uid 2000
02-16 02:16:09.968  1610  1626 D AutofillUI: destroySaveUiUiThread(): already destroyed
02-16 02:16:09.969  1610  1624 D AutofillManagerServiceImpl: Set component for user 0 as ServiceInfo{41c14fc com.google.android.gms.autofill.service.AutofillService}
02-16 02:16:09.978  1610  1651 I ActivityManager: Start proc 12708:newton.com.comprasdaroca/u0a80 for activity newton.com.comprasdaroca/.activity.MainActivity
02-16 02:16:10.139  1610  1626 W Looper  : Dispatch took 134ms on android.ui, h=Handler (com.android.server.am.ActivityManagerService$UiHandler) {c002aee} cb=null msg=53
02-16 02:16:10.329  1610  6063 W ActivityManager: Slow operation: 121ms so far, now at attachApplicationLocked: after mServices.attachApplicationLocked
02-16 02:16:11.850 12708 12708 E AndroidRuntime: FATAL EXCEPTION: main
02-16 02:16:11.850 12708 12708 E AndroidRuntime: Process: newton.com.comprasdaroca, PID: 12708
02-16 02:16:11.850 12708 12708 E AndroidRuntime: java.lang.RuntimeException: Unable to start activity ComponentInfo{newton.com.comprasdaroca/newton.com.comprasdaroca.activity.MainActivity}: android.database.sqlite.SQLiteException: no such table: compras (code 1): , while compiling: SELECT * FROM compras;
02-16 02:16:11.850 12708 12708 E AndroidRuntime: 	at android.app.ActivityThread.performLaunchActivity(ActivityThread.java:2778)
02-16 02:16:11.850 12708 12708 E AndroidRuntime: 	at android.app.ActivityThread.handleLaunchActivity(ActivityThread.java:2856)
02-16 02:16:11.850 12708 12708 E AndroidRuntime: 	at android.app.ActivityThread.-wrap11(Unknown Source:0)
02-16 02:16:11.850 12708 12708 E AndroidRuntime: 	at android.app.ActivityThread$H.handleMessage(ActivityThread.java:1589)
02-16 02:16:11.850 12708 12708 E AndroidRuntime: 	at android.os.Handler.dispatchMessage(Handler.java:106)
02-16 02:16:11.850 12708 12708 E AndroidRuntime: 	at android.os.Looper.loop(Looper.java:164)
02-16 02:16:11.850 12708 12708 E AndroidRuntime: 	at android.app.ActivityThread.main(ActivityThread.java:6494)
02-16 02:16:11.850 12708 12708 E AndroidRuntime: 	at java.lang.reflect.Method.invoke(Native Method)
02-16 02:16:11.850 12708 12708 E AndroidRuntime: 	at com.android.internal.os.RuntimeInit$MethodAndArgsCaller.run(RuntimeInit.java:438)
02-16 02:16:11.850 12708 12708 E AndroidRuntime: 	at com.android.internal.os.ZygoteInit.main(ZygoteInit.java:807)
02-16 02:16:11.850 12708 12708 E AndroidRuntime: Caused by: android.database.sqlite.SQLiteException: no such table: compras (code 1): , while compiling: SELECT * FROM compras;
02-16 02:16:11.850 12708 12708 E AndroidRuntime: 	at android.database.sqlite.SQLiteConnection.nativePrepareStatement(Native Method)
02-16 02:16:11.850 12708 12708 E AndroidRuntime: 	at android.database.sqlite.SQLiteConnection.acquirePreparedStatement(SQLiteConnection.java:890)
02-16 02:16:11.850 12708 12708 E AndroidRuntime: 	at android.database.sqlite.SQLiteConnection.prepare(SQLiteConnection.java:501)
02-16 02:16:11.850 12708 12708 E AndroidRuntime: 	at android.database.sqlite.SQLiteSession.prepare(SQLiteSession.java:588)
02-16 02:16:11.850 12708 12708 E AndroidRuntime: 	at android.database.sqlite.SQLiteProgram.<init>(SQLiteProgram.java:58)
02-16 02:16:11.850 12708 12708 E AndroidRuntime: 	at android.database.sqlite.SQLiteQuery.<init>(SQLiteQuery.java:37)
02-16 02:16:11.850 12708 12708 E AndroidRuntime: 	at android.database.sqlite.SQLiteDirectCursorDriver.query(SQLiteDirectCursorDriver.java:46)
02-16 02:16:11.850 12708 12708 E AndroidRuntime: 	at android.database.sqlite.SQLiteDatabase.rawQueryWithFactory(SQLiteDatabase.java:1392)
02-16 02:16:11.850 12708 12708 E AndroidRuntime: 	at android.database.sqlite.SQLiteDatabase.rawQuery(SQLiteDatabase.java:1331)
02-16 02:16:11.850 12708 12708 E AndroidRuntime: 	at newton.com.comprasdaroca.helper.ComprasDAO.listar(ComprasDAO.java:59)
02-16 02:16:11.850 12708 12708 E AndroidRuntime: 	at newton.com.comprasdaroca.activity.MainActivity.carregarListaDeTarefas(MainActivity.java:79)
02-16 02:16:11.850 12708 12708 E AndroidRuntime: 	at newton.com.comprasdaroca.activity.MainActivity.onStart(MainActivity.java:94)
02-16 02:16:11.850 12708 12708 E AndroidRuntime: 	at android.app.Instrumentation.callActivityOnStart(Instrumentation.java:1334)
02-16 02:16:11.850 12708 12708 E AndroidRuntime: 	at android.app.Activity.performStart(Activity.java:7029)
02-16 02:16:11.850 12708 12708 E AndroidRuntime: 	at android.app.ActivityThread.performLaunchActivity(ActivityThread.java:2741)
02-16 02:16:11.850 12708 12708 E AndroidRuntime: 	... 9 more
02-16 02:16:11.853  1610  4785 W ActivityManager:   Force finishing activity newton.com.comprasdaroca/.activity.MainActivity
02-16 02:16:11.874  1610  1626 I ActivityManager: Showing crash dialog for package newton.com.comprasdaroca u0
02-16 02:16:12.358  1610  1625 W ActivityManager: Activity pause timeout for ActivityRecord{c793db8 u0 newton.com.comprasdaroca/.activity.MainActivity t21 f}
02-16 02:16:12.705  1610  1626 W Looper  : Dispatch took 655ms on android.ui, h=Handler (android.view.Choreographer$FrameHandler) {f6f28e1} cb=android.view.Choreographer$FrameDisplayEventReceiver@fcf2606 msg=0
02-16 02:16:12.737  2487 12445 E ActivityThread: Failed to find provider info for com.google.android.apps.gsa.testing.ui.audio.recorded
02-16 02:16:13.513  1610  1707 E TaskPersister: File error accessing recents directory (directory doesn't exist?).
02-16 02:16:17.793  2487 12445 E ActivityThread: Failed to find provider info for com.google.android.apps.gsa.testing.ui.audio.recorded
02-16 02:16:22.738  1610  1625 W ActivityManager: Activity destroy timeout for ActivityRecord{c793db8 u0 newton.com.comprasdaroca/.activity.MainActivity t21 f}
02-16 02:16:22.851  2487 12445 E ActivityThread: Failed to find provider info for com.google.android.apps.gsa.testing.ui.audio.recorded
02-16 02:16:22.930  1610  1628 E BatteryExternalStatsWorker: modem info is invalid: ModemActivityInfo{ mTimestamp=0 mSleepTimeMs=0 mIdleTimeMs=0 mTxTimeMs[]=[0, 0, 0, 0, 0] mRxTimeMs=0 mEnergyUsed=0}
02-16 02:16:25.779  1610  1707 E TaskPersister: File error accessing recents directory (directory doesn't exist?).
02-16 02:16:27.923  2487 12445 E ActivityThread: Failed to find provider info for com.google.android.apps.gsa.testing.ui.audio.recorded
02-16 02:16:48.180  2487 12445 I chatty  : uid=10032 com.google.android.googlequicksearchbox:search identical 4 lines
02-16 02:16:53.243  2487 12445 E ActivityThread: Failed to find provider info for com.google.android.apps.gsa.testing.ui.audio.recorded
02-16 02:16:57.904  1610  1628 E BatteryExternalStatsWorker: modem info is invalid: ModemActivityInfo{ mTimestamp=0 mSleepTimeMs=0 mIdleTimeMs=0 mTxTimeMs[]=[0, 0, 0, 0, 0] mRxTimeMs=0 mEnergyUsed=0}
02-16 02:16:58.311  2487 12445 E ActivityThread: Failed to find provider info for com.google.android.apps.gsa.testing.ui.audio.recorded
02-16 02:20:16.571  2487 12445 I chatty  : uid=10032 com.google.android.googlequicksearchbox:search identical 39 lines
02-16 02:20:21.632  2487 12445 E ActivityThread: Failed to find provider info for com.google.android.apps.gsa.testing.ui.audio.recorded
02-16 02:20:22.984  1610  1628 E BatteryExternalStatsWorker: modem info is invalid: ModemActivityInfo{ mTimestamp=0 mSleepTimeMs=0 mIdleTimeMs=0 mTxTimeMs[]=[0, 0, 0, 0, 0] mRxTimeMs=0 mEnergyUsed=0}
02-16 02:20:26.693  2487 12445 E ActivityThread: Failed to find provider info for com.google.android.apps.gsa.testing.ui.audio.recorded
02-16 02:21:02.336  2487 12445 I chatty  : uid=10032 com.google.android.googlequicksearchbox:search identical 7 lines
02-16 02:21:07.411  2487 12445 E ActivityThread: Failed to find provider info for com.google.android.apps.gsa.testing.ui.audio.recorded
02-16 02:21:11.875  1610  4785 I ActivityManager: Killing 12708:newton.com.comprasdaroca/u0a80 (adj 902): crash
02-16 02:21:12.089  1610  1657 W AppOps  : Finishing op nesting under-run: uid 1000 pkg android code 24 time=0 duration=0 nesting=0
02-16 02:21:12.469  2487 12445 E ActivityThread: Failed to find provider info for com.google.android.apps.gsa.testing.ui.audio.recorded
02-16 02:21:17.524  2487 12445 I chatty  : uid=10032 com.google.android.googlequicksearchbox:search identical 1 line
02-16 02:21:22.570  2487 12445 E ActivityThread: Failed to find provider info for com.google.android.apps.gsa.testing.ui.audio.recorded
02-16 02:21:22.944  1610  1628 E BatteryExternalStatsWorker: modem info is invalid: ModemActivityInfo{ mTimestamp=0 mSleepTimeMs=0 mIdleTimeMs=0 mTxTimeMs[]=[0, 0, 0, 0, 0] mRxTimeMs=0 mEnergyUsed=0}
02-16 02:21:27.618  2487 12445 E ActivityThread: Failed to find provider info for com.google.android.apps.gsa.testing.ui.audio.recorded
02-16 02:22:07.980  2487 12445 I chatty  : uid=10032 com.google.android.googlequicksearchbox:search identical 8 lines
02-16 02:22:13.029  2487 12445 E ActivityThread: Failed to find provider info for com.google.android.apps.gsa.testing.ui.audio.recorded
02-16 02:22:18.088  2487 12986 E ActivityThread: Failed to find provider info for com.google.android.apps.gsa.testing.ui.audio.recorded
02-16 02:22:48.403  2487 12986 I chatty  : uid=10032 com.google.android.googlequicksearchbox:search identical 6 lines
02-16 02:22:53.456  2487 12986 E ActivityThread: Failed to find provider info for com.google.android.apps.gsa.testing.ui.audio.recorded
02-16 02:22:57.064  1610  1628 E BatteryExternalStatsWorker: modem info is invalid: ModemActivityInfo{ mTimestamp=0 mSleepTimeMs=0 mIdleTimeMs=0 mTxTimeMs[]=[0, 0, 0, 0, 0] mRxTimeMs=0 mEnergyUsed=0}
02-16 02:22:58.497  2487 12986 E ActivityThread: Failed to find provider info for com.google.android.apps.gsa.testing.ui.audio.recorded
--------- beginning of main
02-16 02:27:31.425  1482 13196 I chatty  : uid=1041(audioserver) /system/bin/audioserver expire 1 line
02-16 02:27:31.445  2487 10352 I chatty  : uid=10032(com.google.android.googlequicksearchbox) NonUserFacing72 expire 4 lines
02-16 02:27:31.446  2487  2609 I chatty  : uid=10032(com.google.android.googlequicksearchbox) HotwordDetector expire 1 line
02-16 02:27:31.449  2487  2487 I chatty  : uid=10032 com.google.android.googlequicksearchbox:search expire 21 lines
02-16 02:27:31.450  2487 10338 I chatty  : uid=10032 com.google.android.googlequicksearchbox:search expire 7 lines
02-16 02:27:36.450  1407  1407 I boot-pipe: done populating /dev/random
02-16 02:27:36.460  2487 12078 I chatty  : uid=10032(com.google.android.googlequicksearchbox) NonUserFacing74 expire 10 lines
02-16 02:27:36.461  2487 12986 I chatty  : uid=10032 com.google.android.googlequicksearchbox:search expire 13 lines
02-16 02:27:36.463  1482 13199 I chatty  : uid=1041(audioserver) /system/bin/audioserver expire 1 line
02-16 02:27:36.466  1482  7969 I chatty  : uid=1041(audioserver) Binder:1482_7 expire 5 lines
02-16 02:27:36.487  2487  2609 I chatty  : uid=10032(com.google.android.googlequicksearchbox) HotwordDetector expire 4 lines
02-16 02:27:36.497  2487 10352 I chatty  : uid=10032(com.google.android.googlequicksearchbox) NonUserFacing72 expire 7 lines
02-16 02:27:41.515  1482 13203 I chatty  : uid=1041(audioserver) /system/bin/audioserver expire 1 line
02-16 02:27:46.557  1482 13206 I chatty  : uid=1041(audioserver) /system/bin/audioserver expire 1 line
02-16 02:27:46.560  1482  7970 I chatty  : uid=1041(audioserver) Binder:1482_8 expire 6 lines
02-16 02:27:46.561  2487 12986 I chatty  : uid=10032 com.google.android.googlequicksearchbox:search expire 11 lines
02-16 02:27:46.566  2487  2487 I chatty  : uid=10032 com.google.android.googlequicksearchbox:search expire 14 lines
02-16 02:27:48.019  2031 13208 I NetRec  : [1715] yle.a: Refreshing scores for 1 networks.
02-16 02:27:48.026  2031 13208 W NetRec  : [1715] yle.a: Could not send request to get scores.
02-16 02:27:48.027  2031 13208 I NetRec  : [1715] NetRecChimeraGcmTaskService.a: Still entries pending update, scheduling new rapid_refresh_scores_task refresh.
02-16 02:27:51.621  1482 13212 I chatty  : uid=1041(audioserver) /system/bin/audioserver expire 1 line
02-16 02:27:51.651  2487 10352 I chatty  : uid=10032(com.google.android.googlequicksearchbox) NonUserFacing72 expire 1 line
02-16 02:27:56.660  2487 10338 I chatty  : uid=10032 com.google.android.googlequicksearchbox:search expire 1 line
02-16 02:27:56.660  2487 12986 I chatty  : uid=10032 com.google.android.googlequicksearchbox:search expire 6 lines
02-16 02:27:56.664  1482  1572 I chatty  : uid=1041(audioserver) Binder:1482_2 expire 3 lines
02-16 02:27:56.665  1482 13215 I chatty  : uid=1041(audioserver) /system/bin/audioserver expire 1 line
02-16 02:27:56.674  2487  2487 I chatty  : uid=10032 com.google.android.googlequicksearchbox:search expire 7 lines
02-16 02:27:56.676  2487 10338 I chatty  : uid=10032 com.google.android.googlequicksearchbox:search expire 4 lines
02-16 02:27:56.677  2487  2609 I chatty  : uid=10032(com.google.android.googlequicksearchbox) HotwordDetector expire 1 line
02-16 02:27:56.694  2487 12078 I chatty  : uid=10032(com.google.android.googlequicksearchbox) NonUserFacing74 expire 1 line
02-16 02:28:01.704  2487 10352 I chatty  : uid=10032(com.google.android.googlequicksearchbox) NonUserFacing72 expire 1 line
02-16 02:28:01.704  2487 12986 I chatty  : uid=10032 com.google.android.googlequicksearchbox:search expire 6 lines
02-16 02:28:01.706  1482  7969 I chatty  : uid=1041(audioserver) Binder:1482_7 expire 3 lines
02-16 02:28:01.707  1482 13218 I chatty  : uid=1041(audioserver) /system/bin/audioserver expire 1 line
02-16 02:28:01.727  2487 10352 I chatty  : uid=10032(com.google.android.googlequicksearchbox) NonUserFacing72 expire 4 lines
02-16 02:28:01.728  2487  2609 I chatty  : uid=10032(com.google.android.googlequicksearchbox) HotwordDetector expire 1 line
02-16 02:28:01.740  2487  2487 I chatty  : uid=10032 com.google.android.googlequicksearchbox:search expire 7 lines
02-16 02:28:01.741  2487 12078 I chatty  : uid=10032(com.google.android.googlequicksearchbox) NonUserFacing74 expire 1 line
02-16 02:28:03.515  1610  1624 E memtrack: Couldn't load memtrack module
02-16 02:28:03.515  1610  1624 W android.os.Debug: failed to get memory consumption info: -1
02-16 02:28:06.752  2487 10338 I chatty  : uid=10032 com.google.android.googlequicksearchbox:search expire 1 line
02-16 02:28:06.753  2487 12986 I chatty  : uid=10032 com.google.android.googlequicksearchbox:search expire 13 lines
02-16 02:28:06.760  1482 13221 I chatty  : uid=1041(audioserver) /system/bin/audioserver expire 1 line
02-16 02:28:06.763  1482  1572 I chatty  : uid=1041(audioserver) Binder:1482_2 expire 3 lines
02-16 02:28:06.782  2487  2487 I chatty  : uid=10032 com.google.android.googlequicksearchbox:search expire 14 lines
02-16 02:28:06.784  2487 10338 I chatty  : uid=10032 com.google.android.googlequicksearchbox:search expire 9 lines
02-16 02:28:06.785  2487  2609 I chatty  : uid=10032(com.google.android.googlequicksearchbox) HotwordDetector expire 4 lines
02-16 02:28:06.787  2487 12078 I chatty  : uid=10032(com.google.android.googlequicksearchbox) NonUserFacing74 expire 7 lines
02-16 02:28:11.797  2487 10352 I chatty  : uid=10032(com.google.android.googlequicksearchbox) NonUserFacing72 expire 6 lines
02-16 02:28:11.801  1482 13224 I chatty  : uid=1041(audioserver) /system/bin/audioserver expire 1 line
02-16 02:28:11.803  1482  7969 I chatty  : uid=1041(audioserver) Binder:1482_7 expire 3 lines
02-16 02:28:16.861  1482 13227 I chatty  : uid=1041(audioserver) /system/bin/audioserver expire 1 line
02-16 02:28:16.864  1482  1572 I chatty  : uid=1041(audioserver) Binder:1482_2 expire 6 lines
02-16 02:28:16.865  2487 12986 I chatty  : uid=10032 com.google.android.googlequicksearchbox:search expire 11 lines
02-16 02:28:16.883  2487  2487 I chatty  : uid=10032 com.google.android.googlequicksearchbox:search expire 10 lines
02-16 02:28:18.106  2031 13228 I NetRec  : [1717] yle.a: Refreshing scores for 1 networks.
02-16 02:28:18.111  2031 13228 W NetRec  : [1717] yle.a: Could not send request to get scores.
02-16 02:28:18.112  2031 13228 I NetRec  : [1717] NetRecChimeraGcmTaskService.a: Still entries pending update, scheduling new rapid_refresh_scores_task refresh.
02-16 02:28:21.911  1482 13231 I chatty  : uid=1041(audioserver) /system/bin/audioserver expire 1 line
02-16 02:28:21.943  2487 10352 I chatty  : uid=10032(com.google.android.googlequicksearchbox) NonUserFacing72 expire 1 line
02-16 02:28:26.949  2487  2487 I chatty  : uid=10032 com.google.android.googlequicksearchbox:search expire 4 lines
02-16 02:28:26.952  2487 12078 I chatty  : uid=10032(com.google.android.googlequicksearchbox) NonUserFacing74 expire 5 lines
02-16 02:28:26.952  2487 12986 I chatty  : uid=10032 com.google.android.googlequicksearchbox:search expire 6 lines
02-16 02:28:26.956  1482 13234 I chatty  : uid=1041(audioserver) /system/bin/audioserver expire 1 line
02-16 02:28:26.956  1400  1416 D hwcomposer: hw_composer sent 78 syncs in 61s
02-16 02:28:26.957  1482  7969 I chatty  : uid=1041(audioserver) Binder:1482_7 expire 3 lines
02-16 02:28:26.972  2487  2609 I chatty  : uid=10032(com.google.android.googlequicksearchbox) HotwordDetector expire 1 line
02-16 02:28:26.978  2487  2487 I chatty  : uid=10032 com.google.android.googlequicksearchbox:search expire 7 lines
02-16 02:28:26.980  2487 10338 I chatty  : uid=10032 com.google.android.googlequicksearchbox:search expire 1 line
02-16 02:28:31.989  2487 12078 I chatty  : uid=10032(com.google.android.googlequicksearchbox) NonUserFacing74 expire 3 lines
02-16 02:28:31.991  2487 12986 I chatty  : uid=10032 com.google.android.googlequicksearchbox:search expire 6 lines
02-16 02:28:32.001  1482 13237 I chatty  : uid=1041(audioserver) /system/bin/audioserver expire 1 line
02-16 02:28:32.004  1482  1572 I chatty  : uid=1041(audioserver) Binder:1482_2 expire 3 lines
02-16 02:28:32.014  2487 12078 I chatty  : uid=10032(com.google.android.googlequicksearchbox) NonUserFacing74 expire 2 lines
02-16 02:28:32.015  2487  2609 I chatty  : uid=10032(com.google.android.googlequicksearchbox) HotwordDetector expire 1 line
02-16 02:28:32.025  2487  2487 I chatty  : uid=10032 com.google.android.googlequicksearchbox:search expire 7 lines
02-16 02:28:32.028  2487 10338 I chatty  : uid=10032 com.google.android.googlequicksearchbox:search expire 1 line
02-16 02:28:33.169  1610  1624 E memtrack: Couldn't load memtrack module
02-16 02:28:33.169  1610  1624 W android.os.Debug: failed to get memory consumption info: -1
02-16 02:28:36.451  1407  1407 I boot-pipe: done populating /dev/random
02-16 02:28:37.036  2487 10352 I chatty  : uid=10032(com.google.android.googlequicksearchbox) NonUserFacing72 expire 1 line
02-16 02:28:37.037  2487 12986 I chatty  : uid=10032 com.google.android.googlequicksearchbox:search expire 6 lines
02-16 02:28:37.041  1482  7969 I chatty  : uid=1041(audioserver) Binder:1482_7 expire 4 lines
02-16 02:28:37.042  1482 13240 I chatty  : uid=1041(audioserver) /system/bin/audioserver expire 1 line
02-16 02:28:37.050  2487  2487 I chatty  : uid=10032 com.google.android.googlequicksearchbox:search expire 14 lines
02-16 02:28:37.055  2487 10352 I chatty  : uid=10032(com.google.android.googlequicksearchbox) NonUserFacing72 expire 4 lines
02-16 02:28:37.055  2487  2609 I chatty  : uid=10032(com.google.android.googlequicksearchbox) HotwordDetector expire 5 lines
02-16 02:28:37.065  2487 12078 I chatty  : uid=10032(com.google.android.googlequicksearchbox) NonUserFacing74 expire 11 lines
02-16 02:28:42.076  2487 12986 I chatty  : uid=10032 com.google.android.googlequicksearchbox:search expire 13 lines
02-16 02:28:42.079  1482 13244 I chatty  : uid=1041(audioserver) /system/bin/audioserver expire 1 line
02-16 02:28:42.081  1482  7969 I chatty  : uid=1041(audioserver) Binder:1482_7 expire 2 lines
02-16 02:28:42.106  2487 10352 I chatty  : uid=10032(com.google.android.googlequicksearchbox) NonUserFacing72 expire 5 lines
02-16 02:28:47.115  2487 10338 I chatty  : uid=10032 com.google.android.googlequicksearchbox:search expire 6 lines
02-16 02:28:47.121  1482 13247 I chatty  : uid=1041(audioserver) /system/bin/audioserver expire 1 line
02-16 02:28:47.134  1482  1572 I chatty  : uid=1041(audioserver) Binder:1482_2 expire 3 lines
02-16 02:28:47.162  2487  2487 I chatty  : uid=10032 com.google.android.googlequicksearchbox:search expire 14 lines
02-16 02:28:48.194  2031 13248 I NetRec  : [1718] yle.a: Refreshing scores for 1 networks.
02-16 02:28:48.199  2031 13248 W NetRec  : [1718] yle.a: Could not send request to get scores.
02-16 02:28:48.200  2031 13248 I NetRec  : [1718] NetRecChimeraGcmTaskService.a: Still entries pending update, scheduling new rapid_refresh_scores_task refresh.
02-16 02:28:52.179  1482 13251 I chatty  : uid=1041(audioserver) /system/bin/audioserver expire 1 line
02-16 02:28:52.182  1482  7969 I chatty  : uid=1041(audioserver) Binder:1482_7 expire 3 lines
02-16 02:28:52.182  2487 12986 I chatty  : uid=10032 com.google.android.googlequicksearchbox:search expire 11 lines
02-16 02:28:57.211  1482 13254 I chatty  : uid=1041(audioserver) /system/bin/audioserver expire 1 line
02-16 02:28:57.212  1482  7970 I chatty  : uid=1041(audioserver) Binder:1482_8 expire 5 lines
02-16 02:28:57.224  2487 10352 I chatty  : uid=10032(com.google.android.googlequicksearchbox) NonUserFacing72 expire 2 lines
02-16 02:28:57.243  2487  2487 I chatty  : uid=10032 com.google.android.googlequicksearchbox:search expire 7 lines
02-16 02:28:57.244  2487 10338 I chatty  : uid=10032 com.google.android.googlequicksearchbox:search expire 1 line
02-16 02:29:02.256  2487 12078 I chatty  : uid=10032(com.google.android.googlequicksearchbox) NonUserFacing74 expire 1 line
02-16 02:29:02.256  2487 12986 I chatty  : uid=10032 com.google.android.googlequicksearchbox:search expire 6 lines
02-16 02:29:02.260  1482 13257 I chatty  : uid=1041(audioserver) /system/bin/audioserver expire 1 line
02-16 02:29:02.263  1482  7970 I chatty  : uid=1041(audioserver) Binder:1482_8 expire 4 lines
02-16 02:29:02.280  2487 12078 I chatty  : uid=10032(com.google.android.googlequicksearchbox) NonUserFacing74 expire 4 lines
02-16 02:29:02.284  2487  2609 I chatty  : uid=10032(com.google.android.googlequicksearchbox) HotwordDetector expire 4 lines
02-16 02:29:02.285  2487  2487 I chatty  : uid=10032 com.google.android.googlequicksearchbox:search expire 21 lines
02-16 02:29:02.286  2487 10352 I chatty  : uid=10032(com.google.android.googlequicksearchbox) NonUserFacing72 expire 7 lines
02-16 02:29:07.294  2487 10338 I chatty  : uid=10032 com.google.android.googlequicksearchbox:search expire 10 lines
02-16 02:29:07.294  2487 12986 I chatty  : uid=10032 com.google.android.googlequicksearchbox:search expire 18 lines
02-16 02:29:07.298  1482 13260 I chatty  : uid=1041(audioserver) /system/bin/audioserver expire 1 line
02-16 02:29:12.336  1482  7969 I chatty  : uid=1041(audioserver) Binder:1482_7 expire 3 lines
02-16 02:29:12.336  1482 13263 I chatty  : uid=1041(audioserver) /system/bin/audioserver expire 1 line
02-16 02:29:12.372  2487 12078 I chatty  : uid=10032(com.google.android.googlequicksearchbox) NonUserFacing74 expire 2 lines
02-16 02:29:17.386  1482 13266 I chatty  : uid=1041(audioserver) /system/bin/audioserver expire 1 line
02-16 02:29:17.389  1482  7969 I chatty  : uid=1041(audioserver) Binder:1482_7 expire 3 lines
02-16 02:29:17.394  2487  2487 I chatty  : uid=10032 com.google.android.googlequicksearchbox:search expire 7 lines
02-16 02:29:22.423  2487 10352 I chatty  : uid=10032(com.google.android.googlequicksearchbox) NonUserFacing72 expire 1 line
02-16 02:29:22.423  2487 12986 I chatty  : uid=10032 com.google.android.googlequicksearchbox:search expire 6 lines
02-16 02:29:22.427  1482  1572 I chatty  : uid=1041(audioserver) Binder:1482_2 expire 4 lines
02-16 02:29:22.428  1482 13269 I chatty  : uid=1041(audioserver) /system/bin/audioserver expire 1 line
02-16 02:29:22.448  2487 10352 I chatty  : uid=10032(com.google.android.googlequicksearchbox) NonUserFacing72 expire 4 lines
02-16 02:29:22.449  2487  2609 I chatty  : uid=10032(com.google.android.googlequicksearchbox) HotwordDetector expire 3 lines
02-16 02:29:22.458  2487  2487 I chatty  : uid=10032 com.google.android.googlequicksearchbox:search expire 14 lines
02-16 02:29:22.459  2487 12078 I chatty  : uid=10032(com.google.android.googlequicksearchbox) NonUserFacing74 expire 7 lines
02-16 02:29:27.469  2487 10338 I chatty  : uid=10032 com.google.android.googlequicksearchbox:search expire 5 lines
02-16 02:29:27.470  2487 12986 I chatty  : uid=10032 com.google.android.googlequicksearchbox:search expire 12 lines
02-16 02:29:27.473  1482 13272 I chatty  : uid=1041(audioserver) /system/bin/audioserver expire 1 line
02-16 02:29:27.475  1482  1572 I chatty  : uid=1041(audioserver) Binder:1482_2 expire 2 lines
02-16 02:29:27.484  1400  1416 D hwcomposer: hw_composer sent 78 syncs in 60s
02-16 02:29:27.848  2031 13273 I NetRec  : [1719] yle.a: Refreshing scores for 1 networks.
02-16 02:29:27.853  2031 13273 W NetRec  : [1719] yle.a: Could not send request to get scores.
02-16 02:29:27.855  2031 13273 I NetRec  : [1719] NetRecChimeraGcmTaskService.a: Still entries pending update, scheduling new rapid_refresh_scores_task refresh.
02-16 02:29:30.740  1610  1651 D WificondControl: Scan result ready event
02-16 02:29:30.743  1610  1686 W WifiConfigManager: Looking up network with invalid networkId -1
02-16 02:29:30.744  1610  1686 W WifiConfigManager: Looking up network with invalid networkId -1
02-16 02:29:32.522  1482 13276 I chatty  : uid=1041(audioserver) /system/bin/audioserver expire 1 line
02-16 02:29:32.525  1482  7970 I chatty  : uid=1041(audioserver) Binder:1482_8 expire 3 lines
02-16 02:29:32.533  2487  2487 I chatty  : uid=10032 com.google.android.googlequicksearchbox:search expire 8 lines
02-16 02:29:32.557  2487 10338 I chatty  : uid=10032 com.google.android.googlequicksearchbox:search expire 1 line
02-16 02:29:36.452  1407  1407 I boot-pipe: done populating /dev/random
02-16 02:29:37.567  2487 12078 I chatty  : uid=10032(com.google.android.googlequicksearchbox) NonUserFacing74 expire 5 lines
02-16 02:29:37.567  2487 12986 I chatty  : uid=10032 com.google.android.googlequicksearchbox:search expire 6 lines
02-16 02:29:37.570  1482 13279 I chatty  : uid=1041(audioserver) /system/bin/audioserver expire 1 line
02-16 02:29:37.571  1482  1572 I chatty  : uid=1041(audioserver) Binder:1482_2 expire 6 lines
02-16 02:29:37.589  2487  2609 I chatty  : uid=10032(com.google.android.googlequicksearchbox) HotwordDetector expire 2 lines
02-16 02:29:37.604  2487  2487 I chatty  : uid=10032 com.google.android.googlequicksearchbox:search expire 13 lines
02-16 02:29:37.605  2487 10352 I chatty  : uid=10032(com.google.android.googlequicksearchbox) NonUserFacing72 expire 1 line
02-16 02:29:42.613  2487 12078 I chatty  : uid=10032(com.google.android.googlequicksearchbox) NonUserFacing74 expire 5 lines
02-16 02:29:42.614  2487 12986 I chatty  : uid=10032 com.google.android.googlequicksearchbox:search expire 19 lines
02-16 02:29:42.617  1482 13283 I chatty  : uid=1041(audioserver) /system/bin/audioserver expire 1 line
02-16 02:29:42.655  2487 10338 I chatty  : uid=10032 com.google.android.googlequicksearchbox:search expire 2 lines
02-16 02:29:47.682  1482 13286 I chatty  : uid=1041(audioserver) /system/bin/audioserver expire 1 line
02-16 02:29:47.686  1482  7969 I chatty  : uid=1041(audioserver) Binder:1482_7 expire 3 lines
02-16 02:29:47.699  2487 10338 I chatty  : uid=10032 com.google.android.googlequicksearchbox:search expire 9 lines
02-16 02:29:47.700  2487  2487 I chatty  : uid=10032 com.google.android.googlequicksearchbox:search expire 14 lines
02-16 02:29:47.700  2487  2609 I chatty  : uid=10032(com.google.android.googlequicksearchbox) HotwordDetector expire 4 lines
02-16 02:29:47.724  2487 12078 I chatty  : uid=10032(com.google.android.googlequicksearchbox) NonUserFacing74 expire 4 lines
02-16 02:29:52.735  2487 10352 I chatty  : uid=10032(com.google.android.googlequicksearchbox) NonUserFacing72 expire 10 lines
02-16 02:29:52.747  1482 13289 I chatty  : uid=1041(audioserver) /system/bin/audioserver expire 1 line
02-16 02:29:52.754  1482  1572 I chatty  : uid=1041(audioserver) Binder:1482_2 expire 6 lines
02-16 02:29:57.796  1482 13292 I chatty  : uid=1041(audioserver) /system/bin/audioserver expire 1 line
02-16 02:29:57.800  2487 12986 I chatty  : uid=10032 com.google.android.googlequicksearchbox:search expire 12 lines
02-16 02:29:57.828  2487  2487 I chatty  : uid=10032 com.google.android.googlequicksearchbox:search expire 14 lines
02-16 02:29:57.957  2031 13293 I NetRec  : [1720] yle.a: Refreshing scores for 1 networks.
02-16 02:29:57.966  2031 13293 W NetRec  : [1720] yle.a: Could not send request to get scores.
02-16 02:29:57.968  2031 13293 I NetRec  : [1720] NetRecChimeraGcmTaskService.a: Still entries pending update, scheduling new rapid_refresh_scores_task refresh.
02-16 02:30:02.842  1482 13296 I chatty  : uid=1041(audioserver) /system/bin/audioserver expire 1 line
02-16 02:30:02.843  1482  1572 I chatty  : uid=1041(audioserver) Binder:1482_2 expire 3 lines
02-16 02:30:02.872  2487 10352 I chatty  : uid=10032(com.google.android.googlequicksearchbox) NonUserFacing72 expire 1 line
02-16 02:30:07.886  1482 13300 I chatty  : uid=1041(audioserver) /system/bin/audioserver expire 1 line
02-16 02:30:07.889  1482  7969 I chatty  : uid=1041(audioserver) Binder:1482_7 expire 5 lines
02-16 02:30:07.890  2487 12986 I chatty  : uid=10032 com.google.android.googlequicksearchbox:search expire 10 lines
02-16 02:30:07.896  2487 12078 I chatty  : uid=10032(com.google.android.googlequicksearchbox) NonUserFacing74 expire 4 lines
02-16 02:30:07.900  2487  2609 I chatty  : uid=10032(com.google.android.googlequicksearchbox) HotwordDetector expire 1 line
02-16 02:30:07.906  2487  2487 I chatty  : uid=10032 com.google.android.googlequicksearchbox:search expire 7 lines
02-16 02:30:07.906  2487 10338 I chatty  : uid=10032 com.google.android.googlequicksearchbox:search expire 2 lines
02-16 02:30:12.920  1482 13303 I chatty  : uid=1041(audioserver) /system/bin/audioserver expire 1 line
02-16 02:30:12.921  1482  7969 I chatty  : uid=1041(audioserver) Binder:1482_7 expire 1 line
02-16 02:30:12.932  2487  2487 I chatty  : uid=10032 com.google.android.googlequicksearchbox:search expire 21 lines
02-16 02:30:12.934  2487 10338 I chatty  : uid=10032 com.google.android.googlequicksearchbox:search expire 4 lines
02-16 02:30:12.935  2487  2609 I chatty  : uid=10032(com.google.android.googlequicksearchbox) HotwordDetector expire 5 lines
02-16 02:30:12.934  2487 12986 I chatty  : uid=10032 com.google.android.googlequicksearchbox:search expire 20 lines
02-16 02:30:12.951  2487 10352 I chatty  : uid=10032(com.google.android.googlequicksearchbox) NonUserFacing72 expire 4 lines
02-16 02:30:13.030  1610  1624 E memtrack: Couldn't load memtrack module
02-16 02:30:13.030  1610  1624 W android.os.Debug: failed to get memory consumption info: -1
02-16 02:30:17.961  2487 12078 I chatty  : uid=10032(com.google.android.googlequicksearchbox) NonUserFacing74 expire 10 lines
02-16 02:30:17.967  1482  7970 I chatty  : uid=1041(audioserver) Binder:1482_8 expire 3 lines
02-16 02:30:17.966  1482 13306 I chatty  : uid=1041(audioserver) /system/bin/audioserver expire 1 line
02-16 02:30:23.002  1482 13309 I chatty  : uid=1041(audioserver) /system/bin/audioserver expire 1 line
02-16 02:30:23.005  1482  7969 I chatty  : uid=1041(audioserver) Binder:1482_7 expire 9 lines
02-16 02:30:23.040  2487 10338 I chatty  : uid=10032 com.google.android.googlequicksearchbox:search expire 11 lines
02-16 02:30:28.061  1482 13312 I chatty  : uid=1041(audioserver) /system/bin/audioserver expire 1 line
02-16 02:30:28.072  1400  1416 D hwcomposer: hw_composer sent 78 syncs in 61s
02-16 02:30:28.098  2487  2487 I chatty  : uid=10032 com.google.android.googlequicksearchbox:search expire 10 lines
02-16 02:30:30.600  1610  4283 D WificondControl: Scan result ready event
02-16 02:30:30.606  1610  1686 W WifiConfigManager: Looking up network with invalid networkId -1
02-16 02:30:30.608  1610  1686 W WifiConfigManager: Looking up network with invalid networkId -1
02-16 02:30:30.687  2031 13313 I NetRec  : [1721] yle.a: Refreshing scores for 1 networks.
02-16 02:30:30.695  2031 13313 W NetRec  : [1721] yle.a: Could not send request to get scores.
02-16 02:30:30.696  2031 13313 I NetRec  : [1721] NetRecChimeraGcmTaskService.a: Still entries pending update, scheduling new rapid_refresh_scores_task refresh.
02-16 02:30:33.114  1482 13316 I chatty  : uid=1041(audioserver) /system/bin/audioserver expire 1 line
02-16 02:30:33.118  2487 12986 I chatty  : uid=10032 com.google.android.googlequicksearchbox:search expire 11 lines
02-16 02:30:33.284  2487  2505 I chatty  : uid=10032(com.google.android.googlequicksearchbox) HeapTaskDaemon expire 1 line
02-16 02:30:33.301  1610  1620 I zygote  : Background concurrent copying GC freed 48034(1613KB) AllocSpace objects, 0(0B) LOS objects, 39% free, 9MB/15MB, paused 900us total 181.320ms
02-16 02:30:36.453  1407  1407 I boot-pipe: done populating /dev/random
02-16 02:30:38.240  2487  2487 I chatty  : uid=10032 com.google.android.googlequicksearchbox:search expire 5 lines
02-16 02:30:38.244  2487 12078 I chatty  : uid=10032(com.google.android.googlequicksearchbox) NonUserFacing74 expire 5 lines
02-16 02:30:38.247  1482 13319 I chatty  : uid=1041(audioserver) /system/bin/audioserver expire 1 line
02-16 02:30:38.251  1482  7969 I chatty  : uid=1041(audioserver) Binder:1482_7 expire 3 lines
02-16 02:30:38.265  2487  2609 I chatty  : uid=10032(com.google.android.googlequicksearchbox) HotwordDetector expire 1 line
02-16 02:30:38.281  2487  2487 I chatty  : uid=10032 com.google.android.googlequicksearchbox:search expire 6 lines
02-16 02:30:38.281  2487 10352 I chatty  : uid=10032(com.google.android.googlequicksearchbox) NonUserFacing72 expire 3 lines
02-16 02:30:43.290  2487 12986 I chatty  : uid=10032 com.google.android.googlequicksearchbox:search expire 6 lines
02-16 02:30:43.293  1482 13323 I chatty  : uid=1041(audioserver) /system/bin/audioserver expire 1 line
02-16 02:30:43.296  1482  7970 I chatty  : uid=1041(audioserver) Binder:1482_8 expire 3 lines
02-16 02:30:43.305  2487 10352 I chatty  : uid=10032(com.google.android.googlequicksearchbox) NonUserFacing72 expire 3 lines
02-16 02:30:43.306  2487  2609 I chatty  : uid=10032(com.google.android.googlequicksearchbox) HotwordDetector expire 2 lines
02-16 02:30:43.330  2487  2487 I chatty  : uid=10032 com.google.android.googlequicksearchbox:search expire 14 lines
02-16 02:30:43.331  2487 12078 I chatty  : uid=10032(com.google.android.googlequicksearchbox) NonUserFacing74 expire 2 lines
02-16 02:30:45.721  1610  1624 E memtrack: Couldn't load memtrack module
02-16 02:30:45.721  1610  1624 W android.os.Debug: failed to get memory consumption info: -1
02-16 02:30:48.341  2487 10338 I chatty  : uid=10032 com.google.android.googlequicksearchbox:search expire 6 lines
02-16 02:30:48.341  2487 12986 I chatty  : uid=10032 com.google.android.googlequicksearchbox:search expire 19 lines
02-16 02:30:48.346  1482 13326 I chatty  : uid=1041(audioserver) /system/bin/audioserver expire 1 line
02-16 02:30:48.349  1482  7969 I chatty  : uid=1041(audioserver) Binder:1482_7 expire 6 lines
02-16 02:30:53.391  1482 13329 I chatty  : uid=1041(audioserver) /system/bin/audioserver expire 1 line
02-16 02:30:53.400  2487  2487 I chatty  : uid=10032 com.google.android.googlequicksearchbox:search expire 14 lines
02-16 02:30:53.409  2487 10338 I chatty  : uid=10032 com.google.android.googlequicksearchbox:search expire 11 lines
02-16 02:30:53.410  2487  2609 I chatty  : uid=10032(com.google.android.googlequicksearchbox) HotwordDetector expire 4 lines
02-16 02:30:53.424  2487 10352 I chatty  : uid=10032(com.google.android.googlequicksearchbox) NonUserFacing72 expire 11 lines
02-16 02:30:58.433  1482 13332 I chatty  : uid=1041(audioserver) /system/bin/audioserver expire 1 line
02-16 02:30:58.434  1482  7970 I chatty  : uid=1041(audioserver) Binder:1482_8 expire 6 lines
02-16 02:30:58.474  2487 12078 I chatty  : uid=10032(com.google.android.googlequicksearchbox) NonUserFacing74 expire 6 lines
02-16 02:31:00.700  2031 13333 I NetRec  : [1722] yle.a: Refreshing scores for 1 networks.
02-16 02:31:00.709  2031 13333 W NetRec  : [1722] yle.a: Could not send request to get scores.
02-16 02:31:00.711  2031 13333 I NetRec  : [1722] NetRecChimeraGcmTaskService.a: Still entries pending update, scheduling new rapid_refresh_scores_task refresh.
02-16 02:31:03.489  1482 13336 I chatty  : uid=1041(audioserver) /system/bin/audioserver expire 1 line
02-16 02:31:03.492  2487 12986 I chatty  : uid=10032 com.google.android.googlequicksearchbox:search expire 12 lines
02-16 02:31:03.513  2487  2487 I chatty  : uid=10032 com.google.android.googlequicksearchbox:search expire 14 lines
02-16 02:31:08.532  1482 13339 I chatty  : uid=1041(audioserver) /system/bin/audioserver expire 1 line
02-16 02:31:08.535  1482  7970 I chatty  : uid=1041(audioserver) Binder:1482_8 expire 3 lines
02-16 02:31:13.584  1482 13342 I chatty  : uid=1041(audioserver) /system/bin/audioserver expire 1 line
02-16 02:31:13.587  1482  7969 I chatty  : uid=1041(audioserver) Binder:1482_7 expire 3 lines
02-16 02:31:13.588  2487 12986 I chatty  : uid=10032 com.google.android.googlequicksearchbox:search expire 11 lines
02-16 02:31:13.602  2487  2609 I chatty  : uid=10032(com.google.android.googlequicksearchbox) HotwordDetector expire 1 line
02-16 02:31:13.609  2487  2487 I chatty  : uid=10032 com.google.android.googlequicksearchbox:search expire 7 lines
02-16 02:31:13.610  2487 12078 I chatty  : uid=10032(com.google.android.googlequicksearchbox) NonUserFacing74 expire 1 line
02-16 02:31:18.619  2487 10338 I chatty  : uid=10032 com.google.android.googlequicksearchbox:search expire 6 lines
02-16 02:31:18.625  1482 13345 I chatty  : uid=1041(audioserver) /system/bin/audioserver expire 1 line
02-16 02:31:18.627  1482  1572 I chatty  : uid=1041(audioserver) Binder:1482_2 expire 3 lines
02-16 02:31:18.640  2487  2609 I chatty  : uid=10032(com.google.android.googlequicksearchbox) HotwordDetector expire 1 line
02-16 02:31:18.649  2487  2487 I chatty  : uid=10032 com.google.android.googlequicksearchbox:search expire 7 lines
02-16 02:31:18.650  2487 12078 I chatty  : uid=10032(com.google.android.googlequicksearchbox) NonUserFacing74 expire 1 line
02-16 02:31:23.662  2487 12986 I chatty  : uid=10032 com.google.android.googlequicksearchbox:search expire 6 lines
02-16 02:31:23.669  1482  7970 I chatty  : uid=1041(audioserver) Binder:1482_8 expire 3 lines
02-16 02:31:23.671  1482 13348 I chatty  : uid=1041(audioserver) /system/bin/audioserver expire 1 line
02-16 02:31:23.679  2487  2487 I chatty  : uid=10032 com.google.android.googlequicksearchbox:search expire 14 lines
02-16 02:31:23.686  2487 10338 I chatty  : uid=10032 com.google.android.googlequicksearchbox:search expire 4 lines
02-16 02:31:23.687  2487  2609 I chatty  : uid=10032(com.google.android.googlequicksearchbox) HotwordDetector expire 4 lines
02-16 02:31:23.693  2487 10352 I chatty  : uid=10032(com.google.android.googlequicksearchbox) NonUserFacing72 expire 7 lines
02-16 02:31:26.638 13349 13349 D AndroidRuntime: >>>>>> START com.android.internal.os.RuntimeInit uid 2000 <<<<<<
02-16 02:31:26.643 13349 13349 W app_process: Could not reserve sentinel fault page
02-16 02:31:26.698 13349 13349 W app_process: Unexpected CPU variant for X86 using defaults: x86
02-16 02:31:26.700 13349 13349 I app_process: The ClassLoaderContext is a special shared library.
02-16 02:31:26.724 13349 13349 D AndroidRuntime: Calling main entry com.android.commands.pm.Pm
02-16 02:31:26.733 13349 13349 I app_process: System.exit called, status: 0
02-16 02:31:26.733 13349 13349 I AndroidRuntime: VM exiting with result code 0.
02-16 02:31:26.902  1418  1418 E adbd    : failed to connect to socket 'localabstract:newton.com.comprasdaroca': Connection refused
02-16 02:31:27.275 13368 13368 D AndroidRuntime: >>>>>> START com.android.internal.os.RuntimeInit uid 2000 <<<<<<
02-16 02:31:27.278 13368 13368 W app_process: Could not reserve sentinel fault page
02-16 02:31:27.336 13368 13368 W app_process: Unexpected CPU variant for X86 using defaults: x86
02-16 02:31:27.338 13368 13368 I app_process: The ClassLoaderContext is a special shared library.
02-16 02:31:27.360 13368 13368 D AndroidRuntime: Calling main entry com.android.commands.pm.Pm
02-16 02:31:27.370 13368 13377 W MessageQueue: Handler (android.os.Handler) {d812d2e} sending message to a Handler on a dead thread
02-16 02:31:27.370 13368 13377 W MessageQueue: java.lang.IllegalStateException: Handler (android.os.Handler) {d812d2e} sending message to a Handler on a dead thread
02-16 02:31:27.370 13368 13377 W MessageQueue: 	at android.os.MessageQueue.enqueueMessage(MessageQueue.java:545)
02-16 02:31:27.370 13368 13377 W MessageQueue: 	at android.os.Handler.enqueueMessage(Handler.java:662)
02-16 02:31:27.370 13368 13377 W MessageQueue: 	at android.os.Handler.sendMessageAtTime(Handler.java:631)
02-16 02:31:27.370 13368 13377 W MessageQueue: 	at android.os.Handler.sendMessageDelayed(Handler.java:601)
02-16 02:31:27.370 13368 13377 W MessageQueue: 	at android.os.Handler.post(Handler.java:357)
02-16 02:31:27.370 13368 13377 W MessageQueue: 	at android.os.ResultReceiver$MyResultReceiver.send(ResultReceiver.java:57)
02-16 02:31:27.370 13368 13377 W MessageQueue: 	at com.android.internal.os.IResultReceiver$Stub.onTransact(IResultReceiver.java:58)
02-16 02:31:27.370 13368 13377 W MessageQueue: 	at android.os.Binder.execTransact(Binder.java:697)
02-16 02:31:27.370 13368 13368 I app_process: System.exit called, status: 0
02-16 02:31:27.370 13368 13368 I AndroidRuntime: VM exiting with result code 0.
02-16 02:31:28.710  2487 12078 I chatty  : uid=10032(com.google.android.googlequicksearchbox) NonUserFacing74 expire 5 lines
02-16 02:31:28.710  2487 12986 I chatty  : uid=10032 com.google.android.googlequicksearchbox:search expire 13 lines
02-16 02:31:28.721  1482 13382 I chatty  : uid=1041(audioserver) /system/bin/audioserver expire 1 line
02-16 02:31:28.725  1482  1572 I chatty  : uid=1041(audioserver) Binder:1482_2 expire 6 lines
02-16 02:31:28.728  1400  1416 D hwcomposer: hw_composer sent 78 syncs in 61s
02-16 02:31:28.759  2487 10338 I chatty  : uid=10032 com.google.android.googlequicksearchbox:search expire 6 lines
02-16 02:31:30.841  2031 13383 I NetRec  : [1723] yle.a: Refreshing scores for 1 networks.
02-16 02:31:30.849  2031 13383 W NetRec  : [1723] yle.a: Could not send request to get scores.
02-16 02:31:30.850  2031 13383 I NetRec  : [1723] NetRecChimeraGcmTaskService.a: Still entries pending update, scheduling new rapid_refresh_scores_task refresh.
02-16 02:31:33.778  1482 13386 I chatty  : uid=1041(audioserver) /system/bin/audioserver expire 1 line
02-16 02:31:33.794  2487  2487 I chatty  : uid=10032 com.google.android.googlequicksearchbox:search expire 8 lines
02-16 02:31:36.454  1407  1407 I boot-pipe: done populating /dev/random
02-16 02:31:38.814  1482 13389 I chatty  : uid=1041(audioserver) /system/bin/audioserver expire 1 line
02-16 02:31:38.814  1482  1572 I chatty  : uid=1041(audioserver) Binder:1482_2 expire 6 lines
02-16 02:31:38.814  2487 12986 I chatty  : uid=10032 com.google.android.googlequicksearchbox:search expire 11 lines
02-16 02:31:38.837  2487  2487 I chatty  : uid=10032 com.google.android.googlequicksearchbox:search expire 7 lines
02-16 02:31:38.837  2487 10338 I chatty  : uid=10032 com.google.android.googlequicksearchbox:search expire 1 line
02-16 02:31:43.847  2487 12078 I chatty  : uid=10032(com.google.android.googlequicksearchbox) NonUserFacing74 expire 3 lines
02-16 02:31:43.852  1482 13393 I chatty  : uid=1041(audioserver) /system/bin/audioserver expire 1 line
02-16 02:31:43.872  2487  2609 I chatty  : uid=10032(com.google.android.googlequicksearchbox) HotwordDetector expire 1 line
02-16 02:31:43.873  2487 12078 I chatty  : uid=10032(com.google.android.googlequicksearchbox) NonUserFacing74 expire 3 lines
02-16 02:31:43.878  2487  2487 I chatty  : uid=10032 com.google.android.googlequicksearchbox:search expire 7 lines
02-16 02:31:43.878  2487 10338 I chatty  : uid=10032 com.google.android.googlequicksearchbox:search expire 1 line
02-16 02:31:48.891  2487 12986 I chatty  : uid=10032 com.google.android.googlequicksearchbox:search expire 6 lines
02-16 02:31:48.926  1482 13401 I chatty  : uid=1041(audioserver) /system/bin/audioserver expire 1 line
02-16 02:31:48.932  1482  1572 I chatty  : uid=1041(audioserver) Binder:1482_2 expire 3 lines
02-16 02:31:48.964  2487 12078 I chatty  : uid=10032(com.google.android.googlequicksearchbox) NonUserFacing74 expire 4 lines
02-16 02:31:48.966  2487  2609 I chatty  : uid=10032(com.google.android.googlequicksearchbox) HotwordDetector expire 6 lines
02-16 02:31:48.979  2487 10338 I chatty  : uid=10032 com.google.android.googlequicksearchbox:search expire 6 lines
02-16 02:31:48.979  2487  2487 I chatty  : uid=10032 com.google.android.googlequicksearchbox:search expire 20 lines
02-16 02:31:49.472 13398 13398 D AndroidRuntime: >>>>>> START com.android.internal.os.RuntimeInit uid 2000 <<<<<<
02-16 02:31:49.479 13398 13398 W app_process: Could not reserve sentinel fault page
02-16 02:31:49.585 13398 13398 W app_process: Unexpected CPU variant for X86 using defaults: x86
02-16 02:31:49.594 13398 13398 I app_process: The ClassLoaderContext is a special shared library.
02-16 02:31:49.635 13398 13398 D AndroidRuntime: Calling main entry com.android.commands.wm.Wm
02-16 02:31:43.855  2487 12986 I chatty  : uid=10032 com.google.android.googlequicksearchbox:search identical 104 lines
02-16 02:31:48.944  2487 12986 E ActivityThread: Failed to find provider info for com.google.android.apps.gsa.testing.ui.audio.recorded
02-16 02:31:49.639  1610  2190 W WindowManager: Permission Denial: dismissKeyguard from pid=13398, uid=2000 requires android.permission.CONTROL_KEYGUARD
02-16 02:31:49.640 13398 13398 D AndroidRuntime: Shutting down VM
02-16 02:31:49.795  1610  1656 D PackageInstaller: Inherited files: [/data/app/newton.com.comprasdaroca-Nl6chrHe62jPZH1ek1enkw==/split_lib_dependencies_apk.apk, /data/app/newton.com.comprasdaroca-Nl6chrHe62jPZH1ek1enkw==/split_lib_slice_0_apk.apk, /data/app/newton.com.comprasdaroca-Nl6chrHe62jPZH1ek1enkw==/split_lib_slice_2_apk.apk, /data/app/newton.com.comprasdaroca-Nl6chrHe62jPZH1ek1enkw==/split_lib_slice_3_apk.apk, /data/app/newton.com.comprasdaroca-Nl6chrHe62jPZH1ek1enkw==/split_lib_slice_4_apk.apk, /data/app/newton.com.comprasdaroca-Nl6chrHe62jPZH1ek1enkw==/split_lib_slice_6_apk.apk, /data/app/newton.com.comprasdaroca-Nl6chrHe62jPZH1ek1enkw==/split_lib_slice_7_apk.apk, /data/app/newton.com.comprasdaroca-Nl6chrHe62jPZH1ek1enkw==/split_lib_slice_9_apk.apk, /data/app/newton.com.comprasdaroca-Nl6chrHe62jPZH1ek1enkw==/oat/x86/base.odex, /data/app/newton.com.comprasdaroca-Nl6chrHe62jPZH1ek1enkw==/oat/x86/base.vdex]
02-16 02:31:49.800  1610  1656 D PackageInstaller: Linked 10 files into /data/app/vmdl539634493.tmp
